Archive member included to satisfy reference by file (symbol)

c:/program files (x86)/gnu arm embedded toolchain/10 2021.10/bin/../lib/gcc/arm-none-eabi/10.3.1/thumb/v6-m/nofp\libgcc.a(_dvmd_tls.o)
                              CMakeFiles/RP2040_INFO.dir/G_/Raspberry_Pi/Pico_SDK_v1.5.1/pico-sdk/src/rp2_common/pico_divider/divider.S.obj (__aeabi_idiv0)
c:/program files (x86)/gnu arm embedded toolchain/10 2021.10/bin/../lib/gcc/arm-none-eabi/10.3.1/../../../../arm-none-eabi/lib/thumb/v6-m/nofp\libg.a(lib_a-calloc.o)
                              CMakeFiles/RP2040_INFO.dir/G_/Raspberry_Pi/Pico_SDK_v1.5.1/pico-sdk/src/rp2_common/pico_malloc/pico_malloc.c.obj (calloc)
c:/program files (x86)/gnu arm embedded toolchain/10 2021.10/bin/../lib/gcc/arm-none-eabi/10.3.1/../../../../arm-none-eabi/lib/thumb/v6-m/nofp\libg.a(lib_a-callocr.o)
                              c:/program files (x86)/gnu arm embedded toolchain/10 2021.10/bin/../lib/gcc/arm-none-eabi/10.3.1/../../../../arm-none-eabi/lib/thumb/v6-m/nofp\libg.a(lib_a-calloc.o) (_calloc_r)
c:/program files (x86)/gnu arm embedded toolchain/10 2021.10/bin/../lib/gcc/arm-none-eabi/10.3.1/../../../../arm-none-eabi/lib/thumb/v6-m/nofp\libg.a(lib_a-errno.o)
                              c:/program files (x86)/gnu arm embedded toolchain/10 2021.10/bin/../lib/gcc/arm-none-eabi/10.3.1/../../../../arm-none-eabi/lib/thumb/v6-m/nofp\libg.a(lib_a-callocr.o) (__errno)
c:/program files (x86)/gnu arm embedded toolchain/10 2021.10/bin/../lib/gcc/arm-none-eabi/10.3.1/../../../../arm-none-eabi/lib/thumb/v6-m/nofp\libg.a(lib_a-impure.o)
                              c:/program files (x86)/gnu arm embedded toolchain/10 2021.10/bin/../lib/gcc/arm-none-eabi/10.3.1/../../../../arm-none-eabi/lib/thumb/v6-m/nofp\libg.a(lib_a-calloc.o) (_impure_ptr)
c:/program files (x86)/gnu arm embedded toolchain/10 2021.10/bin/../lib/gcc/arm-none-eabi/10.3.1/../../../../arm-none-eabi/lib/thumb/v6-m/nofp\libg.a(lib_a-init.o)
                              c:/program files (x86)/gnu arm embedded toolchain/10 2021.10/bin/../lib/gcc/arm-none-eabi/10.3.1/../../../../arm-none-eabi/lib/thumb/v6-m/nofp/crt0.o (__libc_init_array)
c:/program files (x86)/gnu arm embedded toolchain/10 2021.10/bin/../lib/gcc/arm-none-eabi/10.3.1/../../../../arm-none-eabi/lib/thumb/v6-m/nofp\libg.a(lib_a-malloc.o)
                              CMakeFiles/RP2040_INFO.dir/G_/Raspberry_Pi/Pico_SDK_v1.5.1/pico-sdk/src/rp2_common/pico_malloc/pico_malloc.c.obj (malloc)
c:/program files (x86)/gnu arm embedded toolchain/10 2021.10/bin/../lib/gcc/arm-none-eabi/10.3.1/../../../../arm-none-eabi/lib/thumb/v6-m/nofp\libg.a(lib_a-mallocr.o)
                              c:/program files (x86)/gnu arm embedded toolchain/10 2021.10/bin/../lib/gcc/arm-none-eabi/10.3.1/../../../../arm-none-eabi/lib/thumb/v6-m/nofp\libg.a(lib_a-callocr.o) (_malloc_r)
c:/program files (x86)/gnu arm embedded toolchain/10 2021.10/bin/../lib/gcc/arm-none-eabi/10.3.1/../../../../arm-none-eabi/lib/thumb/v6-m/nofp\libg.a(lib_a-mlock.o)
                              c:/program files (x86)/gnu arm embedded toolchain/10 2021.10/bin/../lib/gcc/arm-none-eabi/10.3.1/../../../../arm-none-eabi/lib/thumb/v6-m/nofp\libg.a(lib_a-mallocr.o) (__malloc_lock)
c:/program files (x86)/gnu arm embedded toolchain/10 2021.10/bin/../lib/gcc/arm-none-eabi/10.3.1/../../../../arm-none-eabi/lib/thumb/v6-m/nofp\libg.a(lib_a-realloc.o)
                              CMakeFiles/RP2040_INFO.dir/G_/Raspberry_Pi/Pico_SDK_v1.5.1/pico-sdk/src/rp2_common/pico_malloc/pico_malloc.c.obj (realloc)
c:/program files (x86)/gnu arm embedded toolchain/10 2021.10/bin/../lib/gcc/arm-none-eabi/10.3.1/../../../../arm-none-eabi/lib/thumb/v6-m/nofp\libg.a(lib_a-reallocr.o)
                              c:/program files (x86)/gnu arm embedded toolchain/10 2021.10/bin/../lib/gcc/arm-none-eabi/10.3.1/../../../../arm-none-eabi/lib/thumb/v6-m/nofp\libg.a(lib_a-realloc.o) (_realloc_r)
c:/program files (x86)/gnu arm embedded toolchain/10 2021.10/bin/../lib/gcc/arm-none-eabi/10.3.1/../../../../arm-none-eabi/lib/thumb/v6-m/nofp\libg.a(lib_a-sbrkr.o)
                              c:/program files (x86)/gnu arm embedded toolchain/10 2021.10/bin/../lib/gcc/arm-none-eabi/10.3.1/../../../../arm-none-eabi/lib/thumb/v6-m/nofp\libg.a(lib_a-mallocr.o) (_sbrk_r)
c:/program files (x86)/gnu arm embedded toolchain/10 2021.10/bin/../lib/gcc/arm-none-eabi/10.3.1/../../../../arm-none-eabi/lib/thumb/v6-m/nofp\libg.a(lib_a-strlen-stub.o)
                              CMakeFiles/RP2040_INFO.dir/G_/Raspberry_Pi/Pico_SDK_v1.5.1/pico-sdk/src/rp2_common/pico_stdio/stdio.c.obj (strlen)
c:/program files (x86)/gnu arm embedded toolchain/10 2021.10/bin/../lib/gcc/arm-none-eabi/10.3.1/../../../../arm-none-eabi/lib/thumb/v6-m/nofp\libg.a(lib_a-freer.o)
                              c:/program files (x86)/gnu arm embedded toolchain/10 2021.10/bin/../lib/gcc/arm-none-eabi/10.3.1/../../../../arm-none-eabi/lib/thumb/v6-m/nofp\libg.a(lib_a-malloc.o) (_free_r)
[...]
Memory Configuration

Name             Origin             Length             Attributes
FLASH            0x10000000         0x00200000         xr
RAM              0x20000000         0x00040000         xrw
SCRATCH_X        0x20040000         0x00001000         xrw
SCRATCH_Y        0x20041000         0x00001000         xrw
*default*        0x00000000         0xffffffff

Linker script and memory map

LOAD c:/program files (x86)/gnu arm embedded toolchain/10 2021.10/bin/../lib/gcc/arm-none-eabi/10.3.1/thumb/v6-m/nofp/crti.o
LOAD c:/program files (x86)/gnu arm embedded toolchain/10 2021.10/bin/../lib/gcc/arm-none-eabi/10.3.1/thumb/v6-m/nofp/crtbegin.o
LOAD c:/program files (x86)/gnu arm embedded toolchain/10 2021.10/bin/../lib/gcc/arm-none-eabi/10.3.1/../../../../arm-none-eabi/lib/thumb/v6-m/nofp/crt0.o

.flash_begin    0x10000000        0x0
                0x10000000                __flash_binary_start = .

.boot2          0x10000000      0x100
                0x10000000                __boot2_start__ = .
 *(.boot2)
 .boot2         0x10000000      0x100 C:\Users\ADMINI~1\AppData\Local\Temp\ccgNyM2C.o
                0x10000100                __boot2_end__ = .
                0x00000001                ASSERT (((__boot2_end__ - __boot2_start__) == 0x100), ERROR: Pico second stage bootloader must be 256 bytes in size)

.text           0x10000100     0x4678
                0x10000100                __logical_binary_start = .
 *(.vectors)
 .vectors       0x10000100       0xd4 CMakeFiles/RP2040_INFO.dir/G_/Raspberry_Pi/Pico_SDK_v1.5.1/pico-sdk/src/rp2_common/pico_standard_link/crt0.S.obj
                0x10000100                __VECTOR_TABLE
                0x10000100                __vectors
                0x100001c0                isr_invalid
                0x100001c0                __default_isrs_start
                0x100001c2                isr_nmi
                0x100001c4                isr_hardfault
                0x100001c6                isr_svcall
                0x100001c8                isr_pendsv
                0x100001ca                isr_systick
                0x100001cc                isr_irq23
                0x100001cc                isr_irq18
                0x100001cc                isr_irq11
                0x100001cc                isr_irq28
                0x100001cc                isr_irq19
                0x100001cc                isr_irq0
                0x100001cc                isr_irq6
                0x100001cc                isr_irq5
                0x100001cc                isr_irq12
                0x100001cc                isr_irq22
                0x100001cc                isr_irq31
                0x100001cc                isr_irq17
                0x100001cc                isr_irq27
                0x100001cc                isr_irq30
                0x100001cc                isr_irq2
                0x100001cc                isr_irq10
                0x100001cc                isr_irq8
                0x100001cc                isr_irq24
                0x100001cc                isr_irq1
                0x100001cc                isr_irq7
                0x100001cc                isr_irq21
                0x100001cc                isr_irq20
                0x100001cc                isr_irq15
                0x100001cc                isr_irq25
                0x100001cc                isr_irq13
                0x100001cc                __unhandled_user_irq
                0x100001cc                isr_irq4
                0x100001cc                isr_irq16
                0x100001cc                isr_irq29
                0x100001cc                isr_irq26
                0x100001cc                __default_isrs_end
                0x100001cc                isr_irq3
                0x100001cc                isr_irq14
                0x100001cc                isr_irq9
                0x100001d2                unhandled_user_irq_num_in_r0
 *(.binary_info_header)
 .binary_info_header
                0x100001d4       0x14 CMakeFiles/RP2040_INFO.dir/G_/Raspberry_Pi/Pico_SDK_v1.5.1/pico-sdk/src/rp2_common/pico_standard_link/crt0.S.obj
                0x100001e8                __binary_info_header_end = .
 *(.reset)
 .reset         0x100001e8       0xa0 CMakeFiles/RP2040_INFO.dir/G_/Raspberry_Pi/Pico_SDK_v1.5.1/pico-sdk/src/rp2_common/pico_standard_link/crt0.S.obj
                0x100001e8                _entry_point
 .reset         0x10000288       0x30 CMakeFiles/RP2040_INFO.dir/G_/Raspberry_Pi/Pico_SDK_v1.5.1/pico-sdk/src/rp2_common/pico_standard_link/binary_info.c.obj
 *(.init)
 .init          0x100002b8        0x4 c:/program files (x86)/gnu arm embedded toolchain/10 2021.10/bin/../lib/gcc/arm-none-eabi/10.3.1/thumb/v6-m/nofp/crti.o
                0x100002b8                _init
 *(EXCLUDE_FILE(*libm.a: *libc.a:*lib_a-mem*.o *libgcc.a:) .text*)
 .text          0x100002bc       0x48 c:/program files (x86)/gnu arm embedded toolchain/10 2021.10/bin/../lib/gcc/arm-none-eabi/10.3.1/thumb/v6-m/nofp/crtbegin.o
 .text.INFO_Func
                0x10000304       0x6c CMakeFiles/RP2040_INFO.dir/RP2040_INFO.c.obj
                0x10000304                INFO_Func
 .text.main     0x10000370       0x44 CMakeFiles/RP2040_INFO.dir/RP2040_INFO.c.obj
                0x10000370                main
 .text.gpio_set_function
                0x100003b4       0x30 CMakeFiles/RP2040_INFO.dir/G_/Raspberry_Pi/Pico_SDK_v1.5.1/pico-sdk/src/rp2_common/hardware_gpio/gpio.c.obj
                0x100003b4                gpio_set_function
 .text.gpio_init
                0x100003e4       0x16 CMakeFiles/RP2040_INFO.dir/G_/Raspberry_Pi/Pico_SDK_v1.5.1/pico-sdk/src/rp2_common/hardware_gpio/gpio.c.obj
                0x100003e4                gpio_init
 *fill*         0x100003fa        0x2 
 .text.running_on_fpga
                0x100003fc       0x14 CMakeFiles/RP2040_INFO.dir/G_/Raspberry_Pi/Pico_SDK_v1.5.1/pico-sdk/src/rp2_common/pico_platform/platform.c.obj
                0x100003fc                running_on_fpga
 .text.hw_claim_lock
                0x10000410       0x18 CMakeFiles/RP2040_INFO.dir/G_/Raspberry_Pi/Pico_SDK_v1.5.1/pico-sdk/src/rp2_common/hardware_claim/claim.c.obj
                0x10000410                hw_claim_lock
 .text.hw_claim_unlock
                0x10000428       0x14 CMakeFiles/RP2040_INFO.dir/G_/Raspberry_Pi/Pico_SDK_v1.5.1/pico-sdk/src/rp2_common/hardware_claim/claim.c.obj
                0x10000428                hw_claim_unlock
 .text.hw_claim_or_assert
                0x1000043c       0x32 CMakeFiles/RP2040_INFO.dir/G_/Raspberry_Pi/Pico_SDK_v1.5.1/pico-sdk/src/rp2_common/hardware_claim/claim.c.obj
                0x1000043c                hw_claim_or_assert
 *fill*         0x1000046e        0x2 
 .text.spin_locks_reset
                0x10000470       0x20 CMakeFiles/RP2040_INFO.dir/G_/Raspberry_Pi/Pico_SDK_v1.5.1/pico-sdk/src/rp2_common/hardware_sync/sync.c.obj
                0x10000470                spin_locks_reset
 .text.next_striped_spin_lock_num
                0x10000490       0x1c CMakeFiles/RP2040_INFO.dir/G_/Raspberry_Pi/Pico_SDK_v1.5.1/pico-sdk/src/rp2_common/hardware_sync/sync.c.obj
                0x10000490                next_striped_spin_lock_num
 .text.set_raw_irq_handler_and_unlock
                0x100004ac       0x28 CMakeFiles/RP2040_INFO.dir/G_/Raspberry_Pi/Pico_SDK_v1.5.1/pico-sdk/src/rp2_common/hardware_irq/irq.c.obj
 .text.make_branch
                0x100004d4       0x48 CMakeFiles/RP2040_INFO.dir/G_/Raspberry_Pi/Pico_SDK_v1.5.1/pico-sdk/src/rp2_common/hardware_irq/irq.c.obj
 .text.insert_branch_and_link
                0x1000051c       0x40 CMakeFiles/RP2040_INFO.dir/G_/Raspberry_Pi/Pico_SDK_v1.5.1/pico-sdk/src/rp2_common/hardware_irq/irq.c.obj
 .text.irq_is_enabled
                0x1000055c       0x18 CMakeFiles/RP2040_INFO.dir/G_/Raspberry_Pi/Pico_SDK_v1.5.1/pico-sdk/src/rp2_common/hardware_irq/irq.c.obj
                0x1000055c                irq_is_enabled
 .text.irq_set_mask_enabled
                0x10000574       0x20 CMakeFiles/RP2040_INFO.dir/G_/Raspberry_Pi/Pico_SDK_v1.5.1/pico-sdk/src/rp2_common/hardware_irq/irq.c.obj
                0x10000574                irq_set_mask_enabled
 .text.irq_set_enabled
                0x10000594        0xe CMakeFiles/RP2040_INFO.dir/G_/Raspberry_Pi/Pico_SDK_v1.5.1/pico-sdk/src/rp2_common/hardware_irq/irq.c.obj
                0x10000594                irq_set_enabled
 *fill*         0x100005a2        0x2 
 .text.irq_get_vtable_handler
                0x100005a4       0x10 CMakeFiles/RP2040_INFO.dir/G_/Raspberry_Pi/Pico_SDK_v1.5.1/pico-sdk/src/rp2_common/hardware_irq/irq.c.obj
                0x100005a4                irq_get_vtable_handler
 .text.irq_set_exclusive_handler
                0x100005b4       0x54 CMakeFiles/RP2040_INFO.dir/G_/Raspberry_Pi/Pico_SDK_v1.5.1/pico-sdk/src/rp2_common/hardware_irq/irq.c.obj
                0x100005b4                irq_set_exclusive_handler
 .text.irq_remove_handler
                0x10000608      0x1ac CMakeFiles/RP2040_INFO.dir/G_/Raspberry_Pi/Pico_SDK_v1.5.1/pico-sdk/src/rp2_common/hardware_irq/irq.c.obj
                0x10000608                irq_remove_handler
 .text.irq_add_tail_to_free_list
                0x100007b4       0xf0 CMakeFiles/RP2040_INFO.dir/G_/Raspberry_Pi/Pico_SDK_v1.5.1/pico-sdk/src/rp2_common/hardware_irq/irq.c.obj
                0x100007b4                irq_add_tail_to_free_list
 .text.irq_init_priorities
                0x100008a4       0x1c CMakeFiles/RP2040_INFO.dir/G_/Raspberry_Pi/Pico_SDK_v1.5.1/pico-sdk/src/rp2_common/hardware_irq/irq.c.obj
                0x100008a4                irq_init_priorities
 .text.lock_init
                0x100008c0       0x10 CMakeFiles/RP2040_INFO.dir/G_/Raspberry_Pi/Pico_SDK_v1.5.1/pico-sdk/src/common/pico_sync/lock_core.c.obj
                0x100008c0                lock_init
 .text.mutex_init
                0x100008d0       0x1a CMakeFiles/RP2040_INFO.dir/G_/Raspberry_Pi/Pico_SDK_v1.5.1/pico-sdk/src/common/pico_sync/mutex.c.obj
                0x100008d0                mutex_init
 .text.recursive_mutex_init
                0x100008ea       0x1e CMakeFiles/RP2040_INFO.dir/G_/Raspberry_Pi/Pico_SDK_v1.5.1/pico-sdk/src/common/pico_sync/mutex.c.obj
                0x100008ea                recursive_mutex_init
 .text.alarm_pool_post_alloc_init
                0x10000908       0x40 CMakeFiles/RP2040_INFO.dir/G_/Raspberry_Pi/Pico_SDK_v1.5.1/pico-sdk/src/common/pico_time/time.c.obj
 .text.sleep_until_callback
                0x10000948       0x30 CMakeFiles/RP2040_INFO.dir/G_/Raspberry_Pi/Pico_SDK_v1.5.1/pico-sdk/src/common/pico_time/time.c.obj
 .text.timer_pool_entry_comparator
                0x10000978       0x7c CMakeFiles/RP2040_INFO.dir/G_/Raspberry_Pi/Pico_SDK_v1.5.1/pico-sdk/src/common/pico_time/time.c.obj
                0x10000978                timer_pool_entry_comparator
 .text.ph_add_child_node
                0x100009f4       0xa4 CMakeFiles/RP2040_INFO.dir/G_/Raspberry_Pi/Pico_SDK_v1.5.1/pico-sdk/src/common/pico_time/time.c.obj
 .text.ph_merge_nodes
                0x10000a98       0x3e CMakeFiles/RP2040_INFO.dir/G_/Raspberry_Pi/Pico_SDK_v1.5.1/pico-sdk/src/common/pico_time/time.c.obj
 *fill*         0x10000ad6        0x2 
 .text.add_alarm_under_lock
                0x10000ad8      0x174 CMakeFiles/RP2040_INFO.dir/G_/Raspberry_Pi/Pico_SDK_v1.5.1/pico-sdk/src/common/pico_time/time.c.obj
 .text.alarm_pool_alarm_callback
                0x10000c4c      0x33c CMakeFiles/RP2040_INFO.dir/G_/Raspberry_Pi/Pico_SDK_v1.5.1/pico-sdk/src/common/pico_time/time.c.obj
 .text.alarm_pool_init_default
                0x10000f88       0x40 CMakeFiles/RP2040_INFO.dir/G_/Raspberry_Pi/Pico_SDK_v1.5.1/pico-sdk/src/common/pico_time/time.c.obj
                0x10000f88                alarm_pool_init_default
 .text.alarm_pool_get_default
                0x10000fc8       0x2c CMakeFiles/RP2040_INFO.dir/G_/Raspberry_Pi/Pico_SDK_v1.5.1/pico-sdk/src/common/pico_time/time.c.obj
                0x10000fc8                alarm_pool_get_default
 .text.alarm_pool_add_alarm_at
                0x10000ff4      0x168 CMakeFiles/RP2040_INFO.dir/G_/Raspberry_Pi/Pico_SDK_v1.5.1/pico-sdk/src/common/pico_time/time.c.obj
                0x10000ff4                alarm_pool_add_alarm_at
 .text.alarm_pool_cancel_alarm
                0x1000115c       0xf8 CMakeFiles/RP2040_INFO.dir/G_/Raspberry_Pi/Pico_SDK_v1.5.1/pico-sdk/src/common/pico_time/time.c.obj
                0x1000115c                alarm_pool_cancel_alarm
 .text.sleep_until
                0x10001254       0xfc CMakeFiles/RP2040_INFO.dir/G_/Raspberry_Pi/Pico_SDK_v1.5.1/pico-sdk/src/common/pico_time/time.c.obj
                0x10001254                sleep_until
 .text.sleep_us
                0x10001350       0x58 CMakeFiles/RP2040_INFO.dir/G_/Raspberry_Pi/Pico_SDK_v1.5.1/pico-sdk/src/common/pico_time/time.c.obj
                0x10001350                sleep_us
 .text.sleep_ms
                0x100013a8       0x14 CMakeFiles/RP2040_INFO.dir/G_/Raspberry_Pi/Pico_SDK_v1.5.1/pico-sdk/src/common/pico_time/time.c.obj
                0x100013a8                sleep_ms
 .text.best_effort_wfe_or_timeout
                0x100013bc       0xac CMakeFiles/RP2040_INFO.dir/G_/Raspberry_Pi/Pico_SDK_v1.5.1/pico-sdk/src/common/pico_time/time.c.obj
                0x100013bc                best_effort_wfe_or_timeout
 .text.hardware_alarm_irq_handler
                0x10001468       0x90 CMakeFiles/RP2040_INFO.dir/G_/Raspberry_Pi/Pico_SDK_v1.5.1/pico-sdk/src/rp2_common/hardware_timer/timer.c.obj
 .text.hardware_alarm_claim
                0x100014f8       0x18 CMakeFiles/RP2040_INFO.dir/G_/Raspberry_Pi/Pico_SDK_v1.5.1/pico-sdk/src/rp2_common/hardware_timer/timer.c.obj
                0x100014f8                hardware_alarm_claim
 .text.time_us_64
                0x10001510       0x18 CMakeFiles/RP2040_INFO.dir/G_/Raspberry_Pi/Pico_SDK_v1.5.1/pico-sdk/src/rp2_common/hardware_timer/timer.c.obj
                0x10001510                time_us_64
 .text.busy_wait_until
                0x10001528       0x28 CMakeFiles/RP2040_INFO.dir/G_/Raspberry_Pi/Pico_SDK_v1.5.1/pico-sdk/src/rp2_common/hardware_timer/timer.c.obj
                0x10001528                busy_wait_until
 .text.busy_wait_us
                0x10001550       0x48 CMakeFiles/RP2040_INFO.dir/G_/Raspberry_Pi/Pico_SDK_v1.5.1/pico-sdk/src/rp2_common/hardware_timer/timer.c.obj
                0x10001550                busy_wait_us
 .text.hardware_alarm_set_callback
                0x10001598       0x90 CMakeFiles/RP2040_INFO.dir/G_/Raspberry_Pi/Pico_SDK_v1.5.1/pico-sdk/src/rp2_common/hardware_timer/timer.c.obj
                0x10001598                hardware_alarm_set_callback
 .text.hardware_alarm_set_target
                0x10001628       0xe8 CMakeFiles/RP2040_INFO.dir/G_/Raspberry_Pi/Pico_SDK_v1.5.1/pico-sdk/src/rp2_common/hardware_timer/timer.c.obj
                0x10001628                hardware_alarm_set_target
 .text.hardware_alarm_cancel
                0x10001710       0x40 CMakeFiles/RP2040_INFO.dir/G_/Raspberry_Pi/Pico_SDK_v1.5.1/pico-sdk/src/rp2_common/hardware_timer/timer.c.obj
                0x10001710                hardware_alarm_cancel
 .text.ph_add_child_node
                0x10001750       0xa4 CMakeFiles/RP2040_INFO.dir/G_/Raspberry_Pi/Pico_SDK_v1.5.1/pico-sdk/src/common/pico_util/pheap.c.obj
 .text.ph_merge_nodes
                0x100017f4       0x3e CMakeFiles/RP2040_INFO.dir/G_/Raspberry_Pi/Pico_SDK_v1.5.1/pico-sdk/src/common/pico_util/pheap.c.obj
 *fill*         0x10001832        0x2 
 .text.ph_clear
                0x10001834       0x70 CMakeFiles/RP2040_INFO.dir/G_/Raspberry_Pi/Pico_SDK_v1.5.1/pico-sdk/src/common/pico_util/pheap.c.obj
                0x10001834                ph_clear
 .text.ph_post_alloc_init
                0x100018a4        0xe CMakeFiles/RP2040_INFO.dir/G_/Raspberry_Pi/Pico_SDK_v1.5.1/pico-sdk/src/common/pico_util/pheap.c.obj
                0x100018a4                ph_post_alloc_init
 *fill*         0x100018b2        0x2 
 .text.ph_merge_two_pass
                0x100018b4       0xa8 CMakeFiles/RP2040_INFO.dir/G_/Raspberry_Pi/Pico_SDK_v1.5.1/pico-sdk/src/common/pico_util/pheap.c.obj
                0x100018b4                ph_merge_two_pass
 .text.ph_remove_any_head
                0x1000195c      0x128 CMakeFiles/RP2040_INFO.dir/G_/Raspberry_Pi/Pico_SDK_v1.5.1/pico-sdk/src/common/pico_util/pheap.c.obj
 .text.ph_remove_head
                0x10001a84       0x14 CMakeFiles/RP2040_INFO.dir/G_/Raspberry_Pi/Pico_SDK_v1.5.1/pico-sdk/src/common/pico_util/pheap.c.obj
                0x10001a84                ph_remove_head
 .text.ph_remove_and_free_node
                0x10001a98       0xf8 CMakeFiles/RP2040_INFO.dir/G_/Raspberry_Pi/Pico_SDK_v1.5.1/pico-sdk/src/common/pico_util/pheap.c.obj
                0x10001a98                ph_remove_and_free_node
 .text.uart_disable_before_lcr_write
                0x10001b90       0x48 CMakeFiles/RP2040_INFO.dir/G_/Raspberry_Pi/Pico_SDK_v1.5.1/pico-sdk/src/rp2_common/hardware_uart/uart.c.obj
 .text.uart_write_lcr_bits_masked
                0x10001bd8       0x22 CMakeFiles/RP2040_INFO.dir/G_/Raspberry_Pi/Pico_SDK_v1.5.1/pico-sdk/src/rp2_common/hardware_uart/uart.c.obj
 *fill*         0x10001bfa        0x2 
 .text.uart_set_baudrate
                0x10001bfc       0x5c CMakeFiles/RP2040_INFO.dir/G_/Raspberry_Pi/Pico_SDK_v1.5.1/pico-sdk/src/rp2_common/hardware_uart/uart.c.obj
                0x10001bfc                uart_set_baudrate
 .text.uart_set_format
                0x10001c58       0x2c CMakeFiles/RP2040_INFO.dir/G_/Raspberry_Pi/Pico_SDK_v1.5.1/pico-sdk/src/rp2_common/hardware_uart/uart.c.obj
                0x10001c58                uart_set_format
 .text.uart_set_translate_crlf
                0x10001c84       0x28 CMakeFiles/RP2040_INFO.dir/G_/Raspberry_Pi/Pico_SDK_v1.5.1/pico-sdk/src/rp2_common/hardware_uart/uart.c.obj
                0x10001c84                uart_set_translate_crlf
 .text.uart_init
                0x10001cac       0x80 CMakeFiles/RP2040_INFO.dir/G_/Raspberry_Pi/Pico_SDK_v1.5.1/pico-sdk/src/rp2_common/hardware_uart/uart.c.obj
                0x10001cac                uart_init
 .text.clock_configure
                0x10001d2c      0x108 CMakeFiles/RP2040_INFO.dir/G_/Raspberry_Pi/Pico_SDK_v1.5.1/pico-sdk/src/rp2_common/hardware_clocks/clocks.c.obj
                0x10001d2c                clock_configure
 .text.clocks_init
                0x10001e34      0x100 CMakeFiles/RP2040_INFO.dir/G_/Raspberry_Pi/Pico_SDK_v1.5.1/pico-sdk/src/rp2_common/hardware_clocks/clocks.c.obj
                0x10001e34                clocks_init
 .text.clock_get_hz
                0x10001f34        0xc CMakeFiles/RP2040_INFO.dir/G_/Raspberry_Pi/Pico_SDK_v1.5.1/pico-sdk/src/rp2_common/hardware_clocks/clocks.c.obj
                0x10001f34                clock_get_hz
 .text.pll_init
                0x10001f40      0x120 CMakeFiles/RP2040_INFO.dir/G_/Raspberry_Pi/Pico_SDK_v1.5.1/pico-sdk/src/rp2_common/hardware_pll/pll.c.obj
                0x10001f40                pll_init
 .text.watchdog_start_tick
                0x10002060       0x10 CMakeFiles/RP2040_INFO.dir/G_/Raspberry_Pi/Pico_SDK_v1.5.1/pico-sdk/src/rp2_common/hardware_watchdog/watchdog.c.obj
                0x10002060                watchdog_start_tick
 .text.xosc_init
                0x10002070       0x28 CMakeFiles/RP2040_INFO.dir/G_/Raspberry_Pi/Pico_SDK_v1.5.1/pico-sdk/src/rp2_common/hardware_xosc/xosc.c.obj
                0x10002070                xosc_init
 .text._exit    0x10002098        0x4 CMakeFiles/RP2040_INFO.dir/G_/Raspberry_Pi/Pico_SDK_v1.5.1/pico-sdk/src/rp2_common/pico_runtime/runtime.c.obj
                0x10002098                _exit
 .text.exit     0x1000209c        0x6 CMakeFiles/RP2040_INFO.dir/G_/Raspberry_Pi/Pico_SDK_v1.5.1/pico-sdk/src/rp2_common/pico_runtime/runtime.c.obj
                0x1000209c                exit
 *fill*         0x100020a2        0x2 
 .text.__assert_func
                0x100020a4       0x3c CMakeFiles/RP2040_INFO.dir/G_/Raspberry_Pi/Pico_SDK_v1.5.1/pico-sdk/src/rp2_common/pico_runtime/runtime.c.obj
                0x100020a4                __assert_func
 .text.runtime_init
                0x100020e0       0xf8 CMakeFiles/RP2040_INFO.dir/G_/Raspberry_Pi/Pico_SDK_v1.5.1/pico-sdk/src/rp2_common/pico_runtime/runtime.c.obj
                0x100020e0                runtime_init
 .text.panic    0x100021d8       0x30 CMakeFiles/RP2040_INFO.dir/G_/Raspberry_Pi/Pico_SDK_v1.5.1/pico-sdk/src/rp2_common/pico_runtime/runtime.c.obj
                0x100021d8                panic
 .text._out_null
                0x10002208        0x2 CMakeFiles/RP2040_INFO.dir/G_/Raspberry_Pi/Pico_SDK_v1.5.1/pico-sdk/src/rp2_common/pico_printf/printf.c.obj
 .text._out_fct
                0x1000220a        0xe CMakeFiles/RP2040_INFO.dir/G_/Raspberry_Pi/Pico_SDK_v1.5.1/pico-sdk/src/rp2_common/pico_printf/printf.c.obj
 .text._atoi    0x10002218       0x24 CMakeFiles/RP2040_INFO.dir/G_/Raspberry_Pi/Pico_SDK_v1.5.1/pico-sdk/src/rp2_common/pico_printf/printf.c.obj
 .text._out_rev
                0x1000223c       0xae CMakeFiles/RP2040_INFO.dir/G_/Raspberry_Pi/Pico_SDK_v1.5.1/pico-sdk/src/rp2_common/pico_printf/printf.c.obj
 .text._ntoa_format
                0x100022ea      0x112 CMakeFiles/RP2040_INFO.dir/G_/Raspberry_Pi/Pico_SDK_v1.5.1/pico-sdk/src/rp2_common/pico_printf/printf.c.obj
 .text._ntoa_long
                0x100023fc       0xbc CMakeFiles/RP2040_INFO.dir/G_/Raspberry_Pi/Pico_SDK_v1.5.1/pico-sdk/src/rp2_common/pico_printf/printf.c.obj
 .text._ntoa_long_long
                0x100024b8       0xe2 CMakeFiles/RP2040_INFO.dir/G_/Raspberry_Pi/Pico_SDK_v1.5.1/pico-sdk/src/rp2_common/pico_printf/printf.c.obj
 *fill*         0x1000259a        0x2 
 .text._etoa    0x1000259c      0x414 CMakeFiles/RP2040_INFO.dir/G_/Raspberry_Pi/Pico_SDK_v1.5.1/pico-sdk/src/rp2_common/pico_printf/printf.c.obj
 .text._ftoa    0x100029b0      0x354 CMakeFiles/RP2040_INFO.dir/G_/Raspberry_Pi/Pico_SDK_v1.5.1/pico-sdk/src/rp2_common/pico_printf/printf.c.obj
 .text._vsnprintf
                0x10002d04      0x624 CMakeFiles/RP2040_INFO.dir/G_/Raspberry_Pi/Pico_SDK_v1.5.1/pico-sdk/src/rp2_common/pico_printf/printf.c.obj
 .text.vfctprintf
                0x10003328       0x20 CMakeFiles/RP2040_INFO.dir/G_/Raspberry_Pi/Pico_SDK_v1.5.1/pico-sdk/src/rp2_common/pico_printf/printf.c.obj
                0x10003328                vfctprintf
 .text          0x10003348       0x10 CMakeFiles/RP2040_INFO.dir/G_/Raspberry_Pi/Pico_SDK_v1.5.1/pico-sdk/src/rp2_common/pico_bit_ops/bit_ops_aeabi.S.obj
 .text.rom_func_lookup
                0x10003358       0x10 CMakeFiles/RP2040_INFO.dir/G_/Raspberry_Pi/Pico_SDK_v1.5.1/pico-sdk/src/rp2_common/pico_bootrom/bootrom.c.obj
                0x10003358                rom_func_lookup
 .text.rom_data_lookup
                0x10003368       0x10 CMakeFiles/RP2040_INFO.dir/G_/Raspberry_Pi/Pico_SDK_v1.5.1/pico-sdk/src/rp2_common/pico_bootrom/bootrom.c.obj
                0x10003368                rom_data_lookup
 .text.rom_funcs_lookup
                0x10003378       0x36 CMakeFiles/RP2040_INFO.dir/G_/Raspberry_Pi/Pico_SDK_v1.5.1/pico-sdk/src/rp2_common/pico_bootrom/bootrom.c.obj
                0x10003378                rom_funcs_lookup
 *fill*         0x100033ae        0x2 
 .text.__wrap___aeabi_idiv
                0x100033b0       0x50 CMakeFiles/RP2040_INFO.dir/G_/Raspberry_Pi/Pico_SDK_v1.5.1/pico-sdk/src/rp2_common/pico_divider/divider.S.obj
                0x100033b0                __wrap___aeabi_idivmod
                0x100033b0                divmod_s32s32
                0x100033b0                div_s32s32
                0x100033b0                __wrap___aeabi_idiv
                0x100033b8                divmod_s32s32_unsafe
                0x100033e4                divmod_s32s32_savestate
 .text.__wrap___aeabi_uidiv
                0x10003400       0x4c CMakeFiles/RP2040_INFO.dir/G_/Raspberry_Pi/Pico_SDK_v1.5.1/pico-sdk/src/rp2_common/pico_divider/divider.S.obj
                0x10003400                __wrap___aeabi_uidiv
                0x10003400                __wrap___aeabi_uidivmod
                0x10003400                div_u32u32
                0x10003400                divmod_u32u32
                0x10003408                divmod_u32u32_unsafe
                0x10003430                divmod_u32u32_savestate
 .text.__wrap___aeabi_ldiv
                0x1000344c      0x424 CMakeFiles/RP2040_INFO.dir/G_/Raspberry_Pi/Pico_SDK_v1.5.1/pico-sdk/src/rp2_common/pico_divider/divider.S.obj
                0x1000344c                div_s64s64
                0x1000344c                divmod_s64s64
                0x1000344c                __wrap___aeabi_ldivmod
                0x1000347c                divmod_u64u64
                0x1000347c                div_u64u64
                0x1000347c                __wrap___aeabi_uldivmod
                0x1000348c                divmod_u64u64_savestate
                0x100034ac                divmod_s64s64_unsafe
                0x10003534                divmod_u64u64_unsafe
 .text.__wrap___aeabi_darithmetic
                0x10003870       0x80 CMakeFiles/RP2040_INFO.dir/G_/Raspberry_Pi/Pico_SDK_v1.5.1/pico-sdk/src/rp2_common/pico_double/double_aeabi.S.obj
                0x10003870                __wrap___aeabi_drsub
                0x10003876                __wrap___aeabi_dsub
                0x10003888                __wrap___aeabi_dadd
                0x1000389a                __wrap___aeabi_ddiv
                0x100038d6                __wrap___aeabi_dmul
 .text.__wrap___aeabi_cdcmple
                0x100038f0       0x6c CMakeFiles/RP2040_INFO.dir/G_/Raspberry_Pi/Pico_SDK_v1.5.1/pico-sdk/src/rp2_common/pico_double/double_aeabi.S.obj
                0x100038f0                __wrap___aeabi_cdrcmple
                0x10003900                __wrap___aeabi_cdcmpeq
                0x10003900                __wrap___aeabi_cdcmple
 .text.__wrap___aeabi_dcmplt
                0x1000395c        0xc CMakeFiles/RP2040_INFO.dir/G_/Raspberry_Pi/Pico_SDK_v1.5.1/pico-sdk/src/rp2_common/pico_double/double_aeabi.S.obj
                0x1000395c                __wrap___aeabi_dcmplt
 .text.__wrap___aeabi_dcmple
                0x10003968       0x10 CMakeFiles/RP2040_INFO.dir/G_/Raspberry_Pi/Pico_SDK_v1.5.1/pico-sdk/src/rp2_common/pico_double/double_aeabi.S.obj
                0x10003968                __wrap___aeabi_dcmple
 .text.__wrap___aeabi_dcmpge
                0x10003978       0x10 CMakeFiles/RP2040_INFO.dir/G_/Raspberry_Pi/Pico_SDK_v1.5.1/pico-sdk/src/rp2_common/pico_double/double_aeabi.S.obj
                0x10003978                __wrap___aeabi_dcmpge
 .text.__wrap___aeabi_dcmpgt
                0x10003988        0xa CMakeFiles/RP2040_INFO.dir/G_/Raspberry_Pi/Pico_SDK_v1.5.1/pico-sdk/src/rp2_common/pico_double/double_aeabi.S.obj
                0x10003988                __wrap___aeabi_dcmpgt
 .text.__wrap___aeabi_dcmpun
                0x10003992       0x1c CMakeFiles/RP2040_INFO.dir/G_/Raspberry_Pi/Pico_SDK_v1.5.1/pico-sdk/src/rp2_common/pico_double/double_aeabi.S.obj
                0x10003992                __wrap___aeabi_dcmpun
 *fill*         0x100039ae        0x2 
 .text.__wrap___aeabi_i2d
                0x100039b0       0x38 CMakeFiles/RP2040_INFO.dir/G_/Raspberry_Pi/Pico_SDK_v1.5.1/pico-sdk/src/rp2_common/pico_double/double_aeabi.S.obj
                0x100039b0                __wrap___aeabi_ui2d
                0x100039b8                __wrap___aeabi_i2d
 .text.__wrap___aeabi_d2iz
                0x100039e8       0x48 CMakeFiles/RP2040_INFO.dir/G_/Raspberry_Pi/Pico_SDK_v1.5.1/pico-sdk/src/rp2_common/pico_double/double_aeabi.S.obj
                0x100039e8                double2int_z
                0x100039e8                __wrap___aeabi_d2iz
 .text.__wrap___aeabi_d2uiz
                0x10003a30       0x18 CMakeFiles/RP2040_INFO.dir/G_/Raspberry_Pi/Pico_SDK_v1.5.1/pico-sdk/src/rp2_common/pico_double/double_aeabi.S.obj
                0x10003a30                __wrap___aeabi_d2uiz
                0x10003a30                double2uint
 .text.__aeabi_double_init
                0x10003a48       0xc8 CMakeFiles/RP2040_INFO.dir/G_/Raspberry_Pi/Pico_SDK_v1.5.1/pico-sdk/src/rp2_common/pico_double/double_init_rom.c.obj
                0x10003a48                __aeabi_double_init
 .text.double_table_shim_on_use_helper
                0x10003b10       0x34 CMakeFiles/RP2040_INFO.dir/G_/Raspberry_Pi/Pico_SDK_v1.5.1/pico-sdk/src/rp2_common/pico_double/double_v1_rom_shim.S.obj
                0x10003b10                double_table_shim_on_use_helper
 .text.__wrap___aeabi_dsub
                0x10003b44       0x10 CMakeFiles/RP2040_INFO.dir/G_/Raspberry_Pi/Pico_SDK_v1.5.1/pico-sdk/src/rp2_common/pico_double/double_v1_rom_shim.S.obj
                0x10003b44                drsub_shim
                0x10003b4a                dsub_shim
 .text.dadd_shim
                0x10003b54      0x15c CMakeFiles/RP2040_INFO.dir/G_/Raspberry_Pi/Pico_SDK_v1.5.1/pico-sdk/src/rp2_common/pico_double/double_v1_rom_shim.S.obj
                0x10003b54                dadd_shim
 .text.dmul_shim
                0x10003cb0      0x15c CMakeFiles/RP2040_INFO.dir/G_/Raspberry_Pi/Pico_SDK_v1.5.1/pico-sdk/src/rp2_common/pico_double/double_v1_rom_shim.S.obj
                0x10003cb0                dmul_shim
 .text.ddiv_shim
                0x10003e0c      0x1b0 CMakeFiles/RP2040_INFO.dir/G_/Raspberry_Pi/Pico_SDK_v1.5.1/pico-sdk/src/rp2_common/pico_double/double_v1_rom_shim.S.obj
                0x10003e0c                ddiv_shim
 .text.double2uint_shim
                0x10003fbc        0xe CMakeFiles/RP2040_INFO.dir/G_/Raspberry_Pi/Pico_SDK_v1.5.1/pico-sdk/src/rp2_common/pico_double/double_v1_rom_shim.S.obj
                0x10003fbc                double2uint_shim
                0x10003fbe                double2ufix_shim
 *fill*         0x10003fca        0x2 
 .text.double2uint64_shim
                0x10003fcc       0x70 CMakeFiles/RP2040_INFO.dir/G_/Raspberry_Pi/Pico_SDK_v1.5.1/pico-sdk/src/rp2_common/pico_double/double_v1_rom_shim.S.obj
                0x10003fcc                double2uint64_shim
                0x10003fce                double2ufix64_shim
                0x10003fee                d2fix_a
 .text.dunpacks
                0x1000403c       0x3c CMakeFiles/RP2040_INFO.dir/G_/Raspberry_Pi/Pico_SDK_v1.5.1/pico-sdk/src/rp2_common/pico_double/double_v1_rom_shim.S.obj
                0x1000403c                dunpacks
 .text.__aeabi_lmul
                0x10004078       0x32 CMakeFiles/RP2040_INFO.dir/G_/Raspberry_Pi/Pico_SDK_v1.5.1/pico-sdk/src/rp2_common/pico_int64_ops/pico_int64_ops_aeabi.S.obj
                0x10004078                __wrap___aeabi_lmul
 *fill*         0x100040aa        0x2 
 .text.__aeabi_float_init
                0x100040ac       0xfc CMakeFiles/RP2040_INFO.dir/G_/Raspberry_Pi/Pico_SDK_v1.5.1/pico-sdk/src/rp2_common/pico_float/float_init_rom.c.obj
                0x100040ac                __aeabi_float_init
 .text.float_table_shim_on_use_helper
                0x100041a8       0x34 CMakeFiles/RP2040_INFO.dir/G_/Raspberry_Pi/Pico_SDK_v1.5.1/pico-sdk/src/rp2_common/pico_float/float_v1_rom_shim.S.obj
                0x100041a8                float_table_shim_on_use_helper
 .text          0x100041dc       0x10 CMakeFiles/RP2040_INFO.dir/G_/Raspberry_Pi/Pico_SDK_v1.5.1/pico-sdk/src/rp2_common/pico_mem_ops/mem_ops_aeabi.S.obj
                0x100041dc                __aeabi_mem_init
 .text.memcpy   0x100041ec        0xc CMakeFiles/RP2040_INFO.dir/G_/Raspberry_Pi/Pico_SDK_v1.5.1/pico-sdk/src/rp2_common/pico_mem_ops/mem_ops_aeabi.S.obj
                0x100041ec                __wrap_memcpy
                0x100041ec                __wrap___aeabi_memcpy
 .text.stdio_out_chars_no_crlf
                0x100041f8        0xe CMakeFiles/RP2040_INFO.dir/G_/Raspberry_Pi/Pico_SDK_v1.5.1/pico-sdk/src/rp2_common/pico_stdio/stdio.c.obj
 *fill*         0x10004206        0x2 
 .text.stdio_out_chars_crlf
                0x10004208       0x80 CMakeFiles/RP2040_INFO.dir/G_/Raspberry_Pi/Pico_SDK_v1.5.1/pico-sdk/src/rp2_common/pico_stdio/stdio.c.obj
 .text.stdio_stack_buffer_flush
                0x10004288       0x44 CMakeFiles/RP2040_INFO.dir/G_/Raspberry_Pi/Pico_SDK_v1.5.1/pico-sdk/src/rp2_common/pico_stdio/stdio.c.obj
 .text.stdio_buffered_printer
                0x100042cc       0x20 CMakeFiles/RP2040_INFO.dir/G_/Raspberry_Pi/Pico_SDK_v1.5.1/pico-sdk/src/rp2_common/pico_stdio/stdio.c.obj
 .text.stdout_serialize_begin
                0x100042ec       0x5c CMakeFiles/RP2040_INFO.dir/G_/Raspberry_Pi/Pico_SDK_v1.5.1/pico-sdk/src/rp2_common/pico_stdio/stdio.c.obj
                0x100042ec                stdout_serialize_begin
 .text.stdout_serialize_end
                0x10004348       0x10 CMakeFiles/RP2040_INFO.dir/G_/Raspberry_Pi/Pico_SDK_v1.5.1/pico-sdk/src/rp2_common/pico_stdio/stdio.c.obj
                0x10004348                stdout_serialize_end
 .text.stdio_put_string
                0x10004358       0x98 CMakeFiles/RP2040_INFO.dir/G_/Raspberry_Pi/Pico_SDK_v1.5.1/pico-sdk/src/rp2_common/pico_stdio/stdio.c.obj
 .text.stdio_set_driver_enabled
                0x100043f0       0x2c CMakeFiles/RP2040_INFO.dir/G_/Raspberry_Pi/Pico_SDK_v1.5.1/pico-sdk/src/rp2_common/pico_stdio/stdio.c.obj
                0x100043f0                stdio_set_driver_enabled
 .text.stdio_flush
                0x1000441c       0x20 CMakeFiles/RP2040_INFO.dir/G_/Raspberry_Pi/Pico_SDK_v1.5.1/pico-sdk/src/rp2_common/pico_stdio/stdio.c.obj
                0x1000441c                stdio_flush
 .text.__wrap_puts
                0x1000443c       0x1e CMakeFiles/RP2040_INFO.dir/G_/Raspberry_Pi/Pico_SDK_v1.5.1/pico-sdk/src/rp2_common/pico_stdio/stdio.c.obj
                0x1000443c                __wrap_puts
 *fill*         0x1000445a        0x2 
 .text.__wrap_vprintf
                0x1000445c       0x40 CMakeFiles/RP2040_INFO.dir/G_/Raspberry_Pi/Pico_SDK_v1.5.1/pico-sdk/src/rp2_common/pico_stdio/stdio.c.obj
                0x1000445c                __wrap_vprintf
 .text.__wrap_printf
                0x1000449c       0x18 CMakeFiles/RP2040_INFO.dir/G_/Raspberry_Pi/Pico_SDK_v1.5.1/pico-sdk/src/rp2_common/pico_stdio/stdio.c.obj
                0x1000449c                __wrap_printf
 .text.stdio_init_all
                0x100044b4        0xa CMakeFiles/RP2040_INFO.dir/G_/Raspberry_Pi/Pico_SDK_v1.5.1/pico-sdk/src/rp2_common/pico_stdio/stdio.c.obj
                0x100044b4                stdio_init_all
 *fill*         0x100044be        0x2 
 .text.stdio_uart_out_chars
                0x100044c0       0x74 CMakeFiles/RP2040_INFO.dir/G_/Raspberry_Pi/Pico_SDK_v1.5.1/pico-sdk/src/rp2_common/pico_stdio_uart/stdio_uart.c.obj
 .text.stdio_uart_in_chars
                0x10004534       0x80 CMakeFiles/RP2040_INFO.dir/G_/Raspberry_Pi/Pico_SDK_v1.5.1/pico-sdk/src/rp2_common/pico_stdio_uart/stdio_uart.c.obj
                0x10004534                stdio_uart_in_chars
 .text.on_uart_rx
                0x100045b4       0x28 CMakeFiles/RP2040_INFO.dir/G_/Raspberry_Pi/Pico_SDK_v1.5.1/pico-sdk/src/rp2_common/pico_stdio_uart/stdio_uart.c.obj
 .text.stdio_uart_set_chars_available_callback
                0x100045dc       0x8c CMakeFiles/RP2040_INFO.dir/G_/Raspberry_Pi/Pico_SDK_v1.5.1/pico-sdk/src/rp2_common/pico_stdio_uart/stdio_uart.c.obj
 .text.stdio_uart_init_full
                0x10004668       0x44 CMakeFiles/RP2040_INFO.dir/G_/Raspberry_Pi/Pico_SDK_v1.5.1/pico-sdk/src/rp2_common/pico_stdio_uart/stdio_uart.c.obj
                0x10004668                stdio_uart_init_full
 .text.stdio_uart_init
                0x100046ac       0x28 CMakeFiles/RP2040_INFO.dir/G_/Raspberry_Pi/Pico_SDK_v1.5.1/pico-sdk/src/rp2_common/pico_stdio_uart/stdio_uart.c.obj
                0x100046ac                stdio_uart_init
 .text.strlen   0x100046d4       0x5c c:/program files (x86)/gnu arm embedded toolchain/10 2021.10/bin/../lib/gcc/arm-none-eabi/10.3.1/../../../../arm-none-eabi/lib/thumb/v6-m/nofp\libg.a(lib_a-strlen-stub.o)
                0x100046d4                strlen
 *(.fini)
 .fini          0x10004730        0x4 c:/program files (x86)/gnu arm embedded toolchain/10 2021.10/bin/../lib/gcc/arm-none-eabi/10.3.1/thumb/v6-m/nofp/crti.o
                0x10004730                _fini
 *fill*         0x10004734        0x4 
 .fini.__stub   0x10004738       0x40 linker stubs
 *crtbegin.o(.ctors)
 *crtbegin?.o(.ctors)
 *(EXCLUDE_FILE(*crtend.o *crtend?.o) .ctors)
 *(SORT_BY_NAME(.ctors.*))
 *(.ctors)
 *crtbegin.o(.dtors)
 *crtbegin?.o(.dtors)
 *(EXCLUDE_FILE(*crtend.o *crtend?.o) .dtors)
 *(SORT_BY_NAME(.dtors.*))
 *(.dtors)
 *(.eh_frame*)
 .eh_frame      0x10004778        0x0 c:/program files (x86)/gnu arm embedded toolchain/10 2021.10/bin/../lib/gcc/arm-none-eabi/10.3.1/thumb/v6-m/nofp/crtbegin.o
                0x10004778                . = ALIGN (0x4)

.glue_7         0x10004778        0x0
 .glue_7        0x10004778        0x0 linker stubs

.glue_7t        0x10004778        0x0
 .glue_7t       0x10004778        0x0 linker stubs

.vfp11_veneer   0x10004778        0x0
 .vfp11_veneer  0x10004778        0x0 linker stubs

.v4_bx          0x10004778        0x0
 .v4_bx         0x10004778        0x0 linker stubs

.iplt           0x10004778        0x0
 .iplt          0x10004778        0x0 c:/program files (x86)/gnu arm embedded toolchain/10 2021.10/bin/../lib/gcc/arm-none-eabi/10.3.1/thumb/v6-m/nofp/crtbegin.o

.rodata         0x10004778     0x10e8
 *(EXCLUDE_FILE(*libm.a: *libc.a:*lib_a-mem*.o *libgcc.a:) .rodata*)
 .rodata.INFO_Func.str1.4
                0x10004778       0xf4 CMakeFiles/RP2040_INFO.dir/RP2040_INFO.c.obj
 .rodata.__func__.0
                0x1000486c        0xa CMakeFiles/RP2040_INFO.dir/RP2040_INFO.c.obj
 *fill*         0x10004876        0x2 
 .rodata.make_branch.str1.4
                0x10004878       0x7b CMakeFiles/RP2040_INFO.dir/G_/Raspberry_Pi/Pico_SDK_v1.5.1/pico-sdk/src/rp2_common/hardware_irq/irq.c.obj
 *fill*         0x100048f3        0x1 
 .rodata.insert_branch_and_link.str1.4
                0x100048f4       0x10 CMakeFiles/RP2040_INFO.dir/G_/Raspberry_Pi/Pico_SDK_v1.5.1/pico-sdk/src/rp2_common/hardware_irq/irq.c.obj
 .rodata.irq_set_exclusive_handler.str1.4
                0x10004904       0x36 CMakeFiles/RP2040_INFO.dir/G_/Raspberry_Pi/Pico_SDK_v1.5.1/pico-sdk/src/rp2_common/hardware_irq/irq.c.obj
 *fill*         0x1000493a        0x2 
 .rodata.irq_add_shared_handler.str1.4
                0x1000493c       0xd9 CMakeFiles/RP2040_INFO.dir/G_/Raspberry_Pi/Pico_SDK_v1.5.1/pico-sdk/src/rp2_common/hardware_irq/irq.c.obj
 *fill*         0x10004a15        0x3 
 .rodata.irq_remove_handler.str1.4
                0x10004a18       0x3a CMakeFiles/RP2040_INFO.dir/G_/Raspberry_Pi/Pico_SDK_v1.5.1/pico-sdk/src/rp2_common/hardware_irq/irq.c.obj
 *fill*         0x10004a52        0x2 
 .rodata.irq_add_tail_to_free_list.str1.4
                0x10004a54       0x3a CMakeFiles/RP2040_INFO.dir/G_/Raspberry_Pi/Pico_SDK_v1.5.1/pico-sdk/src/rp2_common/hardware_irq/irq.c.obj
 *fill*         0x10004a8e        0x2 
 .rodata.__func__.0
                0x10004a90       0x1a CMakeFiles/RP2040_INFO.dir/G_/Raspberry_Pi/Pico_SDK_v1.5.1/pico-sdk/src/rp2_common/hardware_irq/irq.c.obj
 *fill*         0x10004aaa        0x2 
 .rodata.__func__.1
                0x10004aac       0x17 CMakeFiles/RP2040_INFO.dir/G_/Raspberry_Pi/Pico_SDK_v1.5.1/pico-sdk/src/rp2_common/hardware_irq/irq.c.obj
 *fill*         0x10004ac3        0x1 
 .rodata.__func__.2
                0x10004ac4       0x13 CMakeFiles/RP2040_INFO.dir/G_/Raspberry_Pi/Pico_SDK_v1.5.1/pico-sdk/src/rp2_common/hardware_irq/irq.c.obj
 *fill*         0x10004ad7        0x1 
 .rodata.__func__.3
                0x10004ad8        0xc CMakeFiles/RP2040_INFO.dir/G_/Raspberry_Pi/Pico_SDK_v1.5.1/pico-sdk/src/rp2_common/hardware_irq/irq.c.obj
 .rodata.__func__.4
                0x10004ae4        0xf CMakeFiles/RP2040_INFO.dir/G_/Raspberry_Pi/Pico_SDK_v1.5.1/pico-sdk/src/rp2_common/hardware_irq/irq.c.obj
 *fill*         0x10004af3        0x1 
 .rodata.__func__.6
                0x10004af4       0x1a CMakeFiles/RP2040_INFO.dir/G_/Raspberry_Pi/Pico_SDK_v1.5.1/pico-sdk/src/rp2_common/hardware_irq/irq.c.obj
 *fill*         0x10004b0e        0x2 
 .rodata.str1.4
                0x10004b10      0x109 CMakeFiles/RP2040_INFO.dir/G_/Raspberry_Pi/Pico_SDK_v1.5.1/pico-sdk/src/common/pico_sync/mutex.c.obj
 *fill*         0x10004c19        0x3 
 .rodata.__func__.1
                0x10004c1c        0xb CMakeFiles/RP2040_INFO.dir/G_/Raspberry_Pi/Pico_SDK_v1.5.1/pico-sdk/src/common/pico_sync/mutex.c.obj
 *fill*         0x10004c27        0x1 
 .rodata.__func__.3
                0x10004c28       0x18 CMakeFiles/RP2040_INFO.dir/G_/Raspberry_Pi/Pico_SDK_v1.5.1/pico-sdk/src/common/pico_sync/mutex.c.obj
 .rodata.repeating_timer_callback.str1.4
                0x10004c40       0x59 CMakeFiles/RP2040_INFO.dir/G_/Raspberry_Pi/Pico_SDK_v1.5.1/pico-sdk/src/common/pico_time/time.c.obj
 *fill*         0x10004c99        0x3 
 .rodata.timer_pool_entry_comparator.str1.4
                0x10004c9c       0x22 CMakeFiles/RP2040_INFO.dir/G_/Raspberry_Pi/Pico_SDK_v1.5.1/pico-sdk/src/common/pico_time/time.c.obj
 *fill*         0x10004cbe        0x2 
 .rodata.ph_add_child_node.str1.4
                0x10004cc0       0xa2 CMakeFiles/RP2040_INFO.dir/G_/Raspberry_Pi/Pico_SDK_v1.5.1/pico-sdk/src/common/pico_time/time.c.obj
 *fill*         0x10004d62        0x2 
 .rodata.add_alarm_under_lock.str1.4
                0x10004d64       0x28 CMakeFiles/RP2040_INFO.dir/G_/Raspberry_Pi/Pico_SDK_v1.5.1/pico-sdk/src/common/pico_time/time.c.obj
                                 0x2b (size before relaxing)
 .rodata.alarm_pool_alarm_callback.str1.4
                0x10004d8c       0x98 CMakeFiles/RP2040_INFO.dir/G_/Raspberry_Pi/Pico_SDK_v1.5.1/pico-sdk/src/common/pico_time/time.c.obj
                                0x108 (size before relaxing)
 .rodata.alarm_pool_get_default.str1.4
                0x10004e24       0x21 CMakeFiles/RP2040_INFO.dir/G_/Raspberry_Pi/Pico_SDK_v1.5.1/pico-sdk/src/common/pico_time/time.c.obj
 *fill*         0x10004e45        0x3 
 .rodata.alarm_pool_cancel_alarm.str1.4
                0x10004e48       0x27 CMakeFiles/RP2040_INFO.dir/G_/Raspberry_Pi/Pico_SDK_v1.5.1/pico-sdk/src/common/pico_time/time.c.obj
 *fill*         0x10004e6f        0x1 
 .rodata.sleep_until.str1.4
                0x10004e70       0x4d CMakeFiles/RP2040_INFO.dir/G_/Raspberry_Pi/Pico_SDK_v1.5.1/pico-sdk/src/common/pico_time/time.c.obj
 *fill*         0x10004ebd        0x3 
 .rodata.__func__.1
                0x10004ec0       0x18 CMakeFiles/RP2040_INFO.dir/G_/Raspberry_Pi/Pico_SDK_v1.5.1/pico-sdk/src/common/pico_time/time.c.obj
 .rodata.__func__.10
                0x10004ed8       0x15 CMakeFiles/RP2040_INFO.dir/G_/Raspberry_Pi/Pico_SDK_v1.5.1/pico-sdk/src/common/pico_time/time.c.obj
 *fill*         0x10004eed        0x3 
 .rodata.__func__.11
                0x10004ef0       0x1a CMakeFiles/RP2040_INFO.dir/G_/Raspberry_Pi/Pico_SDK_v1.5.1/pico-sdk/src/common/pico_time/time.c.obj
 *fill*         0x10004f0a        0x2 
 .rodata.__func__.12
                0x10004f0c        0xa CMakeFiles/RP2040_INFO.dir/G_/Raspberry_Pi/Pico_SDK_v1.5.1/pico-sdk/src/common/pico_time/time.c.obj
 *fill*         0x10004f16        0x2 
 .rodata.__func__.3
                0x10004f18       0x17 CMakeFiles/RP2040_INFO.dir/G_/Raspberry_Pi/Pico_SDK_v1.5.1/pico-sdk/src/common/pico_time/time.c.obj
 *fill*         0x10004f2f        0x1 
 .rodata.__func__.4
                0x10004f30       0x12 CMakeFiles/RP2040_INFO.dir/G_/Raspberry_Pi/Pico_SDK_v1.5.1/pico-sdk/src/common/pico_time/time.c.obj
 *fill*         0x10004f42        0x2 
 .rodata.__func__.5
                0x10004f44        0xd CMakeFiles/RP2040_INFO.dir/G_/Raspberry_Pi/Pico_SDK_v1.5.1/pico-sdk/src/common/pico_time/time.c.obj
 *fill*         0x10004f51        0x3 
 .rodata.__func__.6
                0x10004f54       0x12 CMakeFiles/RP2040_INFO.dir/G_/Raspberry_Pi/Pico_SDK_v1.5.1/pico-sdk/src/common/pico_time/time.c.obj
 *fill*         0x10004f66        0x2 
 .rodata.__func__.7
                0x10004f68        0xf CMakeFiles/RP2040_INFO.dir/G_/Raspberry_Pi/Pico_SDK_v1.5.1/pico-sdk/src/common/pico_time/time.c.obj
 *fill*         0x10004f77        0x1 
 .rodata.__func__.8
                0x10004f78        0xc CMakeFiles/RP2040_INFO.dir/G_/Raspberry_Pi/Pico_SDK_v1.5.1/pico-sdk/src/common/pico_time/time.c.obj
 .rodata.__func__.9
                0x10004f84       0x15 CMakeFiles/RP2040_INFO.dir/G_/Raspberry_Pi/Pico_SDK_v1.5.1/pico-sdk/src/common/pico_time/time.c.obj
 *fill*         0x10004f99        0x3 
 .rodata.hardware_alarm_claim.str1.4
                0x10004f9c       0x22 CMakeFiles/RP2040_INFO.dir/G_/Raspberry_Pi/Pico_SDK_v1.5.1/pico-sdk/src/rp2_common/hardware_timer/timer.c.obj
 .rodata.busy_wait_us.str1.4
                0x10004fbe       0x6f CMakeFiles/RP2040_INFO.dir/G_/Raspberry_Pi/Pico_SDK_v1.5.1/pico-sdk/src/rp2_common/hardware_timer/timer.c.obj
 *fill*         0x10004fbe        0x2 
 .rodata.hardware_alarm_set_target.str1.4
                0x10004fc0       0x73 CMakeFiles/RP2040_INFO.dir/G_/Raspberry_Pi/Pico_SDK_v1.5.1/pico-sdk/src/rp2_common/hardware_timer/timer.c.obj
 *fill*         0x10005033        0x1 
 .rodata.__func__.0
                0x10005034       0x1a CMakeFiles/RP2040_INFO.dir/G_/Raspberry_Pi/Pico_SDK_v1.5.1/pico-sdk/src/rp2_common/hardware_timer/timer.c.obj
 *fill*         0x1000504e        0x2 
 .rodata.__func__.1
                0x10005050       0x15 CMakeFiles/RP2040_INFO.dir/G_/Raspberry_Pi/Pico_SDK_v1.5.1/pico-sdk/src/rp2_common/hardware_timer/timer.c.obj
 .rodata.ph_add_child_node.str1.4
                0x10005065       0xa2 CMakeFiles/RP2040_INFO.dir/G_/Raspberry_Pi/Pico_SDK_v1.5.1/pico-sdk/src/common/pico_util/pheap.c.obj
 *fill*         0x10005065        0x3 
 .rodata.ph_remove_any_head.str1.4
                0x10005068       0x9c CMakeFiles/RP2040_INFO.dir/G_/Raspberry_Pi/Pico_SDK_v1.5.1/pico-sdk/src/common/pico_util/pheap.c.obj
                                 0xb0 (size before relaxing)
 .rodata.ph_remove_and_free_node.str1.4
                0x10005104       0x1e CMakeFiles/RP2040_INFO.dir/G_/Raspberry_Pi/Pico_SDK_v1.5.1/pico-sdk/src/common/pico_util/pheap.c.obj
                                 0x26 (size before relaxing)
 *fill*         0x10005122        0x2 
 .rodata.__func__.0
                0x10005124       0x18 CMakeFiles/RP2040_INFO.dir/G_/Raspberry_Pi/Pico_SDK_v1.5.1/pico-sdk/src/common/pico_util/pheap.c.obj
 .rodata.__func__.1
                0x1000513c       0x13 CMakeFiles/RP2040_INFO.dir/G_/Raspberry_Pi/Pico_SDK_v1.5.1/pico-sdk/src/common/pico_util/pheap.c.obj
 *fill*         0x1000514f        0x1 
 .rodata.__func__.2
                0x10005150       0x12 CMakeFiles/RP2040_INFO.dir/G_/Raspberry_Pi/Pico_SDK_v1.5.1/pico-sdk/src/common/pico_util/pheap.c.obj
 *fill*         0x10005162        0x2 
 .rodata.__func__.3
                0x10005164        0xc CMakeFiles/RP2040_INFO.dir/G_/Raspberry_Pi/Pico_SDK_v1.5.1/pico-sdk/src/common/pico_util/pheap.c.obj
 .rodata.clock_configure.str1.4
                0x10005170       0x65 CMakeFiles/RP2040_INFO.dir/G_/Raspberry_Pi/Pico_SDK_v1.5.1/pico-sdk/src/rp2_common/hardware_clocks/clocks.c.obj
 *fill*         0x100051d5        0x3 
 .rodata.__func__.1
                0x100051d8       0x10 CMakeFiles/RP2040_INFO.dir/G_/Raspberry_Pi/Pico_SDK_v1.5.1/pico-sdk/src/rp2_common/hardware_clocks/clocks.c.obj
 .rodata.pll_init.str1.4
                0x100051e8      0x130 CMakeFiles/RP2040_INFO.dir/G_/Raspberry_Pi/Pico_SDK_v1.5.1/pico-sdk/src/rp2_common/hardware_pll/pll.c.obj
 .rodata.__func__.0
                0x10005318        0x9 CMakeFiles/RP2040_INFO.dir/G_/Raspberry_Pi/Pico_SDK_v1.5.1/pico-sdk/src/rp2_common/hardware_pll/pll.c.obj
 *fill*         0x10005321        0x3 
 .rodata.__assert_func.str1.4
                0x10005324       0x3f CMakeFiles/RP2040_INFO.dir/G_/Raspberry_Pi/Pico_SDK_v1.5.1/pico-sdk/src/rp2_common/pico_runtime/runtime.c.obj
                                 0x43 (size before relaxing)
 *fill*         0x10005363        0x1 
 .rodata.runtime_init.str1.4
                0x10005364       0x6f CMakeFiles/RP2040_INFO.dir/G_/Raspberry_Pi/Pico_SDK_v1.5.1/pico-sdk/src/rp2_common/pico_runtime/runtime.c.obj
 *fill*         0x100053d3        0x1 
 .rodata.panic.str1.4
                0x100053d4       0x10 CMakeFiles/RP2040_INFO.dir/G_/Raspberry_Pi/Pico_SDK_v1.5.1/pico-sdk/src/rp2_common/pico_runtime/runtime.c.obj
                                 0x12 (size before relaxing)
 .rodata.__func__.2
                0x100053e4        0xd CMakeFiles/RP2040_INFO.dir/G_/Raspberry_Pi/Pico_SDK_v1.5.1/pico-sdk/src/rp2_common/pico_runtime/runtime.c.obj
 *fill*         0x100053f1        0x3 
 .rodata._ftoa.str1.4
                0x100053f4       0x15 CMakeFiles/RP2040_INFO.dir/G_/Raspberry_Pi/Pico_SDK_v1.5.1/pico-sdk/src/rp2_common/pico_printf/printf.c.obj
 *fill*         0x10005409        0x3 
 .rodata._vsnprintf
                0x1000540c      0x1e0 CMakeFiles/RP2040_INFO.dir/G_/Raspberry_Pi/Pico_SDK_v1.5.1/pico-sdk/src/rp2_common/pico_printf/printf.c.obj
 *fill*         0x100055ec        0x4 
 .rodata.pow10.0
                0x100055f0       0x50 CMakeFiles/RP2040_INFO.dir/G_/Raspberry_Pi/Pico_SDK_v1.5.1/pico-sdk/src/rp2_common/pico_printf/printf.c.obj
 .rodata.__aeabi_double_init.str1.4
                0x10005640       0xaa CMakeFiles/RP2040_INFO.dir/G_/Raspberry_Pi/Pico_SDK_v1.5.1/pico-sdk/src/rp2_common/pico_double/double_init_rom.c.obj
 *fill*         0x100056ea        0x2 
 .rodata.__func__.0
                0x100056ec       0x14 CMakeFiles/RP2040_INFO.dir/G_/Raspberry_Pi/Pico_SDK_v1.5.1/pico-sdk/src/rp2_common/pico_double/double_init_rom.c.obj
 .rodata.__aeabi_float_init.str1.4
                0x10005700       0x88 CMakeFiles/RP2040_INFO.dir/G_/Raspberry_Pi/Pico_SDK_v1.5.1/pico-sdk/src/rp2_common/pico_float/float_init_rom.c.obj
                                 0x8c (size before relaxing)
 .rodata.__func__.0
                0x10005788       0x13 CMakeFiles/RP2040_INFO.dir/G_/Raspberry_Pi/Pico_SDK_v1.5.1/pico-sdk/src/rp2_common/pico_float/float_init_rom.c.obj
 *fill*         0x1000579b        0x1 
 .rodata.str1.4
                0x1000579c       0x38 CMakeFiles/RP2040_INFO.dir/G_/Raspberry_Pi/Pico_SDK_v1.5.1/pico-sdk/src/rp2_common/pico_standard_link/binary_info.c.obj
                                 0x44 (size before relaxing)
 .rodata.__bi_44
                0x100057d4        0xc CMakeFiles/RP2040_INFO.dir/G_/Raspberry_Pi/Pico_SDK_v1.5.1/pico-sdk/src/rp2_common/pico_standard_link/binary_info.c.obj
 .rodata.__bi_56
                0x100057e0        0xc CMakeFiles/RP2040_INFO.dir/G_/Raspberry_Pi/Pico_SDK_v1.5.1/pico-sdk/src/rp2_common/pico_standard_link/binary_info.c.obj
 .rodata.__bi_75
                0x100057ec        0xc CMakeFiles/RP2040_INFO.dir/G_/Raspberry_Pi/Pico_SDK_v1.5.1/pico-sdk/src/rp2_common/pico_standard_link/binary_info.c.obj
 .rodata.__bi_81
                0x100057f8        0xc CMakeFiles/RP2040_INFO.dir/G_/Raspberry_Pi/Pico_SDK_v1.5.1/pico-sdk/src/rp2_common/pico_standard_link/binary_info.c.obj
 .rodata.stdout_serialize_begin.str1.4
                0x10005804       0x6f CMakeFiles/RP2040_INFO.dir/G_/Raspberry_Pi/Pico_SDK_v1.5.1/pico-sdk/src/rp2_common/pico_stdio/stdio.c.obj
 .rodata.__func__.3
                0x10005804       0x15 CMakeFiles/RP2040_INFO.dir/G_/Raspberry_Pi/Pico_SDK_v1.5.1/pico-sdk/src/rp2_common/pico_stdio/stdio.c.obj
 *fill*         0x10005819        0x3 
 .rodata.crlf_str.2
                0x1000581c        0x2 CMakeFiles/RP2040_INFO.dir/G_/Raspberry_Pi/Pico_SDK_v1.5.1/pico-sdk/src/rp2_common/pico_stdio/stdio.c.obj
 *fill*         0x1000581e        0x2 
 .rodata.str1.4
                0x10005820       0x2c CMakeFiles/RP2040_INFO.dir/G_/Raspberry_Pi/Pico_SDK_v1.5.1/pico-sdk/src/rp2_common/pico_stdio_uart/stdio_uart.c.obj
 .rodata.__bi_33.4
                0x1000584c        0xc CMakeFiles/RP2040_INFO.dir/G_/Raspberry_Pi/Pico_SDK_v1.5.1/pico-sdk/src/rp2_common/pico_stdio_uart/stdio_uart.c.obj
 .rodata.__bi_34.5
                0x10005858        0x8 CMakeFiles/RP2040_INFO.dir/G_/Raspberry_Pi/Pico_SDK_v1.5.1/pico-sdk/src/rp2_common/pico_stdio_uart/stdio_uart.c.obj
                0x10005860                . = ALIGN (0x4)
 *(SORT_BY_ALIGNMENT(SORT_BY_NAME(.flashdata*)))
                0x10005860                . = ALIGN (0x4)

.ARM.extab
 *(.ARM.extab* .gnu.linkonce.armextab.*)
                0x10005860                __exidx_start = .

.ARM.exidx
 *(.ARM.exidx* .gnu.linkonce.armexidx.*)
                0x10005860                __exidx_end = .
                0x10005860                . = ALIGN (0x4)
                0x10005860                __binary_info_start = .

.binary_info    0x10005860       0x28
 *(.binary_info.keep.*)
 .binary_info.keep.__bi_ptr22
                0x10005860        0x4 CMakeFiles/RP2040_INFO.dir/G_/Raspberry_Pi/Pico_SDK_v1.5.1/pico-sdk/src/rp2_common/pico_standard_link/binary_info.c.obj
 .binary_info.keep.__bi_ptr30
                0x10005864        0x4 CMakeFiles/RP2040_INFO.dir/G_/Raspberry_Pi/Pico_SDK_v1.5.1/pico-sdk/src/rp2_common/pico_standard_link/binary_info.c.obj
 .binary_info.keep.__bi_ptr38
                0x10005868        0x4 CMakeFiles/RP2040_INFO.dir/G_/Raspberry_Pi/Pico_SDK_v1.5.1/pico-sdk/src/rp2_common/pico_standard_link/binary_info.c.obj
 .binary_info.keep.__bi_ptr44
                0x1000586c        0x4 CMakeFiles/RP2040_INFO.dir/G_/Raspberry_Pi/Pico_SDK_v1.5.1/pico-sdk/src/rp2_common/pico_standard_link/binary_info.c.obj
 .binary_info.keep.__bi_ptr50
                0x10005870        0x4 CMakeFiles/RP2040_INFO.dir/G_/Raspberry_Pi/Pico_SDK_v1.5.1/pico-sdk/src/rp2_common/pico_standard_link/binary_info.c.obj
 .binary_info.keep.__bi_ptr56
                0x10005874        0x4 CMakeFiles/RP2040_INFO.dir/G_/Raspberry_Pi/Pico_SDK_v1.5.1/pico-sdk/src/rp2_common/pico_standard_link/binary_info.c.obj
 .binary_info.keep.__bi_ptr75
                0x10005878        0x4 CMakeFiles/RP2040_INFO.dir/G_/Raspberry_Pi/Pico_SDK_v1.5.1/pico-sdk/src/rp2_common/pico_standard_link/binary_info.c.obj
 .binary_info.keep.__bi_ptr81
                0x1000587c        0x4 CMakeFiles/RP2040_INFO.dir/G_/Raspberry_Pi/Pico_SDK_v1.5.1/pico-sdk/src/rp2_common/pico_standard_link/binary_info.c.obj
 *(.binary_info.*)
 .binary_info.__bi_ptr33
                0x10005880        0x4 CMakeFiles/RP2040_INFO.dir/G_/Raspberry_Pi/Pico_SDK_v1.5.1/pico-sdk/src/rp2_common/pico_stdio_uart/stdio_uart.c.obj
 .binary_info.__bi_ptr34
                0x10005884        0x4 CMakeFiles/RP2040_INFO.dir/G_/Raspberry_Pi/Pico_SDK_v1.5.1/pico-sdk/src/rp2_common/pico_stdio_uart/stdio_uart.c.obj
                0x10005888                __binary_info_end = .

.rel.dyn        0x10005888        0x0
 .rel.iplt      0x10005888        0x0 c:/program files (x86)/gnu arm embedded toolchain/10 2021.10/bin/../lib/gcc/arm-none-eabi/10.3.1/thumb/v6-m/nofp/crtbegin.o
                0x10005888                . = ALIGN (0x4)

.ram_vector_table
                0x20000000       0xc0
 *(.ram_vector_table)
 .ram_vector_table
                0x20000000       0xc0 CMakeFiles/RP2040_INFO.dir/G_/Raspberry_Pi/Pico_SDK_v1.5.1/pico-sdk/src/rp2_common/pico_runtime/runtime.c.obj
                0x20000000                ram_vector_table

.data           0x200000c0      0x244 load address 0x10005888
                0x200000c0                __data_start__ = .
 *(vtable)
 *(.time_critical*)
 .time_critical.mutex_try_enter
                0x200000c0       0x46 CMakeFiles/RP2040_INFO.dir/G_/Raspberry_Pi/Pico_SDK_v1.5.1/pico-sdk/src/common/pico_sync/mutex.c.obj
                0x200000c0                mutex_try_enter
 *fill*         0x20000106        0x2 
 .time_critical.mutex_enter_block_until
                0x20000108       0x8c CMakeFiles/RP2040_INFO.dir/G_/Raspberry_Pi/Pico_SDK_v1.5.1/pico-sdk/src/common/pico_sync/mutex.c.obj
                0x20000108                mutex_enter_block_until
 .time_critical.mutex_try_enter_block_until
                0x20000194       0x34 CMakeFiles/RP2040_INFO.dir/G_/Raspberry_Pi/Pico_SDK_v1.5.1/pico-sdk/src/common/pico_sync/mutex.c.obj
                0x20000194                mutex_try_enter_block_until
 .time_critical.mutex_exit
                0x200001c8       0x4c CMakeFiles/RP2040_INFO.dir/G_/Raspberry_Pi/Pico_SDK_v1.5.1/pico-sdk/src/common/pico_sync/mutex.c.obj
                0x200001c8                mutex_exit
 *(.text*)
 .text          0x20000214        0x4 c:/program files (x86)/gnu arm embedded toolchain/10 2021.10/bin/../lib/gcc/arm-none-eabi/10.3.1/thumb/v6-m/nofp\libgcc.a(_dvmd_tls.o)
                0x20000214                __aeabi_idiv0
                0x20000214                __aeabi_ldiv0
 .text.__stub   0x20000218       0x20 linker stubs
                0x20000238                . = ALIGN (0x4)
 *(.rodata*)
                0x20000238                . = ALIGN (0x4)
 *(.data*)
 .data.striped_spin_lock_num
                0x20000238        0x1 CMakeFiles/RP2040_INFO.dir/G_/Raspberry_Pi/Pico_SDK_v1.5.1/pico-sdk/src/rp2_common/hardware_sync/sync.c.obj
 *fill*         0x20000239        0x3 
 .data          0x2000023c       0x48 CMakeFiles/RP2040_INFO.dir/G_/Raspberry_Pi/Pico_SDK_v1.5.1/pico-sdk/src/rp2_common/hardware_irq/irq_handler_chain.S.obj
                0x2000023c                irq_handler_chain_slots
                0x2000026c                irq_handler_chain_first_slot
                0x20000276                irq_handler_chain_remove_tail
 .data.default_alarm_pool
                0x20000284       0x18 CMakeFiles/RP2040_INFO.dir/G_/Raspberry_Pi/Pico_SDK_v1.5.1/pico-sdk/src/common/pico_time/time.c.obj
 .data.default_alarm_pool_heap
                0x2000029c       0x10 CMakeFiles/RP2040_INFO.dir/G_/Raspberry_Pi/Pico_SDK_v1.5.1/pico-sdk/src/common/pico_time/time.c.obj
 *fill*         0x200002ac        0x4 
 .data.aeabi_bits_funcs
                0x200002b0       0x10 CMakeFiles/RP2040_INFO.dir/G_/Raspberry_Pi/Pico_SDK_v1.5.1/pico-sdk/src/rp2_common/pico_bit_ops/bit_ops_aeabi.S.obj
                0x200002b0                aeabi_bits_funcs
                0x200002c0                aeabi_bits_funcs_end
 .data.aeabi_mem_funcs
                0x200002c0       0x10 CMakeFiles/RP2040_INFO.dir/G_/Raspberry_Pi/Pico_SDK_v1.5.1/pico-sdk/src/rp2_common/pico_mem_ops/mem_ops_aeabi.S.obj
                0x200002c0                aeabi_mem_funcs
                0x200002d0                aeabi_mem_funcs_end
 .data.stdio_uart
                0x200002d0       0x18 CMakeFiles/RP2040_INFO.dir/G_/Raspberry_Pi/Pico_SDK_v1.5.1/pico-sdk/src/rp2_common/pico_stdio_uart/stdio_uart.c.obj
                0x200002d0                stdio_uart
                0x200002e8                . = ALIGN (0x4)
 *(.after_data.*)
                0x200002e8                . = ALIGN (0x4)
                0x200002e8                PROVIDE (__mutex_array_start = .)
 *(SORT_BY_NAME(.mutex_array.*))
 *(.mutex_array)
 .mutex_array   0x200002e8        0x8 CMakeFiles/RP2040_INFO.dir/G_/Raspberry_Pi/Pico_SDK_v1.5.1/pico-sdk/src/rp2_common/pico_stdio/stdio.c.obj
                0x200002f0                PROVIDE (__mutex_array_end = .)
                0x200002f0                . = ALIGN (0x4)
                0x200002f0                PROVIDE (__preinit_array_start = .)
 *(SORT_BY_NAME(.preinit_array.*))
 .preinit_array.00001
                0x200002f0        0x4 CMakeFiles/RP2040_INFO.dir/G_/Raspberry_Pi/Pico_SDK_v1.5.1/pico-sdk/src/rp2_common/pico_mem_ops/mem_ops_aeabi.S.obj
 .preinit_array.00010
                0x200002f4        0x4 CMakeFiles/RP2040_INFO.dir/G_/Raspberry_Pi/Pico_SDK_v1.5.1/pico-sdk/src/rp2_common/pico_bit_ops/bit_ops_aeabi.S.obj
 .preinit_array.00020
                0x200002f8        0x4 CMakeFiles/RP2040_INFO.dir/G_/Raspberry_Pi/Pico_SDK_v1.5.1/pico-sdk/src/rp2_common/pico_double/double_aeabi.S.obj
 .preinit_array.00020
                0x200002fc        0x4 CMakeFiles/RP2040_INFO.dir/G_/Raspberry_Pi/Pico_SDK_v1.5.1/pico-sdk/src/rp2_common/pico_float/float_aeabi.S.obj
 *(.preinit_array)
                0x20000300                PROVIDE (__preinit_array_end = .)
                0x20000300                . = ALIGN (0x4)
                0x20000300                PROVIDE (__init_array_start = .)
 *(SORT_BY_NAME(.init_array.*))
 *(.init_array)
 .init_array    0x20000300        0x4 c:/program files (x86)/gnu arm embedded toolchain/10 2021.10/bin/../lib/gcc/arm-none-eabi/10.3.1/thumb/v6-m/nofp/crtbegin.o
                0x20000304                PROVIDE (__init_array_end = .)
                0x20000304                . = ALIGN (0x4)
                [!provide]                PROVIDE (__fini_array_start = .)
 *(SORT_BY_NAME(.fini_array.*))
 *(.fini_array)
                [!provide]                PROVIDE (__fini_array_end = .)
 *(.jcr)
                0x20000304                . = ALIGN (0x4)
                0x20000304                __data_end__ = .
                0x10005888                __etext = LOADADDR (.data)

.igot.plt       0x20000304        0x0 load address 0x10005acc
 .igot.plt      0x20000304        0x0 c:/program files (x86)/gnu arm embedded toolchain/10 2021.10/bin/../lib/gcc/arm-none-eabi/10.3.1/thumb/v6-m/nofp/crtbegin.o

.uninitialized_data
                0x20000304        0x0 load address 0x10005acc
                0x20000304                . = ALIGN (0x4)
 *(.uninitialized_data*)

.scratch_x      0x20040000        0x0 load address 0x10005acc
                0x20040000                __scratch_x_start__ = .
 *(.scratch_x.*)
                0x20040000                . = ALIGN (0x4)
                0x20040000                __scratch_x_end__ = .
                0x10005acc                __scratch_x_source__ = LOADADDR (.scratch_x)

.scratch_y      0x20041000        0x0 load address 0x10005acc
                0x20041000                __scratch_y_start__ = .
 *(.scratch_y.*)
                0x20041000                . = ALIGN (0x4)
                0x20041000                __scratch_y_end__ = .
                0x10005acc                __scratch_y_source__ = LOADADDR (.scratch_y)

.bss            0x20000308      0x3d8
                0x20000308                . = ALIGN (0x4)
                0x20000308                __bss_start__ = .
 *(SORT_BY_ALIGNMENT(SORT_BY_NAME(.bss*)))
 .bss.default_alarm_pool_entries
                0x20000308      0x100 CMakeFiles/RP2040_INFO.dir/G_/Raspberry_Pi/Pico_SDK_v1.5.1/pico-sdk/src/common/pico_time/time.c.obj
 .bss           0x20000408       0x1c c:/program files (x86)/gnu arm embedded toolchain/10 2021.10/bin/../lib/gcc/arm-none-eabi/10.3.1/thumb/v6-m/nofp/crtbegin.o
 .bss.alarm_callbacks
                0x20000424       0x10 CMakeFiles/RP2040_INFO.dir/G_/Raspberry_Pi/Pico_SDK_v1.5.1/pico-sdk/src/rp2_common/hardware_timer/timer.c.obj
 .bss.chars_available_callback
                0x20000434        0x4 CMakeFiles/RP2040_INFO.dir/G_/Raspberry_Pi/Pico_SDK_v1.5.1/pico-sdk/src/rp2_common/pico_stdio_uart/stdio_uart.c.obj
 .bss.chars_available_param
                0x20000438        0x4 CMakeFiles/RP2040_INFO.dir/G_/Raspberry_Pi/Pico_SDK_v1.5.1/pico-sdk/src/rp2_common/pico_stdio_uart/stdio_uart.c.obj
 .bss.configured_freq
                0x2000043c       0x28 CMakeFiles/RP2040_INFO.dir/G_/Raspberry_Pi/Pico_SDK_v1.5.1/pico-sdk/src/rp2_common/hardware_clocks/clocks.c.obj
 .bss.default_alarm_pool_entry_ids_high
                0x20000464       0x10 CMakeFiles/RP2040_INFO.dir/G_/Raspberry_Pi/Pico_SDK_v1.5.1/pico-sdk/src/common/pico_time/time.c.obj
 .bss.default_alarm_pool_heap_nodes
                0x20000474       0x30 CMakeFiles/RP2040_INFO.dir/G_/Raspberry_Pi/Pico_SDK_v1.5.1/pico-sdk/src/common/pico_time/time.c.obj
 .bss.drivers   0x200004a4        0x4 CMakeFiles/RP2040_INFO.dir/G_/Raspberry_Pi/Pico_SDK_v1.5.1/pico-sdk/src/rp2_common/pico_stdio/stdio.c.obj
 .bss.filter    0x200004a8        0x4 CMakeFiles/RP2040_INFO.dir/G_/Raspberry_Pi/Pico_SDK_v1.5.1/pico-sdk/src/rp2_common/pico_stdio/stdio.c.obj
 .bss.pools     0x200004ac       0x10 CMakeFiles/RP2040_INFO.dir/G_/Raspberry_Pi/Pico_SDK_v1.5.1/pico-sdk/src/common/pico_time/time.c.obj
 .bss.sd_table  0x200004bc      0x100 CMakeFiles/RP2040_INFO.dir/G_/Raspberry_Pi/Pico_SDK_v1.5.1/pico-sdk/src/rp2_common/pico_double/double_init_rom.c.obj
                0x200004bc                sd_table
 .bss.sf_clz_func
                0x200005bc        0x4 CMakeFiles/RP2040_INFO.dir/G_/Raspberry_Pi/Pico_SDK_v1.5.1/pico-sdk/src/rp2_common/pico_double/double_init_rom.c.obj
                0x200005bc                sf_clz_func
 .bss.sf_table  0x200005c0      0x100 CMakeFiles/RP2040_INFO.dir/G_/Raspberry_Pi/Pico_SDK_v1.5.1/pico-sdk/src/rp2_common/pico_float/float_init_rom.c.obj
                0x200005c0                sf_table
 .bss.sleep_notifier
                0x200006c0        0x4 CMakeFiles/RP2040_INFO.dir/G_/Raspberry_Pi/Pico_SDK_v1.5.1/pico-sdk/src/common/pico_time/time.c.obj
 .bss.target_hi
                0x200006c4       0x10 CMakeFiles/RP2040_INFO.dir/G_/Raspberry_Pi/Pico_SDK_v1.5.1/pico-sdk/src/rp2_common/hardware_timer/timer.c.obj
 .bss.uart_char_to_line_feed
                0x200006d4        0x4 CMakeFiles/RP2040_INFO.dir/G_/Raspberry_Pi/Pico_SDK_v1.5.1/pico-sdk/src/rp2_common/hardware_uart/uart.c.obj
                0x200006d4                uart_char_to_line_feed
 .bss.uart_instance
                0x200006d8        0x4 CMakeFiles/RP2040_INFO.dir/G_/Raspberry_Pi/Pico_SDK_v1.5.1/pico-sdk/src/rp2_common/pico_stdio_uart/stdio_uart.c.obj
 .bss.claimed   0x200006dc        0x1 CMakeFiles/RP2040_INFO.dir/G_/Raspberry_Pi/Pico_SDK_v1.5.1/pico-sdk/src/rp2_common/hardware_timer/timer.c.obj
 .bss.irq_hander_chain_free_slot_head
                0x200006dd        0x1 CMakeFiles/RP2040_INFO.dir/G_/Raspberry_Pi/Pico_SDK_v1.5.1/pico-sdk/src/rp2_common/hardware_irq/irq.c.obj
 .bss.timer_callbacks_pending
                0x200006de        0x1 CMakeFiles/RP2040_INFO.dir/G_/Raspberry_Pi/Pico_SDK_v1.5.1/pico-sdk/src/rp2_common/hardware_timer/timer.c.obj
 *(COMMON)
                0x200006e0                . = ALIGN (0x4)
 *fill*         0x200006df        0x1 
                0x200006e0                __bss_end__ = .

.heap           0x200006e0      0x800
                0x200006e0                __end__ = .
                0x200006e0                end = __end__
 *(.heap*)
 .heap          0x200006e0      0x800 CMakeFiles/RP2040_INFO.dir/G_/Raspberry_Pi/Pico_SDK_v1.5.1/pico-sdk/src/rp2_common/pico_standard_link/crt0.S.obj
                0x20000ee0                __HeapLimit = .

.stack1_dummy   0x20040000        0x0
 *(.stack1*)

.stack_dummy    0x20041000      0x800
 *(.stack*)
 .stack         0x20041000      0x800 CMakeFiles/RP2040_INFO.dir/G_/Raspberry_Pi/Pico_SDK_v1.5.1/pico-sdk/src/rp2_common/pico_standard_link/crt0.S.obj

.flash_end      0x10005acc        0x0
                0x10005acc                PROVIDE (__flash_binary_end = .)
                0x20040000                __StackLimit = (ORIGIN (RAM) + LENGTH (RAM))
                0x20041000                __StackOneTop = (ORIGIN (SCRATCH_X) + LENGTH (SCRATCH_X))
                0x20042000                __StackTop = (ORIGIN (SCRATCH_Y) + LENGTH (SCRATCH_Y))
                0x20041000                __StackOneBottom = (__StackOneTop - SIZEOF (.stack1_dummy))
                0x20041800                __StackBottom = (__StackTop - SIZEOF (.stack_dummy))
                0x20042000                PROVIDE (__stack = __StackTop)
                0x00000001                ASSERT ((__StackLimit >= __HeapLimit), region RAM overflowed)
                0x00000001                ASSERT (((__binary_info_header_end - __logical_binary_start) <= 0x100), Binary info must be in first 256 bytes of the binary)
LOAD CMakeFiles/RP2040_INFO.dir/RP2040_INFO.c.obj
LOAD CMakeFiles/RP2040_INFO.dir/G_/Raspberry_Pi/Pico_SDK_v1.5.1/pico-sdk/src/rp2_common/pico_stdlib/stdlib.c.obj
LOAD CMakeFiles/RP2040_INFO.dir/G_/Raspberry_Pi/Pico_SDK_v1.5.1/pico-sdk/src/rp2_common/hardware_gpio/gpio.c.obj
LOAD CMakeFiles/RP2040_INFO.dir/G_/Raspberry_Pi/Pico_SDK_v1.5.1/pico-sdk/src/rp2_common/pico_platform/platform.c.obj
LOAD CMakeFiles/RP2040_INFO.dir/G_/Raspberry_Pi/Pico_SDK_v1.5.1/pico-sdk/src/rp2_common/hardware_claim/claim.c.obj
LOAD CMakeFiles/RP2040_INFO.dir/G_/Raspberry_Pi/Pico_SDK_v1.5.1/pico-sdk/src/rp2_common/hardware_sync/sync.c.obj
LOAD CMakeFiles/RP2040_INFO.dir/G_/Raspberry_Pi/Pico_SDK_v1.5.1/pico-sdk/src/rp2_common/hardware_irq/irq.c.obj
LOAD CMakeFiles/RP2040_INFO.dir/G_/Raspberry_Pi/Pico_SDK_v1.5.1/pico-sdk/src/rp2_common/hardware_irq/irq_handler_chain.S.obj
LOAD CMakeFiles/RP2040_INFO.dir/G_/Raspberry_Pi/Pico_SDK_v1.5.1/pico-sdk/src/common/pico_sync/sem.c.obj
LOAD CMakeFiles/RP2040_INFO.dir/G_/Raspberry_Pi/Pico_SDK_v1.5.1/pico-sdk/src/common/pico_sync/lock_core.c.obj
LOAD CMakeFiles/RP2040_INFO.dir/G_/Raspberry_Pi/Pico_SDK_v1.5.1/pico-sdk/src/common/pico_sync/mutex.c.obj
LOAD CMakeFiles/RP2040_INFO.dir/G_/Raspberry_Pi/Pico_SDK_v1.5.1/pico-sdk/src/common/pico_sync/critical_section.c.obj
LOAD CMakeFiles/RP2040_INFO.dir/G_/Raspberry_Pi/Pico_SDK_v1.5.1/pico-sdk/src/common/pico_time/time.c.obj
LOAD CMakeFiles/RP2040_INFO.dir/G_/Raspberry_Pi/Pico_SDK_v1.5.1/pico-sdk/src/common/pico_time/timeout_helper.c.obj
LOAD CMakeFiles/RP2040_INFO.dir/G_/Raspberry_Pi/Pico_SDK_v1.5.1/pico-sdk/src/rp2_common/hardware_timer/timer.c.obj
LOAD CMakeFiles/RP2040_INFO.dir/G_/Raspberry_Pi/Pico_SDK_v1.5.1/pico-sdk/src/common/pico_util/datetime.c.obj
LOAD CMakeFiles/RP2040_INFO.dir/G_/Raspberry_Pi/Pico_SDK_v1.5.1/pico-sdk/src/common/pico_util/pheap.c.obj
LOAD CMakeFiles/RP2040_INFO.dir/G_/Raspberry_Pi/Pico_SDK_v1.5.1/pico-sdk/src/common/pico_util/queue.c.obj
LOAD CMakeFiles/RP2040_INFO.dir/G_/Raspberry_Pi/Pico_SDK_v1.5.1/pico-sdk/src/rp2_common/hardware_uart/uart.c.obj
LOAD CMakeFiles/RP2040_INFO.dir/G_/Raspberry_Pi/Pico_SDK_v1.5.1/pico-sdk/src/rp2_common/hardware_clocks/clocks.c.obj
LOAD CMakeFiles/RP2040_INFO.dir/G_/Raspberry_Pi/Pico_SDK_v1.5.1/pico-sdk/src/rp2_common/hardware_pll/pll.c.obj
LOAD CMakeFiles/RP2040_INFO.dir/G_/Raspberry_Pi/Pico_SDK_v1.5.1/pico-sdk/src/rp2_common/hardware_vreg/vreg.c.obj
LOAD CMakeFiles/RP2040_INFO.dir/G_/Raspberry_Pi/Pico_SDK_v1.5.1/pico-sdk/src/rp2_common/hardware_watchdog/watchdog.c.obj
LOAD CMakeFiles/RP2040_INFO.dir/G_/Raspberry_Pi/Pico_SDK_v1.5.1/pico-sdk/src/rp2_common/hardware_xosc/xosc.c.obj
LOAD CMakeFiles/RP2040_INFO.dir/G_/Raspberry_Pi/Pico_SDK_v1.5.1/pico-sdk/src/rp2_common/hardware_divider/divider.S.obj
LOAD CMakeFiles/RP2040_INFO.dir/G_/Raspberry_Pi/Pico_SDK_v1.5.1/pico-sdk/src/rp2_common/pico_runtime/runtime.c.obj
LOAD CMakeFiles/RP2040_INFO.dir/G_/Raspberry_Pi/Pico_SDK_v1.5.1/pico-sdk/src/rp2_common/pico_printf/printf.c.obj
LOAD CMakeFiles/RP2040_INFO.dir/G_/Raspberry_Pi/Pico_SDK_v1.5.1/pico-sdk/src/rp2_common/pico_bit_ops/bit_ops_aeabi.S.obj
LOAD CMakeFiles/RP2040_INFO.dir/G_/Raspberry_Pi/Pico_SDK_v1.5.1/pico-sdk/src/rp2_common/pico_bootrom/bootrom.c.obj
LOAD CMakeFiles/RP2040_INFO.dir/G_/Raspberry_Pi/Pico_SDK_v1.5.1/pico-sdk/src/rp2_common/pico_divider/divider.S.obj
LOAD CMakeFiles/RP2040_INFO.dir/G_/Raspberry_Pi/Pico_SDK_v1.5.1/pico-sdk/src/rp2_common/pico_double/double_aeabi.S.obj
LOAD CMakeFiles/RP2040_INFO.dir/G_/Raspberry_Pi/Pico_SDK_v1.5.1/pico-sdk/src/rp2_common/pico_double/double_init_rom.c.obj
LOAD CMakeFiles/RP2040_INFO.dir/G_/Raspberry_Pi/Pico_SDK_v1.5.1/pico-sdk/src/rp2_common/pico_double/double_math.c.obj
LOAD CMakeFiles/RP2040_INFO.dir/G_/Raspberry_Pi/Pico_SDK_v1.5.1/pico-sdk/src/rp2_common/pico_double/double_v1_rom_shim.S.obj
LOAD CMakeFiles/RP2040_INFO.dir/G_/Raspberry_Pi/Pico_SDK_v1.5.1/pico-sdk/src/rp2_common/pico_int64_ops/pico_int64_ops_aeabi.S.obj
LOAD CMakeFiles/RP2040_INFO.dir/G_/Raspberry_Pi/Pico_SDK_v1.5.1/pico-sdk/src/rp2_common/pico_float/float_aeabi.S.obj
LOAD CMakeFiles/RP2040_INFO.dir/G_/Raspberry_Pi/Pico_SDK_v1.5.1/pico-sdk/src/rp2_common/pico_float/float_init_rom.c.obj
LOAD CMakeFiles/RP2040_INFO.dir/G_/Raspberry_Pi/Pico_SDK_v1.5.1/pico-sdk/src/rp2_common/pico_float/float_math.c.obj
LOAD CMakeFiles/RP2040_INFO.dir/G_/Raspberry_Pi/Pico_SDK_v1.5.1/pico-sdk/src/rp2_common/pico_float/float_v1_rom_shim.S.obj
LOAD CMakeFiles/RP2040_INFO.dir/G_/Raspberry_Pi/Pico_SDK_v1.5.1/pico-sdk/src/rp2_common/pico_malloc/pico_malloc.c.obj
LOAD CMakeFiles/RP2040_INFO.dir/G_/Raspberry_Pi/Pico_SDK_v1.5.1/pico-sdk/src/rp2_common/pico_mem_ops/mem_ops_aeabi.S.obj
LOAD CMakeFiles/RP2040_INFO.dir/G_/Raspberry_Pi/Pico_SDK_v1.5.1/pico-sdk/src/rp2_common/pico_standard_link/crt0.S.obj
LOAD CMakeFiles/RP2040_INFO.dir/G_/Raspberry_Pi/Pico_SDK_v1.5.1/pico-sdk/src/rp2_common/pico_standard_link/new_delete.cpp.obj
LOAD CMakeFiles/RP2040_INFO.dir/G_/Raspberry_Pi/Pico_SDK_v1.5.1/pico-sdk/src/rp2_common/pico_standard_link/binary_info.c.obj
LOAD CMakeFiles/RP2040_INFO.dir/G_/Raspberry_Pi/Pico_SDK_v1.5.1/pico-sdk/src/rp2_common/pico_stdio/stdio.c.obj
LOAD CMakeFiles/RP2040_INFO.dir/G_/Raspberry_Pi/Pico_SDK_v1.5.1/pico-sdk/src/rp2_common/pico_stdio_uart/stdio_uart.c.obj
LOAD C:\Users\ADMINI~1\AppData\Local\Temp\ccgNyM2C.o
LOAD c:/program files (x86)/gnu arm embedded toolchain/10 2021.10/bin/../lib/gcc/arm-none-eabi/10.3.1/../../../../arm-none-eabi/lib/thumb/v6-m/nofp\libstdc++.a
LOAD c:/program files (x86)/gnu arm embedded toolchain/10 2021.10/bin/../lib/gcc/arm-none-eabi/10.3.1/../../../../arm-none-eabi/lib/thumb/v6-m/nofp\libm.a
START GROUP
LOAD c:/program files (x86)/gnu arm embedded toolchain/10 2021.10/bin/../lib/gcc/arm-none-eabi/10.3.1/thumb/v6-m/nofp\libgcc.a
LOAD c:/program files (x86)/gnu arm embedded toolchain/10 2021.10/bin/../lib/gcc/arm-none-eabi/10.3.1/../../../../arm-none-eabi/lib/thumb/v6-m/nofp\libg.a
LOAD c:/program files (x86)/gnu arm embedded toolchain/10 2021.10/bin/../lib/gcc/arm-none-eabi/10.3.1/../../../../arm-none-eabi/lib/thumb/v6-m/nofp\libc.a
END GROUP
START GROUP
LOAD c:/program files (x86)/gnu arm embedded toolchain/10 2021.10/bin/../lib/gcc/arm-none-eabi/10.3.1/thumb/v6-m/nofp\libgcc.a
LOAD c:/program files (x86)/gnu arm embedded toolchain/10 2021.10/bin/../lib/gcc/arm-none-eabi/10.3.1/../../../../arm-none-eabi/lib/thumb/v6-m/nofp\libc.a
LOAD c:/program files (x86)/gnu arm embedded toolchain/10 2021.10/bin/../lib/gcc/arm-none-eabi/10.3.1/../../../../arm-none-eabi/lib/thumb/v6-m/nofp\libnosys.a
END GROUP
LOAD c:/program files (x86)/gnu arm embedded toolchain/10 2021.10/bin/../lib/gcc/arm-none-eabi/10.3.1/thumb/v6-m/nofp/crtend.o
LOAD c:/program files (x86)/gnu arm embedded toolchain/10 2021.10/bin/../lib/gcc/arm-none-eabi/10.3.1/thumb/v6-m/nofp/crtn.o
OUTPUT(RP2040_INFO.elf elf32-littlearm)
LOAD linker stubs

.ARM.attributes
                0x00000000       0x28
 .ARM.attributes
                0x00000000       0x1e c:/program files (x86)/gnu arm embedded toolchain/10 2021.10/bin/../lib/gcc/arm-none-eabi/10.3.1/thumb/v6-m/nofp/crti.o
 .ARM.attributes
                0x0000001e       0x2c c:/program files (x86)/gnu arm embedded toolchain/10 2021.10/bin/../lib/gcc/arm-none-eabi/10.3.1/thumb/v6-m/nofp/crtbegin.o
 .ARM.attributes
                0x0000004a       0x2c CMakeFiles/RP2040_INFO.dir/RP2040_INFO.c.obj
 .ARM.attributes
                0x00000076       0x2c CMakeFiles/RP2040_INFO.dir/G_/Raspberry_Pi/Pico_SDK_v1.5.1/pico-sdk/src/rp2_common/hardware_gpio/gpio.c.obj
 .ARM.attributes
                0x000000a2       0x2c CMakeFiles/RP2040_INFO.dir/G_/Raspberry_Pi/Pico_SDK_v1.5.1/pico-sdk/src/rp2_common/pico_platform/platform.c.obj
 .ARM.attributes
                0x000000ce       0x2c CMakeFiles/RP2040_INFO.dir/G_/Raspberry_Pi/Pico_SDK_v1.5.1/pico-sdk/src/rp2_common/hardware_claim/claim.c.obj
 .ARM.attributes
                0x000000fa       0x2c CMakeFiles/RP2040_INFO.dir/G_/Raspberry_Pi/Pico_SDK_v1.5.1/pico-sdk/src/rp2_common/hardware_sync/sync.c.obj
 .ARM.attributes
                0x00000126       0x2c CMakeFiles/RP2040_INFO.dir/G_/Raspberry_Pi/Pico_SDK_v1.5.1/pico-sdk/src/rp2_common/hardware_irq/irq.c.obj
 .ARM.attributes
                0x00000152       0x22 CMakeFiles/RP2040_INFO.dir/G_/Raspberry_Pi/Pico_SDK_v1.5.1/pico-sdk/src/rp2_common/hardware_irq/irq_handler_chain.S.obj
 .ARM.attributes
                0x00000174       0x2c CMakeFiles/RP2040_INFO.dir/G_/Raspberry_Pi/Pico_SDK_v1.5.1/pico-sdk/src/common/pico_sync/lock_core.c.obj
 .ARM.attributes
                0x000001a0       0x2c CMakeFiles/RP2040_INFO.dir/G_/Raspberry_Pi/Pico_SDK_v1.5.1/pico-sdk/src/common/pico_sync/mutex.c.obj
 .ARM.attributes
                0x000001cc       0x2c CMakeFiles/RP2040_INFO.dir/G_/Raspberry_Pi/Pico_SDK_v1.5.1/pico-sdk/src/common/pico_time/time.c.obj
 .ARM.attributes
                0x000001f8       0x2c CMakeFiles/RP2040_INFO.dir/G_/Raspberry_Pi/Pico_SDK_v1.5.1/pico-sdk/src/rp2_common/hardware_timer/timer.c.obj
 .ARM.attributes
                0x00000224       0x2c CMakeFiles/RP2040_INFO.dir/G_/Raspberry_Pi/Pico_SDK_v1.5.1/pico-sdk/src/common/pico_util/pheap.c.obj
 .ARM.attributes
                0x00000250       0x2c CMakeFiles/RP2040_INFO.dir/G_/Raspberry_Pi/Pico_SDK_v1.5.1/pico-sdk/src/rp2_common/hardware_uart/uart.c.obj
 .ARM.attributes
                0x0000027c       0x2c CMakeFiles/RP2040_INFO.dir/G_/Raspberry_Pi/Pico_SDK_v1.5.1/pico-sdk/src/rp2_common/hardware_clocks/clocks.c.obj
 .ARM.attributes
                0x000002a8       0x2c CMakeFiles/RP2040_INFO.dir/G_/Raspberry_Pi/Pico_SDK_v1.5.1/pico-sdk/src/rp2_common/hardware_pll/pll.c.obj
 .ARM.attributes
                0x000002d4       0x2c CMakeFiles/RP2040_INFO.dir/G_/Raspberry_Pi/Pico_SDK_v1.5.1/pico-sdk/src/rp2_common/hardware_watchdog/watchdog.c.obj
 .ARM.attributes
                0x00000300       0x2c CMakeFiles/RP2040_INFO.dir/G_/Raspberry_Pi/Pico_SDK_v1.5.1/pico-sdk/src/rp2_common/hardware_xosc/xosc.c.obj
 .ARM.attributes
                0x0000032c       0x2c CMakeFiles/RP2040_INFO.dir/G_/Raspberry_Pi/Pico_SDK_v1.5.1/pico-sdk/src/rp2_common/pico_runtime/runtime.c.obj
 .ARM.attributes
                0x00000358       0x2c CMakeFiles/RP2040_INFO.dir/G_/Raspberry_Pi/Pico_SDK_v1.5.1/pico-sdk/src/rp2_common/pico_printf/printf.c.obj
 .ARM.attributes
                0x00000384       0x22 CMakeFiles/RP2040_INFO.dir/G_/Raspberry_Pi/Pico_SDK_v1.5.1/pico-sdk/src/rp2_common/pico_bit_ops/bit_ops_aeabi.S.obj
 .ARM.attributes
                0x000003a6       0x2c CMakeFiles/RP2040_INFO.dir/G_/Raspberry_Pi/Pico_SDK_v1.5.1/pico-sdk/src/rp2_common/pico_bootrom/bootrom.c.obj
 .ARM.attributes
                0x000003d2       0x22 CMakeFiles/RP2040_INFO.dir/G_/Raspberry_Pi/Pico_SDK_v1.5.1/pico-sdk/src/rp2_common/pico_divider/divider.S.obj
 .ARM.attributes
                0x000003f4       0x22 CMakeFiles/RP2040_INFO.dir/G_/Raspberry_Pi/Pico_SDK_v1.5.1/pico-sdk/src/rp2_common/pico_double/double_aeabi.S.obj
 .ARM.attributes
                0x00000416       0x2c CMakeFiles/RP2040_INFO.dir/G_/Raspberry_Pi/Pico_SDK_v1.5.1/pico-sdk/src/rp2_common/pico_double/double_init_rom.c.obj
 .ARM.attributes
                0x00000442       0x22 CMakeFiles/RP2040_INFO.dir/G_/Raspberry_Pi/Pico_SDK_v1.5.1/pico-sdk/src/rp2_common/pico_double/double_v1_rom_shim.S.obj
 .ARM.attributes
                0x00000464       0x22 CMakeFiles/RP2040_INFO.dir/G_/Raspberry_Pi/Pico_SDK_v1.5.1/pico-sdk/src/rp2_common/pico_int64_ops/pico_int64_ops_aeabi.S.obj
 .ARM.attributes
                0x00000486       0x22 CMakeFiles/RP2040_INFO.dir/G_/Raspberry_Pi/Pico_SDK_v1.5.1/pico-sdk/src/rp2_common/pico_float/float_aeabi.S.obj
 .ARM.attributes
                0x000004a8       0x2c CMakeFiles/RP2040_INFO.dir/G_/Raspberry_Pi/Pico_SDK_v1.5.1/pico-sdk/src/rp2_common/pico_float/float_init_rom.c.obj
 .ARM.attributes
                0x000004d4       0x22 CMakeFiles/RP2040_INFO.dir/G_/Raspberry_Pi/Pico_SDK_v1.5.1/pico-sdk/src/rp2_common/pico_float/float_v1_rom_shim.S.obj
 .ARM.attributes
                0x000004f6       0x22 CMakeFiles/RP2040_INFO.dir/G_/Raspberry_Pi/Pico_SDK_v1.5.1/pico-sdk/src/rp2_common/pico_mem_ops/mem_ops_aeabi.S.obj
 .ARM.attributes
                0x00000518       0x22 CMakeFiles/RP2040_INFO.dir/G_/Raspberry_Pi/Pico_SDK_v1.5.1/pico-sdk/src/rp2_common/pico_standard_link/crt0.S.obj
 .ARM.attributes
                0x0000053a       0x2c CMakeFiles/RP2040_INFO.dir/G_/Raspberry_Pi/Pico_SDK_v1.5.1/pico-sdk/src/rp2_common/pico_standard_link/binary_info.c.obj
 .ARM.attributes
                0x00000566       0x2c CMakeFiles/RP2040_INFO.dir/G_/Raspberry_Pi/Pico_SDK_v1.5.1/pico-sdk/src/rp2_common/pico_stdio/stdio.c.obj
 .ARM.attributes
                0x00000592       0x2c CMakeFiles/RP2040_INFO.dir/G_/Raspberry_Pi/Pico_SDK_v1.5.1/pico-sdk/src/rp2_common/pico_stdio_uart/stdio_uart.c.obj
 .ARM.attributes
                0x000005be       0x22 C:\Users\ADMINI~1\AppData\Local\Temp\ccgNyM2C.o
 .ARM.attributes
                0x000005e0       0x1e c:/program files (x86)/gnu arm embedded toolchain/10 2021.10/bin/../lib/gcc/arm-none-eabi/10.3.1/thumb/v6-m/nofp\libgcc.a(_dvmd_tls.o)
 .ARM.attributes
                0x000005fe       0x2c c:/program files (x86)/gnu arm embedded toolchain/10 2021.10/bin/../lib/gcc/arm-none-eabi/10.3.1/../../../../arm-none-eabi/lib/thumb/v6-m/nofp\libg.a(lib_a-strlen-stub.o)

.comment        0x00000000       0x49
 .comment       0x00000000       0x49 CMakeFiles/RP2040_INFO.dir/RP2040_INFO.c.obj
                                 0x4a (size before relaxing)
 .comment       0x00000049       0x4a CMakeFiles/RP2040_INFO.dir/G_/Raspberry_Pi/Pico_SDK_v1.5.1/pico-sdk/src/rp2_common/hardware_gpio/gpio.c.obj
 .comment       0x00000049       0x4a CMakeFiles/RP2040_INFO.dir/G_/Raspberry_Pi/Pico_SDK_v1.5.1/pico-sdk/src/rp2_common/pico_platform/platform.c.obj
 .comment       0x00000049       0x4a CMakeFiles/RP2040_INFO.dir/G_/Raspberry_Pi/Pico_SDK_v1.5.1/pico-sdk/src/rp2_common/hardware_claim/claim.c.obj
 .comment       0x00000049       0x4a CMakeFiles/RP2040_INFO.dir/G_/Raspberry_Pi/Pico_SDK_v1.5.1/pico-sdk/src/rp2_common/hardware_sync/sync.c.obj
 .comment       0x00000049       0x4a CMakeFiles/RP2040_INFO.dir/G_/Raspberry_Pi/Pico_SDK_v1.5.1/pico-sdk/src/rp2_common/hardware_irq/irq.c.obj
 .comment       0x00000049       0x4a CMakeFiles/RP2040_INFO.dir/G_/Raspberry_Pi/Pico_SDK_v1.5.1/pico-sdk/src/common/pico_sync/lock_core.c.obj
 .comment       0x00000049       0x4a CMakeFiles/RP2040_INFO.dir/G_/Raspberry_Pi/Pico_SDK_v1.5.1/pico-sdk/src/common/pico_sync/mutex.c.obj
 .comment       0x00000049       0x4a CMakeFiles/RP2040_INFO.dir/G_/Raspberry_Pi/Pico_SDK_v1.5.1/pico-sdk/src/common/pico_time/time.c.obj
 .comment       0x00000049       0x4a CMakeFiles/RP2040_INFO.dir/G_/Raspberry_Pi/Pico_SDK_v1.5.1/pico-sdk/src/rp2_common/hardware_timer/timer.c.obj
 .comment       0x00000049       0x4a CMakeFiles/RP2040_INFO.dir/G_/Raspberry_Pi/Pico_SDK_v1.5.1/pico-sdk/src/common/pico_util/pheap.c.obj
 .comment       0x00000049       0x4a CMakeFiles/RP2040_INFO.dir/G_/Raspberry_Pi/Pico_SDK_v1.5.1/pico-sdk/src/rp2_common/hardware_uart/uart.c.obj
 .comment       0x00000049       0x4a CMakeFiles/RP2040_INFO.dir/G_/Raspberry_Pi/Pico_SDK_v1.5.1/pico-sdk/src/rp2_common/hardware_clocks/clocks.c.obj
 .comment       0x00000049       0x4a CMakeFiles/RP2040_INFO.dir/G_/Raspberry_Pi/Pico_SDK_v1.5.1/pico-sdk/src/rp2_common/hardware_pll/pll.c.obj
 .comment       0x00000049       0x4a CMakeFiles/RP2040_INFO.dir/G_/Raspberry_Pi/Pico_SDK_v1.5.1/pico-sdk/src/rp2_common/hardware_watchdog/watchdog.c.obj
 .comment       0x00000049       0x4a CMakeFiles/RP2040_INFO.dir/G_/Raspberry_Pi/Pico_SDK_v1.5.1/pico-sdk/src/rp2_common/hardware_xosc/xosc.c.obj
 .comment       0x00000049       0x4a CMakeFiles/RP2040_INFO.dir/G_/Raspberry_Pi/Pico_SDK_v1.5.1/pico-sdk/src/rp2_common/pico_runtime/runtime.c.obj
 .comment       0x00000049       0x4a CMakeFiles/RP2040_INFO.dir/G_/Raspberry_Pi/Pico_SDK_v1.5.1/pico-sdk/src/rp2_common/pico_printf/printf.c.obj
 .comment       0x00000049       0x4a CMakeFiles/RP2040_INFO.dir/G_/Raspberry_Pi/Pico_SDK_v1.5.1/pico-sdk/src/rp2_common/pico_bootrom/bootrom.c.obj
 .comment       0x00000049       0x4a CMakeFiles/RP2040_INFO.dir/G_/Raspberry_Pi/Pico_SDK_v1.5.1/pico-sdk/src/rp2_common/pico_double/double_init_rom.c.obj
 .comment       0x00000049       0x4a CMakeFiles/RP2040_INFO.dir/G_/Raspberry_Pi/Pico_SDK_v1.5.1/pico-sdk/src/rp2_common/pico_float/float_init_rom.c.obj
 .comment       0x00000049       0x4a CMakeFiles/RP2040_INFO.dir/G_/Raspberry_Pi/Pico_SDK_v1.5.1/pico-sdk/src/rp2_common/pico_standard_link/binary_info.c.obj
 .comment       0x00000049       0x4a CMakeFiles/RP2040_INFO.dir/G_/Raspberry_Pi/Pico_SDK_v1.5.1/pico-sdk/src/rp2_common/pico_stdio/stdio.c.obj
 .comment       0x00000049       0x4a CMakeFiles/RP2040_INFO.dir/G_/Raspberry_Pi/Pico_SDK_v1.5.1/pico-sdk/src/rp2_common/pico_stdio_uart/stdio_uart.c.obj

.debug_info     0x00000000    0x15ca5
 .debug_info    0x00000000      0x70a CMakeFiles/RP2040_INFO.dir/RP2040_INFO.c.obj
 .debug_info    0x0000070a     0x187e CMakeFiles/RP2040_INFO.dir/G_/Raspberry_Pi/Pico_SDK_v1.5.1/pico-sdk/src/rp2_common/hardware_gpio/gpio.c.obj
 .debug_info    0x00001f88      0x1e3 CMakeFiles/RP2040_INFO.dir/G_/Raspberry_Pi/Pico_SDK_v1.5.1/pico-sdk/src/rp2_common/pico_platform/platform.c.obj
 .debug_info    0x0000216b      0x6be CMakeFiles/RP2040_INFO.dir/G_/Raspberry_Pi/Pico_SDK_v1.5.1/pico-sdk/src/rp2_common/hardware_claim/claim.c.obj
 .debug_info    0x00002829      0x58e CMakeFiles/RP2040_INFO.dir/G_/Raspberry_Pi/Pico_SDK_v1.5.1/pico-sdk/src/rp2_common/hardware_sync/sync.c.obj
 .debug_info    0x00002db7     0x1c9e CMakeFiles/RP2040_INFO.dir/G_/Raspberry_Pi/Pico_SDK_v1.5.1/pico-sdk/src/rp2_common/hardware_irq/irq.c.obj
 .debug_info    0x00004a55      0x1a4 CMakeFiles/RP2040_INFO.dir/G_/Raspberry_Pi/Pico_SDK_v1.5.1/pico-sdk/src/common/pico_sync/lock_core.c.obj
 .debug_info    0x00004bf9     0x20d5 CMakeFiles/RP2040_INFO.dir/G_/Raspberry_Pi/Pico_SDK_v1.5.1/pico-sdk/src/common/pico_sync/mutex.c.obj
 .debug_info    0x00006cce     0x4068 CMakeFiles/RP2040_INFO.dir/G_/Raspberry_Pi/Pico_SDK_v1.5.1/pico-sdk/src/common/pico_time/time.c.obj
 .debug_info    0x0000ad36     0x13f0 CMakeFiles/RP2040_INFO.dir/G_/Raspberry_Pi/Pico_SDK_v1.5.1/pico-sdk/src/rp2_common/hardware_timer/timer.c.obj
 .debug_info    0x0000c126     0x123b CMakeFiles/RP2040_INFO.dir/G_/Raspberry_Pi/Pico_SDK_v1.5.1/pico-sdk/src/common/pico_util/pheap.c.obj
 .debug_info    0x0000d361      0xdd2 CMakeFiles/RP2040_INFO.dir/G_/Raspberry_Pi/Pico_SDK_v1.5.1/pico-sdk/src/rp2_common/hardware_uart/uart.c.obj
 .debug_info    0x0000e133      0xfcf CMakeFiles/RP2040_INFO.dir/G_/Raspberry_Pi/Pico_SDK_v1.5.1/pico-sdk/src/rp2_common/hardware_clocks/clocks.c.obj
 .debug_info    0x0000f102      0x51b CMakeFiles/RP2040_INFO.dir/G_/Raspberry_Pi/Pico_SDK_v1.5.1/pico-sdk/src/rp2_common/hardware_pll/pll.c.obj
 .debug_info    0x0000f61d      0x4ee CMakeFiles/RP2040_INFO.dir/G_/Raspberry_Pi/Pico_SDK_v1.5.1/pico-sdk/src/rp2_common/hardware_watchdog/watchdog.c.obj
 .debug_info    0x0000fb0b      0x1d8 CMakeFiles/RP2040_INFO.dir/G_/Raspberry_Pi/Pico_SDK_v1.5.1/pico-sdk/src/rp2_common/hardware_xosc/xosc.c.obj
 .debug_info    0x0000fce3     0x1053 CMakeFiles/RP2040_INFO.dir/G_/Raspberry_Pi/Pico_SDK_v1.5.1/pico-sdk/src/rp2_common/pico_runtime/runtime.c.obj
 .debug_info    0x00010d36     0x1a5f CMakeFiles/RP2040_INFO.dir/G_/Raspberry_Pi/Pico_SDK_v1.5.1/pico-sdk/src/rp2_common/pico_printf/printf.c.obj
 .debug_info    0x00012795       0x22 CMakeFiles/RP2040_INFO.dir/G_/Raspberry_Pi/Pico_SDK_v1.5.1/pico-sdk/src/rp2_common/pico_bit_ops/bit_ops_aeabi.S.obj
 .debug_info    0x000127b7      0x27c CMakeFiles/RP2040_INFO.dir/G_/Raspberry_Pi/Pico_SDK_v1.5.1/pico-sdk/src/rp2_common/pico_bootrom/bootrom.c.obj
 .debug_info    0x00012a33       0x22 CMakeFiles/RP2040_INFO.dir/G_/Raspberry_Pi/Pico_SDK_v1.5.1/pico-sdk/src/rp2_common/pico_divider/divider.S.obj
 .debug_info    0x00012a55       0x22 CMakeFiles/RP2040_INFO.dir/G_/Raspberry_Pi/Pico_SDK_v1.5.1/pico-sdk/src/rp2_common/pico_double/double_aeabi.S.obj
 .debug_info    0x00012a77      0x2d1 CMakeFiles/RP2040_INFO.dir/G_/Raspberry_Pi/Pico_SDK_v1.5.1/pico-sdk/src/rp2_common/pico_double/double_init_rom.c.obj
 .debug_info    0x00012d48       0x22 CMakeFiles/RP2040_INFO.dir/G_/Raspberry_Pi/Pico_SDK_v1.5.1/pico-sdk/src/rp2_common/pico_double/double_v1_rom_shim.S.obj
 .debug_info    0x00012d6a       0x26 CMakeFiles/RP2040_INFO.dir/G_/Raspberry_Pi/Pico_SDK_v1.5.1/pico-sdk/src/rp2_common/pico_int64_ops/pico_int64_ops_aeabi.S.obj
 .debug_info    0x00012d90       0x22 CMakeFiles/RP2040_INFO.dir/G_/Raspberry_Pi/Pico_SDK_v1.5.1/pico-sdk/src/rp2_common/pico_float/float_aeabi.S.obj
 .debug_info    0x00012db2      0x2eb CMakeFiles/RP2040_INFO.dir/G_/Raspberry_Pi/Pico_SDK_v1.5.1/pico-sdk/src/rp2_common/pico_float/float_init_rom.c.obj
 .debug_info    0x0001309d       0x22 CMakeFiles/RP2040_INFO.dir/G_/Raspberry_Pi/Pico_SDK_v1.5.1/pico-sdk/src/rp2_common/pico_float/float_v1_rom_shim.S.obj
 .debug_info    0x000130bf       0x22 CMakeFiles/RP2040_INFO.dir/G_/Raspberry_Pi/Pico_SDK_v1.5.1/pico-sdk/src/rp2_common/pico_mem_ops/mem_ops_aeabi.S.obj
 .debug_info    0x000130e1       0x22 CMakeFiles/RP2040_INFO.dir/G_/Raspberry_Pi/Pico_SDK_v1.5.1/pico-sdk/src/rp2_common/pico_standard_link/crt0.S.obj
 .debug_info    0x00013103      0x32c CMakeFiles/RP2040_INFO.dir/G_/Raspberry_Pi/Pico_SDK_v1.5.1/pico-sdk/src/rp2_common/pico_standard_link/binary_info.c.obj
 .debug_info    0x0001342f     0x1827 CMakeFiles/RP2040_INFO.dir/G_/Raspberry_Pi/Pico_SDK_v1.5.1/pico-sdk/src/rp2_common/pico_stdio/stdio.c.obj
 .debug_info    0x00014c56     0x104f CMakeFiles/RP2040_INFO.dir/G_/Raspberry_Pi/Pico_SDK_v1.5.1/pico-sdk/src/rp2_common/pico_stdio_uart/stdio_uart.c.obj

.debug_abbrev   0x00000000     0x42b1
 .debug_abbrev  0x00000000      0x20a CMakeFiles/RP2040_INFO.dir/RP2040_INFO.c.obj
 .debug_abbrev  0x0000020a      0x379 CMakeFiles/RP2040_INFO.dir/G_/Raspberry_Pi/Pico_SDK_v1.5.1/pico-sdk/src/rp2_common/hardware_gpio/gpio.c.obj
 .debug_abbrev  0x00000583       0xeb CMakeFiles/RP2040_INFO.dir/G_/Raspberry_Pi/Pico_SDK_v1.5.1/pico-sdk/src/rp2_common/pico_platform/platform.c.obj
 .debug_abbrev  0x0000066e      0x2e9 CMakeFiles/RP2040_INFO.dir/G_/Raspberry_Pi/Pico_SDK_v1.5.1/pico-sdk/src/rp2_common/hardware_claim/claim.c.obj
 .debug_abbrev  0x00000957      0x21b CMakeFiles/RP2040_INFO.dir/G_/Raspberry_Pi/Pico_SDK_v1.5.1/pico-sdk/src/rp2_common/hardware_sync/sync.c.obj
 .debug_abbrev  0x00000b72      0x4e7 CMakeFiles/RP2040_INFO.dir/G_/Raspberry_Pi/Pico_SDK_v1.5.1/pico-sdk/src/rp2_common/hardware_irq/irq.c.obj
 .debug_abbrev  0x00001059      0x116 CMakeFiles/RP2040_INFO.dir/G_/Raspberry_Pi/Pico_SDK_v1.5.1/pico-sdk/src/common/pico_sync/lock_core.c.obj
 .debug_abbrev  0x0000116f      0x397 CMakeFiles/RP2040_INFO.dir/G_/Raspberry_Pi/Pico_SDK_v1.5.1/pico-sdk/src/common/pico_sync/mutex.c.obj
 .debug_abbrev  0x00001506      0x571 CMakeFiles/RP2040_INFO.dir/G_/Raspberry_Pi/Pico_SDK_v1.5.1/pico-sdk/src/common/pico_time/time.c.obj
 .debug_abbrev  0x00001a77      0x3b8 CMakeFiles/RP2040_INFO.dir/G_/Raspberry_Pi/Pico_SDK_v1.5.1/pico-sdk/src/rp2_common/hardware_timer/timer.c.obj
 .debug_abbrev  0x00001e2f      0x297 CMakeFiles/RP2040_INFO.dir/G_/Raspberry_Pi/Pico_SDK_v1.5.1/pico-sdk/src/common/pico_util/pheap.c.obj
 .debug_abbrev  0x000020c6      0x31c CMakeFiles/RP2040_INFO.dir/G_/Raspberry_Pi/Pico_SDK_v1.5.1/pico-sdk/src/rp2_common/hardware_uart/uart.c.obj
 .debug_abbrev  0x000023e2      0x3c7 CMakeFiles/RP2040_INFO.dir/G_/Raspberry_Pi/Pico_SDK_v1.5.1/pico-sdk/src/rp2_common/hardware_clocks/clocks.c.obj
 .debug_abbrev  0x000027a9      0x1ea CMakeFiles/RP2040_INFO.dir/G_/Raspberry_Pi/Pico_SDK_v1.5.1/pico-sdk/src/rp2_common/hardware_pll/pll.c.obj
 .debug_abbrev  0x00002993      0x1a8 CMakeFiles/RP2040_INFO.dir/G_/Raspberry_Pi/Pico_SDK_v1.5.1/pico-sdk/src/rp2_common/hardware_watchdog/watchdog.c.obj
 .debug_abbrev  0x00002b3b      0x109 CMakeFiles/RP2040_INFO.dir/G_/Raspberry_Pi/Pico_SDK_v1.5.1/pico-sdk/src/rp2_common/hardware_xosc/xosc.c.obj
 .debug_abbrev  0x00002c44      0x4cb CMakeFiles/RP2040_INFO.dir/G_/Raspberry_Pi/Pico_SDK_v1.5.1/pico-sdk/src/rp2_common/pico_runtime/runtime.c.obj
 .debug_abbrev  0x0000310f      0x384 CMakeFiles/RP2040_INFO.dir/G_/Raspberry_Pi/Pico_SDK_v1.5.1/pico-sdk/src/rp2_common/pico_printf/printf.c.obj
 .debug_abbrev  0x00003493       0x12 CMakeFiles/RP2040_INFO.dir/G_/Raspberry_Pi/Pico_SDK_v1.5.1/pico-sdk/src/rp2_common/pico_bit_ops/bit_ops_aeabi.S.obj
 .debug_abbrev  0x000034a5      0x13b CMakeFiles/RP2040_INFO.dir/G_/Raspberry_Pi/Pico_SDK_v1.5.1/pico-sdk/src/rp2_common/pico_bootrom/bootrom.c.obj
 .debug_abbrev  0x000035e0       0x12 CMakeFiles/RP2040_INFO.dir/G_/Raspberry_Pi/Pico_SDK_v1.5.1/pico-sdk/src/rp2_common/pico_divider/divider.S.obj
 .debug_abbrev  0x000035f2       0x12 CMakeFiles/RP2040_INFO.dir/G_/Raspberry_Pi/Pico_SDK_v1.5.1/pico-sdk/src/rp2_common/pico_double/double_aeabi.S.obj
 .debug_abbrev  0x00003604      0x179 CMakeFiles/RP2040_INFO.dir/G_/Raspberry_Pi/Pico_SDK_v1.5.1/pico-sdk/src/rp2_common/pico_double/double_init_rom.c.obj
 .debug_abbrev  0x0000377d       0x12 CMakeFiles/RP2040_INFO.dir/G_/Raspberry_Pi/Pico_SDK_v1.5.1/pico-sdk/src/rp2_common/pico_double/double_v1_rom_shim.S.obj
 .debug_abbrev  0x0000378f       0x14 CMakeFiles/RP2040_INFO.dir/G_/Raspberry_Pi/Pico_SDK_v1.5.1/pico-sdk/src/rp2_common/pico_int64_ops/pico_int64_ops_aeabi.S.obj
 .debug_abbrev  0x000037a3       0x12 CMakeFiles/RP2040_INFO.dir/G_/Raspberry_Pi/Pico_SDK_v1.5.1/pico-sdk/src/rp2_common/pico_float/float_aeabi.S.obj
 .debug_abbrev  0x000037b5      0x18c CMakeFiles/RP2040_INFO.dir/G_/Raspberry_Pi/Pico_SDK_v1.5.1/pico-sdk/src/rp2_common/pico_float/float_init_rom.c.obj
 .debug_abbrev  0x00003941       0x12 CMakeFiles/RP2040_INFO.dir/G_/Raspberry_Pi/Pico_SDK_v1.5.1/pico-sdk/src/rp2_common/pico_float/float_v1_rom_shim.S.obj
 .debug_abbrev  0x00003953       0x12 CMakeFiles/RP2040_INFO.dir/G_/Raspberry_Pi/Pico_SDK_v1.5.1/pico-sdk/src/rp2_common/pico_mem_ops/mem_ops_aeabi.S.obj
 .debug_abbrev  0x00003965       0x12 CMakeFiles/RP2040_INFO.dir/G_/Raspberry_Pi/Pico_SDK_v1.5.1/pico-sdk/src/rp2_common/pico_standard_link/crt0.S.obj
 .debug_abbrev  0x00003977       0xad CMakeFiles/RP2040_INFO.dir/G_/Raspberry_Pi/Pico_SDK_v1.5.1/pico-sdk/src/rp2_common/pico_standard_link/binary_info.c.obj
 .debug_abbrev  0x00003a24      0x4a5 CMakeFiles/RP2040_INFO.dir/G_/Raspberry_Pi/Pico_SDK_v1.5.1/pico-sdk/src/rp2_common/pico_stdio/stdio.c.obj
 .debug_abbrev  0x00003ec9      0x3e8 CMakeFiles/RP2040_INFO.dir/G_/Raspberry_Pi/Pico_SDK_v1.5.1/pico-sdk/src/rp2_common/pico_stdio_uart/stdio_uart.c.obj

.debug_loc      0x00000000     0xec19
 .debug_loc     0x00000000       0xf3 CMakeFiles/RP2040_INFO.dir/RP2040_INFO.c.obj
 .debug_loc     0x000000f3     0x1237 CMakeFiles/RP2040_INFO.dir/G_/Raspberry_Pi/Pico_SDK_v1.5.1/pico-sdk/src/rp2_common/hardware_gpio/gpio.c.obj