Archive member included to satisfy reference by file (symbol)

c:/program files (x86)/gnu arm embedded toolchain/10 2021.10/bin/../lib/gcc/arm-none-eabi/10.3.1/thumb/v6-m/nofp\libgcc.a(_dvmd_tls.o)
                              CMakeFiles/RP2040_Test.dir/F_/Raspberry_Pi/Pico_SDK_v1.5.1/pico-sdk/src/rp2_common/pico_divider/divider.S.obj (__aeabi_idiv0)
c:/program files (x86)/gnu arm embedded toolchain/10 2021.10/bin/../lib/gcc/arm-none-eabi/10.3.1/thumb/v6-m/nofp\libgcc.a(unwind-arm.o)
                              CMakeFiles/RP2040_Test.dir/RP2040_Test.cpp.obj (__aeabi_unwind_cpp_pr0)
c:/program files (x86)/gnu arm embedded toolchain/10 2021.10/bin/../lib/gcc/arm-none-eabi/10.3.1/thumb/v6-m/nofp\libgcc.a(libunwind.o)
                              c:/program files (x86)/gnu arm embedded toolchain/10 2021.10/bin/../lib/gcc/arm-none-eabi/10.3.1/thumb/v6-m/nofp\libgcc.a(unwind-arm.o) (restore_core_regs)
c:/program files (x86)/gnu arm embedded toolchain/10 2021.10/bin/../lib/gcc/arm-none-eabi/10.3.1/thumb/v6-m/nofp\libgcc.a(pr-support.o)
                              c:/program files (x86)/gnu arm embedded toolchain/10 2021.10/bin/../lib/gcc/arm-none-eabi/10.3.1/thumb/v6-m/nofp\libgcc.a(unwind-arm.o) (__gnu_unwind_execute)
c:/program files (x86)/gnu arm embedded toolchain/10 2021.10/bin/../lib/gcc/arm-none-eabi/10.3.1/../../../../arm-none-eabi/lib/thumb/v6-m/nofp\libg.a(lib_a-abort.o)
                              c:/program files (x86)/gnu arm embedded toolchain/10 2021.10/bin/../lib/gcc/arm-none-eabi/10.3.1/thumb/v6-m/nofp\libgcc.a(unwind-arm.o) (abort)
c:/program files (x86)/gnu arm embedded toolchain/10 2021.10/bin/../lib/gcc/arm-none-eabi/10.3.1/../../../../arm-none-eabi/lib/thumb/v6-m/nofp\libg.a(lib_a-calloc.o)
                              CMakeFiles/RP2040_Test.dir/F_/Raspberry_Pi/Pico_SDK_v1.5.1/pico-sdk/src/rp2_common/pico_malloc/pico_malloc.c.obj (calloc)
c:/program files (x86)/gnu arm embedded toolchain/10 2021.10/bin/../lib/gcc/arm-none-eabi/10.3.1/../../../../arm-none-eabi/lib/thumb/v6-m/nofp\libg.a(lib_a-callocr.o)
                              c:/program files (x86)/gnu arm embedded toolchain/10 2021.10/bin/../lib/gcc/arm-none-eabi/10.3.1/../../../../arm-none-eabi/lib/thumb/v6-m/nofp\libg.a(lib_a-calloc.o) (_calloc_r)
c:/program files (x86)/gnu arm embedded toolchain/10 2021.10/bin/../lib/gcc/arm-none-eabi/10.3.1/../../../../arm-none-eabi/lib/thumb/v6-m/nofp\libg.a(lib_a-errno.o)
                              c:/program files (x86)/gnu arm embedded toolchain/10 2021.10/bin/../lib/gcc/arm-none-eabi/10.3.1/../../../../arm-none-eabi/lib/thumb/v6-m/nofp\libg.a(lib_a-callocr.o) (__errno)
c:/program files (x86)/gnu arm embedded toolchain/10 2021.10/bin/../lib/gcc/arm-none-eabi/10.3.1/../../../../arm-none-eabi/lib/thumb/v6-m/nofp\libg.a(lib_a-impure.o)
                              c:/program files (x86)/gnu arm embedded toolchain/10 2021.10/bin/../lib/gcc/arm-none-eabi/10.3.1/../../../../arm-none-eabi/lib/thumb/v6-m/nofp\libg.a(lib_a-calloc.o) (_impure_ptr)
c:/program files (x86)/gnu arm embedded toolchain/10 2021.10/bin/../lib/gcc/arm-none-eabi/10.3.1/../../../../arm-none-eabi/lib/thumb/v6-m/nofp\libg.a(lib_a-init.o)
                              c:/program files (x86)/gnu arm embedded toolchain/10 2021.10/bin/../lib/gcc/arm-none-eabi/10.3.1/../../../../arm-none-eabi/lib/thumb/v6-m/nofp/crt0.o (__libc_init_array)
c:/program files (x86)/gnu arm embedded toolchain/10 2021.10/bin/../lib/gcc/arm-none-eabi/10.3.1/../../../../arm-none-eabi/lib/thumb/v6-m/nofp\libg.a(lib_a-malloc.o)
                              CMakeFiles/RP2040_Test.dir/F_/Raspberry_Pi/Pico_SDK_v1.5.1/pico-sdk/src/rp2_common/pico_malloc/pico_malloc.c.obj (malloc)
c:/program files (x86)/gnu arm embedded toolchain/10 2021.10/bin/../lib/gcc/arm-none-eabi/10.3.1/../../../../arm-none-eabi/lib/thumb/v6-m/nofp\libg.a(lib_a-mallocr.o)
                              c:/program files (x86)/gnu arm embedded toolchain/10 2021.10/bin/../lib/gcc/arm-none-eabi/10.3.1/../../../../arm-none-eabi/lib/thumb/v6-m/nofp\libg.a(lib_a-callocr.o) (_malloc_r)
c:/program files (x86)/gnu arm embedded toolchain/10 2021.10/bin/../lib/gcc/arm-none-eabi/10.3.1/../../../../arm-none-eabi/lib/thumb/v6-m/nofp\libg.a(lib_a-mlock.o)
                              c:/program files (x86)/gnu arm embedded toolchain/10 2021.10/bin/../lib/gcc/arm-none-eabi/10.3.1/../../../../arm-none-eabi/lib/thumb/v6-m/nofp\libg.a(lib_a-mallocr.o) (__malloc_lock)
c:/program files (x86)/gnu arm embedded toolchain/10 2021.10/bin/../lib/gcc/arm-none-eabi/10.3.1/../../../../arm-none-eabi/lib/thumb/v6-m/nofp\libg.a(lib_a-realloc.o)
                              CMakeFiles/RP2040_Test.dir/F_/Raspberry_Pi/Pico_SDK_v1.5.1/pico-sdk/src/rp2_common/pico_malloc/pico_malloc.c.obj (realloc)
c:/program files (x86)/gnu arm embedded toolchain/10 2021.10/bin/../lib/gcc/arm-none-eabi/10.3.1/../../../../arm-none-eabi/lib/thumb/v6-m/nofp\libg.a(lib_a-reallocr.o)
[...]
Memory Configuration

Name             Origin             Length             Attributes
FLASH            0x10000000         0x00200000         xr
RAM              0x20000000         0x00040000         xrw
SCRATCH_X        0x20040000         0x00001000         xrw
SCRATCH_Y        0x20041000         0x00001000         xrw
*default*        0x00000000         0xffffffff

Linker script and memory map

LOAD c:/program files (x86)/gnu arm embedded toolchain/10 2021.10/bin/../lib/gcc/arm-none-eabi/10.3.1/thumb/v6-m/nofp/crti.o
LOAD c:/program files (x86)/gnu arm embedded toolchain/10 2021.10/bin/../lib/gcc/arm-none-eabi/10.3.1/thumb/v6-m/nofp/crtbegin.o
LOAD c:/program files (x86)/gnu arm embedded toolchain/10 2021.10/bin/../lib/gcc/arm-none-eabi/10.3.1/../../../../arm-none-eabi/lib/thumb/v6-m/nofp/crt0.o

.flash_begin    0x10000000        0x0
                0x10000000                __flash_binary_start = .

.boot2          0x10000000      0x100
                0x10000000                __boot2_start__ = .
 *(.boot2)
 .boot2         0x10000000      0x100 C:\Users\ADMINI~1\AppData\Local\Temp\ccaefyof.o
                0x10000100                __boot2_end__ = .
                0x00000001                ASSERT (((__boot2_end__ - __boot2_start__) == 0x100), ERROR: Pico second stage bootloader must be 256 bytes in size)

.text           0x10000100     0x49b0
                0x10000100                __logical_binary_start = .
 *(.vectors)
 .vectors       0x10000100       0xd4 CMakeFiles/RP2040_Test.dir/F_/Raspberry_Pi/Pico_SDK_v1.5.1/pico-sdk/src/rp2_common/pico_standard_link/crt0.S.obj
                0x10000100                __VECTOR_TABLE
                0x10000100                __vectors
                0x100001c0                isr_invalid
                0x100001c0                __default_isrs_start
                0x100001c2                isr_nmi
                0x100001c4                isr_hardfault
                0x100001c6                isr_svcall
                0x100001c8                isr_pendsv
                0x100001ca                isr_systick
                0x100001cc                isr_irq23
                0x100001cc                isr_irq18
                0x100001cc                isr_irq11
                0x100001cc                isr_irq28
                0x100001cc                isr_irq19
                0x100001cc                isr_irq0
                0x100001cc                isr_irq6
                0x100001cc                isr_irq5
                0x100001cc                isr_irq12
                0x100001cc                isr_irq22
                0x100001cc                isr_irq31
                0x100001cc                isr_irq17
                0x100001cc                isr_irq27
                0x100001cc                isr_irq30
                0x100001cc                isr_irq2
                0x100001cc                isr_irq10
                0x100001cc                isr_irq8
                0x100001cc                isr_irq24
                0x100001cc                isr_irq1
                0x100001cc                isr_irq7
                0x100001cc                isr_irq21
                0x100001cc                isr_irq20
                0x100001cc                isr_irq15
                0x100001cc                isr_irq25
                0x100001cc                isr_irq13
                0x100001cc                __unhandled_user_irq
                0x100001cc                isr_irq4
                0x100001cc                isr_irq16
                0x100001cc                isr_irq29
                0x100001cc                isr_irq26
                0x100001cc                __default_isrs_end
                0x100001cc                isr_irq3
                0x100001cc                isr_irq14
                0x100001cc                isr_irq9
                0x100001d2                unhandled_user_irq_num_in_r0
 *(.binary_info_header)
 .binary_info_header
                0x100001d4       0x14 CMakeFiles/RP2040_Test.dir/F_/Raspberry_Pi/Pico_SDK_v1.5.1/pico-sdk/src/rp2_common/pico_standard_link/crt0.S.obj
                0x100001e8                __binary_info_header_end = .
 *(.reset)
 .reset         0x100001e8       0xa0 CMakeFiles/RP2040_Test.dir/F_/Raspberry_Pi/Pico_SDK_v1.5.1/pico-sdk/src/rp2_common/pico_standard_link/crt0.S.obj
                0x100001e8                _entry_point
 .reset         0x10000288       0x30 CMakeFiles/RP2040_Test.dir/F_/Raspberry_Pi/Pico_SDK_v1.5.1/pico-sdk/src/rp2_common/pico_standard_link/binary_info.c.obj
 *(.init)
 .init          0x100002b8        0x4 c:/program files (x86)/gnu arm embedded toolchain/10 2021.10/bin/../lib/gcc/arm-none-eabi/10.3.1/thumb/v6-m/nofp/crti.o
                0x100002b8                _init
 *(EXCLUDE_FILE(*libm.a: *libc.a:*lib_a-mem*.o *libgcc.a:) .text*)
 .text          0x100002bc       0x48 c:/program files (x86)/gnu arm embedded toolchain/10 2021.10/bin/../lib/gcc/arm-none-eabi/10.3.1/thumb/v6-m/nofp/crtbegin.o
 .text._ZL21ADC_IRQ_FIFO_Callbackv
                0x10000304       0x48 CMakeFiles/RP2040_Test.dir/RP2040_Test.cpp.obj
 .text._Z3adcv  0x1000034c       0xcc CMakeFiles/RP2040_Test.dir/RP2040_Test.cpp.obj
                0x1000034c                adc()
 .text.main     0x10000418       0x98 CMakeFiles/RP2040_Test.dir/RP2040_Test.cpp.obj
                0x10000418                main
 .text.gpio_set_function
                0x100004b0       0x30 CMakeFiles/RP2040_Test.dir/F_/Raspberry_Pi/Pico_SDK_v1.5.1/pico-sdk/src/rp2_common/hardware_gpio/gpio.c.obj
                0x100004b0                gpio_set_function
 .text.gpio_set_pulls
                0x100004e0       0x34 CMakeFiles/RP2040_Test.dir/F_/Raspberry_Pi/Pico_SDK_v1.5.1/pico-sdk/src/rp2_common/hardware_gpio/gpio.c.obj
                0x100004e0                gpio_set_pulls
 .text.gpio_set_input_enabled
                0x10000514       0x30 CMakeFiles/RP2040_Test.dir/F_/Raspberry_Pi/Pico_SDK_v1.5.1/pico-sdk/src/rp2_common/hardware_gpio/gpio.c.obj
                0x10000514                gpio_set_input_enabled
 .text.gpio_init
                0x10000544       0x16 CMakeFiles/RP2040_Test.dir/F_/Raspberry_Pi/Pico_SDK_v1.5.1/pico-sdk/src/rp2_common/hardware_gpio/gpio.c.obj
                0x10000544                gpio_init
 *fill*         0x1000055a        0x2 
 .text.running_on_fpga
                0x1000055c       0x14 CMakeFiles/RP2040_Test.dir/F_/Raspberry_Pi/Pico_SDK_v1.5.1/pico-sdk/src/rp2_common/pico_platform/platform.c.obj
                0x1000055c                running_on_fpga
 .text.hw_claim_lock
                0x10000570       0x18 CMakeFiles/RP2040_Test.dir/F_/Raspberry_Pi/Pico_SDK_v1.5.1/pico-sdk/src/rp2_common/hardware_claim/claim.c.obj
                0x10000570                hw_claim_lock
 .text.hw_claim_unlock
                0x10000588       0x14 CMakeFiles/RP2040_Test.dir/F_/Raspberry_Pi/Pico_SDK_v1.5.1/pico-sdk/src/rp2_common/hardware_claim/claim.c.obj
                0x10000588                hw_claim_unlock
 .text.hw_claim_or_assert
                0x1000059c       0x32 CMakeFiles/RP2040_Test.dir/F_/Raspberry_Pi/Pico_SDK_v1.5.1/pico-sdk/src/rp2_common/hardware_claim/claim.c.obj
                0x1000059c                hw_claim_or_assert
 *fill*         0x100005ce        0x2 
 .text.spin_locks_reset
                0x100005d0       0x20 CMakeFiles/RP2040_Test.dir/F_/Raspberry_Pi/Pico_SDK_v1.5.1/pico-sdk/src/rp2_common/hardware_sync/sync.c.obj
                0x100005d0                spin_locks_reset
 .text.next_striped_spin_lock_num
                0x100005f0       0x1c CMakeFiles/RP2040_Test.dir/F_/Raspberry_Pi/Pico_SDK_v1.5.1/pico-sdk/src/rp2_common/hardware_sync/sync.c.obj
                0x100005f0                next_striped_spin_lock_num
 .text.set_raw_irq_handler_and_unlock
                0x1000060c       0x28 CMakeFiles/RP2040_Test.dir/F_/Raspberry_Pi/Pico_SDK_v1.5.1/pico-sdk/src/rp2_common/hardware_irq/irq.c.obj
 .text.make_branch
                0x10000634       0x48 CMakeFiles/RP2040_Test.dir/F_/Raspberry_Pi/Pico_SDK_v1.5.1/pico-sdk/src/rp2_common/hardware_irq/irq.c.obj
 .text.insert_branch_and_link
                0x1000067c       0x40 CMakeFiles/RP2040_Test.dir/F_/Raspberry_Pi/Pico_SDK_v1.5.1/pico-sdk/src/rp2_common/hardware_irq/irq.c.obj
 .text.irq_is_enabled
                0x100006bc       0x18 CMakeFiles/RP2040_Test.dir/F_/Raspberry_Pi/Pico_SDK_v1.5.1/pico-sdk/src/rp2_common/hardware_irq/irq.c.obj
                0x100006bc                irq_is_enabled
 .text.irq_set_mask_enabled
                0x100006d4       0x20 CMakeFiles/RP2040_Test.dir/F_/Raspberry_Pi/Pico_SDK_v1.5.1/pico-sdk/src/rp2_common/hardware_irq/irq.c.obj
                0x100006d4                irq_set_mask_enabled
 .text.irq_set_enabled
                0x100006f4        0xe CMakeFiles/RP2040_Test.dir/F_/Raspberry_Pi/Pico_SDK_v1.5.1/pico-sdk/src/rp2_common/hardware_irq/irq.c.obj
                0x100006f4                irq_set_enabled
 *fill*         0x10000702        0x2 
 .text.irq_get_vtable_handler
                0x10000704       0x10 CMakeFiles/RP2040_Test.dir/F_/Raspberry_Pi/Pico_SDK_v1.5.1/pico-sdk/src/rp2_common/hardware_irq/irq.c.obj
                0x10000704                irq_get_vtable_handler
 .text.irq_set_exclusive_handler
                0x10000714       0x54 CMakeFiles/RP2040_Test.dir/F_/Raspberry_Pi/Pico_SDK_v1.5.1/pico-sdk/src/rp2_common/hardware_irq/irq.c.obj
                0x10000714                irq_set_exclusive_handler
 .text.irq_remove_handler
                0x10000768      0x1ac CMakeFiles/RP2040_Test.dir/F_/Raspberry_Pi/Pico_SDK_v1.5.1/pico-sdk/src/rp2_common/hardware_irq/irq.c.obj
                0x10000768                irq_remove_handler
 .text.irq_set_priority
                0x10000914       0x28 CMakeFiles/RP2040_Test.dir/F_/Raspberry_Pi/Pico_SDK_v1.5.1/pico-sdk/src/rp2_common/hardware_irq/irq.c.obj
                0x10000914                irq_set_priority
 .text.irq_add_tail_to_free_list
                0x1000093c       0xf0 CMakeFiles/RP2040_Test.dir/F_/Raspberry_Pi/Pico_SDK_v1.5.1/pico-sdk/src/rp2_common/hardware_irq/irq.c.obj
                0x1000093c                irq_add_tail_to_free_list
 .text.irq_init_priorities
                0x10000a2c       0x1c CMakeFiles/RP2040_Test.dir/F_/Raspberry_Pi/Pico_SDK_v1.5.1/pico-sdk/src/rp2_common/hardware_irq/irq.c.obj
                0x10000a2c                irq_init_priorities
 .text.lock_init
                0x10000a48       0x10 CMakeFiles/RP2040_Test.dir/F_/Raspberry_Pi/Pico_SDK_v1.5.1/pico-sdk/src/common/pico_sync/lock_core.c.obj
                0x10000a48                lock_init
 .text.mutex_init
                0x10000a58       0x1a CMakeFiles/RP2040_Test.dir/F_/Raspberry_Pi/Pico_SDK_v1.5.1/pico-sdk/src/common/pico_sync/mutex.c.obj
                0x10000a58                mutex_init
 .text.recursive_mutex_init
                0x10000a72       0x1e CMakeFiles/RP2040_Test.dir/F_/Raspberry_Pi/Pico_SDK_v1.5.1/pico-sdk/src/common/pico_sync/mutex.c.obj
                0x10000a72                recursive_mutex_init
 .text.alarm_pool_post_alloc_init
                0x10000a90       0x40 CMakeFiles/RP2040_Test.dir/F_/Raspberry_Pi/Pico_SDK_v1.5.1/pico-sdk/src/common/pico_time/time.c.obj
 .text.sleep_until_callback
                0x10000ad0       0x30 CMakeFiles/RP2040_Test.dir/F_/Raspberry_Pi/Pico_SDK_v1.5.1/pico-sdk/src/common/pico_time/time.c.obj
 .text.timer_pool_entry_comparator
                0x10000b00       0x7c CMakeFiles/RP2040_Test.dir/F_/Raspberry_Pi/Pico_SDK_v1.5.1/pico-sdk/src/common/pico_time/time.c.obj
                0x10000b00                timer_pool_entry_comparator
 .text.ph_add_child_node
                0x10000b7c       0xa4 CMakeFiles/RP2040_Test.dir/F_/Raspberry_Pi/Pico_SDK_v1.5.1/pico-sdk/src/common/pico_time/time.c.obj
 .text.ph_merge_nodes
                0x10000c20       0x3e CMakeFiles/RP2040_Test.dir/F_/Raspberry_Pi/Pico_SDK_v1.5.1/pico-sdk/src/common/pico_time/time.c.obj
 *fill*         0x10000c5e        0x2 
 .text.add_alarm_under_lock
                0x10000c60      0x174 CMakeFiles/RP2040_Test.dir/F_/Raspberry_Pi/Pico_SDK_v1.5.1/pico-sdk/src/common/pico_time/time.c.obj
 .text.alarm_pool_alarm_callback
                0x10000dd4      0x33c CMakeFiles/RP2040_Test.dir/F_/Raspberry_Pi/Pico_SDK_v1.5.1/pico-sdk/src/common/pico_time/time.c.obj
 .text.alarm_pool_init_default
                0x10001110       0x40 CMakeFiles/RP2040_Test.dir/F_/Raspberry_Pi/Pico_SDK_v1.5.1/pico-sdk/src/common/pico_time/time.c.obj
                0x10001110                alarm_pool_init_default
 .text.alarm_pool_get_default
                0x10001150       0x2c CMakeFiles/RP2040_Test.dir/F_/Raspberry_Pi/Pico_SDK_v1.5.1/pico-sdk/src/common/pico_time/time.c.obj
                0x10001150                alarm_pool_get_default
 .text.alarm_pool_add_alarm_at
                0x1000117c      0x168 CMakeFiles/RP2040_Test.dir/F_/Raspberry_Pi/Pico_SDK_v1.5.1/pico-sdk/src/common/pico_time/time.c.obj
                0x1000117c                alarm_pool_add_alarm_at
 .text.alarm_pool_cancel_alarm
                0x100012e4       0xf8 CMakeFiles/RP2040_Test.dir/F_/Raspberry_Pi/Pico_SDK_v1.5.1/pico-sdk/src/common/pico_time/time.c.obj
                0x100012e4                alarm_pool_cancel_alarm
 .text.sleep_until
                0x100013dc       0xfc CMakeFiles/RP2040_Test.dir/F_/Raspberry_Pi/Pico_SDK_v1.5.1/pico-sdk/src/common/pico_time/time.c.obj
                0x100013dc                sleep_until
 .text.sleep_us
                0x100014d8       0x58 CMakeFiles/RP2040_Test.dir/F_/Raspberry_Pi/Pico_SDK_v1.5.1/pico-sdk/src/common/pico_time/time.c.obj
                0x100014d8                sleep_us
 .text.sleep_ms
                0x10001530       0x14 CMakeFiles/RP2040_Test.dir/F_/Raspberry_Pi/Pico_SDK_v1.5.1/pico-sdk/src/common/pico_time/time.c.obj
                0x10001530                sleep_ms
 .text.best_effort_wfe_or_timeout
                0x10001544       0xac CMakeFiles/RP2040_Test.dir/F_/Raspberry_Pi/Pico_SDK_v1.5.1/pico-sdk/src/common/pico_time/time.c.obj
                0x10001544                best_effort_wfe_or_timeout
 .text.hardware_alarm_irq_handler
                0x100015f0       0x90 CMakeFiles/RP2040_Test.dir/F_/Raspberry_Pi/Pico_SDK_v1.5.1/pico-sdk/src/rp2_common/hardware_timer/timer.c.obj
 .text.hardware_alarm_claim
                0x10001680       0x18 CMakeFiles/RP2040_Test.dir/F_/Raspberry_Pi/Pico_SDK_v1.5.1/pico-sdk/src/rp2_common/hardware_timer/timer.c.obj
                0x10001680                hardware_alarm_claim
 .text.time_us_64
                0x10001698       0x18 CMakeFiles/RP2040_Test.dir/F_/Raspberry_Pi/Pico_SDK_v1.5.1/pico-sdk/src/rp2_common/hardware_timer/timer.c.obj
                0x10001698                time_us_64
 .text.busy_wait_until
                0x100016b0       0x28 CMakeFiles/RP2040_Test.dir/F_/Raspberry_Pi/Pico_SDK_v1.5.1/pico-sdk/src/rp2_common/hardware_timer/timer.c.obj
                0x100016b0                busy_wait_until
 .text.busy_wait_us
                0x100016d8       0x48 CMakeFiles/RP2040_Test.dir/F_/Raspberry_Pi/Pico_SDK_v1.5.1/pico-sdk/src/rp2_common/hardware_timer/timer.c.obj
                0x100016d8                busy_wait_us
 .text.hardware_alarm_set_callback
                0x10001720       0x90 CMakeFiles/RP2040_Test.dir/F_/Raspberry_Pi/Pico_SDK_v1.5.1/pico-sdk/src/rp2_common/hardware_timer/timer.c.obj
                0x10001720                hardware_alarm_set_callback
 .text.hardware_alarm_set_target
                0x100017b0       0xe8 CMakeFiles/RP2040_Test.dir/F_/Raspberry_Pi/Pico_SDK_v1.5.1/pico-sdk/src/rp2_common/hardware_timer/timer.c.obj
                0x100017b0                hardware_alarm_set_target
 .text.hardware_alarm_cancel
                0x10001898       0x40 CMakeFiles/RP2040_Test.dir/F_/Raspberry_Pi/Pico_SDK_v1.5.1/pico-sdk/src/rp2_common/hardware_timer/timer.c.obj
                0x10001898                hardware_alarm_cancel
 .text.ph_add_child_node
                0x100018d8       0xa4 CMakeFiles/RP2040_Test.dir/F_/Raspberry_Pi/Pico_SDK_v1.5.1/pico-sdk/src/common/pico_util/pheap.c.obj
 .text.ph_merge_nodes
                0x1000197c       0x3e CMakeFiles/RP2040_Test.dir/F_/Raspberry_Pi/Pico_SDK_v1.5.1/pico-sdk/src/common/pico_util/pheap.c.obj
 *fill*         0x100019ba        0x2 
 .text.ph_clear
                0x100019bc       0x70 CMakeFiles/RP2040_Test.dir/F_/Raspberry_Pi/Pico_SDK_v1.5.1/pico-sdk/src/common/pico_util/pheap.c.obj
                0x100019bc                ph_clear
 .text.ph_post_alloc_init
                0x10001a2c        0xe CMakeFiles/RP2040_Test.dir/F_/Raspberry_Pi/Pico_SDK_v1.5.1/pico-sdk/src/common/pico_util/pheap.c.obj
                0x10001a2c                ph_post_alloc_init
 *fill*         0x10001a3a        0x2 
 .text.ph_merge_two_pass
                0x10001a3c       0xa8 CMakeFiles/RP2040_Test.dir/F_/Raspberry_Pi/Pico_SDK_v1.5.1/pico-sdk/src/common/pico_util/pheap.c.obj
                0x10001a3c                ph_merge_two_pass
 .text.ph_remove_any_head
                0x10001ae4      0x128 CMakeFiles/RP2040_Test.dir/F_/Raspberry_Pi/Pico_SDK_v1.5.1/pico-sdk/src/common/pico_util/pheap.c.obj
 .text.ph_remove_head
                0x10001c0c       0x14 CMakeFiles/RP2040_Test.dir/F_/Raspberry_Pi/Pico_SDK_v1.5.1/pico-sdk/src/common/pico_util/pheap.c.obj
                0x10001c0c                ph_remove_head
 .text.ph_remove_and_free_node
                0x10001c20       0xf8 CMakeFiles/RP2040_Test.dir/F_/Raspberry_Pi/Pico_SDK_v1.5.1/pico-sdk/src/common/pico_util/pheap.c.obj
                0x10001c20                ph_remove_and_free_node
 .text.uart_disable_before_lcr_write
                0x10001d18       0x48 CMakeFiles/RP2040_Test.dir/F_/Raspberry_Pi/Pico_SDK_v1.5.1/pico-sdk/src/rp2_common/hardware_uart/uart.c.obj
 .text.uart_write_lcr_bits_masked
                0x10001d60       0x22 CMakeFiles/RP2040_Test.dir/F_/Raspberry_Pi/Pico_SDK_v1.5.1/pico-sdk/src/rp2_common/hardware_uart/uart.c.obj
 *fill*         0x10001d82        0x2 
 .text.uart_set_baudrate
                0x10001d84       0x5c CMakeFiles/RP2040_Test.dir/F_/Raspberry_Pi/Pico_SDK_v1.5.1/pico-sdk/src/rp2_common/hardware_uart/uart.c.obj
                0x10001d84                uart_set_baudrate
 .text.uart_set_format
                0x10001de0       0x2c CMakeFiles/RP2040_Test.dir/F_/Raspberry_Pi/Pico_SDK_v1.5.1/pico-sdk/src/rp2_common/hardware_uart/uart.c.obj
                0x10001de0                uart_set_format
 .text.uart_set_translate_crlf
                0x10001e0c       0x28 CMakeFiles/RP2040_Test.dir/F_/Raspberry_Pi/Pico_SDK_v1.5.1/pico-sdk/src/rp2_common/hardware_uart/uart.c.obj
                0x10001e0c                uart_set_translate_crlf
 .text.uart_init
                0x10001e34       0x80 CMakeFiles/RP2040_Test.dir/F_/Raspberry_Pi/Pico_SDK_v1.5.1/pico-sdk/src/rp2_common/hardware_uart/uart.c.obj
                0x10001e34                uart_init
 .text.clock_configure
                0x10001eb4      0x108 CMakeFiles/RP2040_Test.dir/F_/Raspberry_Pi/Pico_SDK_v1.5.1/pico-sdk/src/rp2_common/hardware_clocks/clocks.c.obj
                0x10001eb4                clock_configure
 .text.clocks_init
                0x10001fbc      0x100 CMakeFiles/RP2040_Test.dir/F_/Raspberry_Pi/Pico_SDK_v1.5.1/pico-sdk/src/rp2_common/hardware_clocks/clocks.c.obj
                0x10001fbc                clocks_init
 .text.clock_get_hz
                0x100020bc        0xc CMakeFiles/RP2040_Test.dir/F_/Raspberry_Pi/Pico_SDK_v1.5.1/pico-sdk/src/rp2_common/hardware_clocks/clocks.c.obj
                0x100020bc                clock_get_hz
 .text.pll_init
                0x100020c8      0x120 CMakeFiles/RP2040_Test.dir/F_/Raspberry_Pi/Pico_SDK_v1.5.1/pico-sdk/src/rp2_common/hardware_pll/pll.c.obj
                0x100020c8                pll_init
 .text.watchdog_start_tick
                0x100021e8       0x10 CMakeFiles/RP2040_Test.dir/F_/Raspberry_Pi/Pico_SDK_v1.5.1/pico-sdk/src/rp2_common/hardware_watchdog/watchdog.c.obj
                0x100021e8                watchdog_start_tick
 .text.xosc_init
                0x100021f8       0x28 CMakeFiles/RP2040_Test.dir/F_/Raspberry_Pi/Pico_SDK_v1.5.1/pico-sdk/src/rp2_common/hardware_xosc/xosc.c.obj
                0x100021f8                xosc_init
 .text._exit    0x10002220        0x4 CMakeFiles/RP2040_Test.dir/F_/Raspberry_Pi/Pico_SDK_v1.5.1/pico-sdk/src/rp2_common/pico_runtime/runtime.c.obj
                0x10002220                _exit
 .text._getpid  0x10002224        0x4 CMakeFiles/RP2040_Test.dir/F_/Raspberry_Pi/Pico_SDK_v1.5.1/pico-sdk/src/rp2_common/pico_runtime/runtime.c.obj
                0x10002224                _getpid
 .text._kill    0x10002228        0x6 CMakeFiles/RP2040_Test.dir/F_/Raspberry_Pi/Pico_SDK_v1.5.1/pico-sdk/src/rp2_common/pico_runtime/runtime.c.obj
                0x10002228                _kill
 .text.exit     0x1000222e        0x6 CMakeFiles/RP2040_Test.dir/F_/Raspberry_Pi/Pico_SDK_v1.5.1/pico-sdk/src/rp2_common/pico_runtime/runtime.c.obj
                0x1000222e                exit
 .text.__assert_func
                0x10002234       0x3c CMakeFiles/RP2040_Test.dir/F_/Raspberry_Pi/Pico_SDK_v1.5.1/pico-sdk/src/rp2_common/pico_runtime/runtime.c.obj
                0x10002234                __assert_func
 .text.runtime_init
                0x10002270       0xf8 CMakeFiles/RP2040_Test.dir/F_/Raspberry_Pi/Pico_SDK_v1.5.1/pico-sdk/src/rp2_common/pico_runtime/runtime.c.obj
                0x10002270                runtime_init
 .text.panic    0x10002368       0x30 CMakeFiles/RP2040_Test.dir/F_/Raspberry_Pi/Pico_SDK_v1.5.1/pico-sdk/src/rp2_common/pico_runtime/runtime.c.obj
                0x10002368                panic
 .text._out_null
                0x10002398        0x2 CMakeFiles/RP2040_Test.dir/F_/Raspberry_Pi/Pico_SDK_v1.5.1/pico-sdk/src/rp2_common/pico_printf/printf.c.obj
 .text._out_fct
                0x1000239a        0xe CMakeFiles/RP2040_Test.dir/F_/Raspberry_Pi/Pico_SDK_v1.5.1/pico-sdk/src/rp2_common/pico_printf/printf.c.obj
 .text._atoi    0x100023a8       0x24 CMakeFiles/RP2040_Test.dir/F_/Raspberry_Pi/Pico_SDK_v1.5.1/pico-sdk/src/rp2_common/pico_printf/printf.c.obj
 .text._out_rev
                0x100023cc       0xae CMakeFiles/RP2040_Test.dir/F_/Raspberry_Pi/Pico_SDK_v1.5.1/pico-sdk/src/rp2_common/pico_printf/printf.c.obj
 .text._ntoa_format
                0x1000247a      0x112 CMakeFiles/RP2040_Test.dir/F_/Raspberry_Pi/Pico_SDK_v1.5.1/pico-sdk/src/rp2_common/pico_printf/printf.c.obj
 .text._ntoa_long
                0x1000258c       0xbc CMakeFiles/RP2040_Test.dir/F_/Raspberry_Pi/Pico_SDK_v1.5.1/pico-sdk/src/rp2_common/pico_printf/printf.c.obj
 .text._ntoa_long_long
                0x10002648       0xe2 CMakeFiles/RP2040_Test.dir/F_/Raspberry_Pi/Pico_SDK_v1.5.1/pico-sdk/src/rp2_common/pico_printf/printf.c.obj
 *fill*         0x1000272a        0x2 
 .text._etoa    0x1000272c      0x414 CMakeFiles/RP2040_Test.dir/F_/Raspberry_Pi/Pico_SDK_v1.5.1/pico-sdk/src/rp2_common/pico_printf/printf.c.obj
 .text._ftoa    0x10002b40      0x354 CMakeFiles/RP2040_Test.dir/F_/Raspberry_Pi/Pico_SDK_v1.5.1/pico-sdk/src/rp2_common/pico_printf/printf.c.obj
 .text._vsnprintf
                0x10002e94      0x624 CMakeFiles/RP2040_Test.dir/F_/Raspberry_Pi/Pico_SDK_v1.5.1/pico-sdk/src/rp2_common/pico_printf/printf.c.obj
 .text.vfctprintf
                0x100034b8       0x20 CMakeFiles/RP2040_Test.dir/F_/Raspberry_Pi/Pico_SDK_v1.5.1/pico-sdk/src/rp2_common/pico_printf/printf.c.obj
                0x100034b8                vfctprintf
 .text          0x100034d8       0x10 CMakeFiles/RP2040_Test.dir/F_/Raspberry_Pi/Pico_SDK_v1.5.1/pico-sdk/src/rp2_common/pico_bit_ops/bit_ops_aeabi.S.obj
 .text.rom_func_lookup
                0x100034e8       0x10 CMakeFiles/RP2040_Test.dir/F_/Raspberry_Pi/Pico_SDK_v1.5.1/pico-sdk/src/rp2_common/pico_bootrom/bootrom.c.obj
                0x100034e8                rom_func_lookup
 .text.rom_data_lookup
                0x100034f8       0x10 CMakeFiles/RP2040_Test.dir/F_/Raspberry_Pi/Pico_SDK_v1.5.1/pico-sdk/src/rp2_common/pico_bootrom/bootrom.c.obj
                0x100034f8                rom_data_lookup
 .text.rom_funcs_lookup
                0x10003508       0x36 CMakeFiles/RP2040_Test.dir/F_/Raspberry_Pi/Pico_SDK_v1.5.1/pico-sdk/src/rp2_common/pico_bootrom/bootrom.c.obj
                0x10003508                rom_funcs_lookup
 *fill*         0x1000353e        0x2 
 .text.__wrap___aeabi_idiv
                0x10003540       0x50 CMakeFiles/RP2040_Test.dir/F_/Raspberry_Pi/Pico_SDK_v1.5.1/pico-sdk/src/rp2_common/pico_divider/divider.S.obj
                0x10003540                __wrap___aeabi_idivmod
                0x10003540                divmod_s32s32
                0x10003540                div_s32s32
                0x10003540                __wrap___aeabi_idiv
                0x10003548                divmod_s32s32_unsafe
                0x10003574                divmod_s32s32_savestate
 .text.__wrap___aeabi_uidiv
                0x10003590       0x4c CMakeFiles/RP2040_Test.dir/F_/Raspberry_Pi/Pico_SDK_v1.5.1/pico-sdk/src/rp2_common/pico_divider/divider.S.obj
                0x10003590                __wrap___aeabi_uidiv
                0x10003590                __wrap___aeabi_uidivmod
                0x10003590                div_u32u32
                0x10003590                divmod_u32u32
                0x10003598                divmod_u32u32_unsafe
                0x100035c0                divmod_u32u32_savestate
 .text.__wrap___aeabi_ldiv
                0x100035dc      0x424 CMakeFiles/RP2040_Test.dir/F_/Raspberry_Pi/Pico_SDK_v1.5.1/pico-sdk/src/rp2_common/pico_divider/divider.S.obj
                0x100035dc                div_s64s64
                0x100035dc                divmod_s64s64
                0x100035dc                __wrap___aeabi_ldivmod
                0x1000360c                divmod_u64u64
                0x1000360c                div_u64u64
                0x1000360c                __wrap___aeabi_uldivmod
                0x1000361c                divmod_u64u64_savestate
                0x1000363c                divmod_s64s64_unsafe
                0x100036c4                divmod_u64u64_unsafe
 .text.__wrap___aeabi_darithmetic
                0x10003a00       0x80 CMakeFiles/RP2040_Test.dir/F_/Raspberry_Pi/Pico_SDK_v1.5.1/pico-sdk/src/rp2_common/pico_double/double_aeabi.S.obj
                0x10003a00                __wrap___aeabi_drsub
                0x10003a06                __wrap___aeabi_dsub
                0x10003a18                __wrap___aeabi_dadd
                0x10003a2a                __wrap___aeabi_ddiv
                0x10003a66                __wrap___aeabi_dmul
 .text.__wrap___aeabi_cdcmple
                0x10003a80       0x6c CMakeFiles/RP2040_Test.dir/F_/Raspberry_Pi/Pico_SDK_v1.5.1/pico-sdk/src/rp2_common/pico_double/double_aeabi.S.obj
                0x10003a80                __wrap___aeabi_cdrcmple
                0x10003a90                __wrap___aeabi_cdcmpeq
                0x10003a90                __wrap___aeabi_cdcmple
 .text.__wrap___aeabi_dcmplt
                0x10003aec        0xc CMakeFiles/RP2040_Test.dir/F_/Raspberry_Pi/Pico_SDK_v1.5.1/pico-sdk/src/rp2_common/pico_double/double_aeabi.S.obj
                0x10003aec                __wrap___aeabi_dcmplt
 .text.__wrap___aeabi_dcmple
                0x10003af8       0x10 CMakeFiles/RP2040_Test.dir/F_/Raspberry_Pi/Pico_SDK_v1.5.1/pico-sdk/src/rp2_common/pico_double/double_aeabi.S.obj
                0x10003af8                __wrap___aeabi_dcmple
 .text.__wrap___aeabi_dcmpge
                0x10003b08       0x10 CMakeFiles/RP2040_Test.dir/F_/Raspberry_Pi/Pico_SDK_v1.5.1/pico-sdk/src/rp2_common/pico_double/double_aeabi.S.obj
                0x10003b08                __wrap___aeabi_dcmpge
 .text.__wrap___aeabi_dcmpgt
                0x10003b18        0xa CMakeFiles/RP2040_Test.dir/F_/Raspberry_Pi/Pico_SDK_v1.5.1/pico-sdk/src/rp2_common/pico_double/double_aeabi.S.obj
                0x10003b18                __wrap___aeabi_dcmpgt
 .text.__wrap___aeabi_dcmpun
                0x10003b22       0x1c CMakeFiles/RP2040_Test.dir/F_/Raspberry_Pi/Pico_SDK_v1.5.1/pico-sdk/src/rp2_common/pico_double/double_aeabi.S.obj
                0x10003b22                __wrap___aeabi_dcmpun
 *fill*         0x10003b3e        0x2 
 .text.__wrap___aeabi_i2d
                0x10003b40       0x38 CMakeFiles/RP2040_Test.dir/F_/Raspberry_Pi/Pico_SDK_v1.5.1/pico-sdk/src/rp2_common/pico_double/double_aeabi.S.obj
                0x10003b40                __wrap___aeabi_ui2d
                0x10003b48                __wrap___aeabi_i2d
 .text.__wrap___aeabi_d2iz
                0x10003b78       0x48 CMakeFiles/RP2040_Test.dir/F_/Raspberry_Pi/Pico_SDK_v1.5.1/pico-sdk/src/rp2_common/pico_double/double_aeabi.S.obj
                0x10003b78                double2int_z
                0x10003b78                __wrap___aeabi_d2iz
 .text.__wrap___aeabi_d2uiz
                0x10003bc0       0x18 CMakeFiles/RP2040_Test.dir/F_/Raspberry_Pi/Pico_SDK_v1.5.1/pico-sdk/src/rp2_common/pico_double/double_aeabi.S.obj
                0x10003bc0                __wrap___aeabi_d2uiz
                0x10003bc0                double2uint
 .text.__aeabi_double_init
                0x10003bd8       0xc8 CMakeFiles/RP2040_Test.dir/F_/Raspberry_Pi/Pico_SDK_v1.5.1/pico-sdk/src/rp2_common/pico_double/double_init_rom.c.obj
                0x10003bd8                __aeabi_double_init
 .text.double_table_shim_on_use_helper
                0x10003ca0       0x34 CMakeFiles/RP2040_Test.dir/F_/Raspberry_Pi/Pico_SDK_v1.5.1/pico-sdk/src/rp2_common/pico_double/double_v1_rom_shim.S.obj
                0x10003ca0                double_table_shim_on_use_helper
 .text.__wrap___aeabi_dsub
                0x10003cd4       0x10 CMakeFiles/RP2040_Test.dir/F_/Raspberry_Pi/Pico_SDK_v1.5.1/pico-sdk/src/rp2_common/pico_double/double_v1_rom_shim.S.obj
                0x10003cd4                drsub_shim
                0x10003cda                dsub_shim
 .text.dadd_shim
                0x10003ce4      0x15c CMakeFiles/RP2040_Test.dir/F_/Raspberry_Pi/Pico_SDK_v1.5.1/pico-sdk/src/rp2_common/pico_double/double_v1_rom_shim.S.obj
                0x10003ce4                dadd_shim
 .text.dmul_shim
                0x10003e40      0x15c CMakeFiles/RP2040_Test.dir/F_/Raspberry_Pi/Pico_SDK_v1.5.1/pico-sdk/src/rp2_common/pico_double/double_v1_rom_shim.S.obj
                0x10003e40                dmul_shim
 .text.ddiv_shim
                0x10003f9c      0x1b0 CMakeFiles/RP2040_Test.dir/F_/Raspberry_Pi/Pico_SDK_v1.5.1/pico-sdk/src/rp2_common/pico_double/double_v1_rom_shim.S.obj
                0x10003f9c                ddiv_shim
 .text.double2uint_shim
                0x1000414c        0xe CMakeFiles/RP2040_Test.dir/F_/Raspberry_Pi/Pico_SDK_v1.5.1/pico-sdk/src/rp2_common/pico_double/double_v1_rom_shim.S.obj
                0x1000414c                double2uint_shim
                0x1000414e                double2ufix_shim
 *fill*         0x1000415a        0x2 
 .text.double2uint64_shim
                0x1000415c       0x70 CMakeFiles/RP2040_Test.dir/F_/Raspberry_Pi/Pico_SDK_v1.5.1/pico-sdk/src/rp2_common/pico_double/double_v1_rom_shim.S.obj
                0x1000415c                double2uint64_shim
                0x1000415e                double2ufix64_shim
                0x1000417e                d2fix_a
 .text.dunpacks
                0x100041cc       0x3c CMakeFiles/RP2040_Test.dir/F_/Raspberry_Pi/Pico_SDK_v1.5.1/pico-sdk/src/rp2_common/pico_double/double_v1_rom_shim.S.obj
                0x100041cc                dunpacks
 .text.__aeabi_lmul
                0x10004208       0x32 CMakeFiles/RP2040_Test.dir/F_/Raspberry_Pi/Pico_SDK_v1.5.1/pico-sdk/src/rp2_common/pico_int64_ops/pico_int64_ops_aeabi.S.obj
                0x10004208                __wrap___aeabi_lmul
 *fill*         0x1000423a        0x2 
 .text.__wrap___aeabi_farithmetic
                0x1000423c       0x58 CMakeFiles/RP2040_Test.dir/F_/Raspberry_Pi/Pico_SDK_v1.5.1/pico-sdk/src/rp2_common/pico_float/float_aeabi.S.obj
                0x1000423c                __wrap___aeabi_frsub
                0x10004242                __wrap___aeabi_fsub
                0x1000424c                __wrap___aeabi_fadd
                0x10004256                __wrap___aeabi_fdiv
                0x10004282                __wrap___aeabi_fmul
 .text.__wrap___aeabi_ui2f
                0x10004294        0xa CMakeFiles/RP2040_Test.dir/F_/Raspberry_Pi/Pico_SDK_v1.5.1/pico-sdk/src/rp2_common/pico_float/float_aeabi.S.obj
                0x10004294                __wrap___aeabi_ui2f
 *fill*         0x1000429e        0x2 
 .text.__wrap___aeabi_i2f
                0x100042a0       0x44 CMakeFiles/RP2040_Test.dir/F_/Raspberry_Pi/Pico_SDK_v1.5.1/pico-sdk/src/rp2_common/pico_float/float_aeabi.S.obj
                0x100042a0                __wrap___aeabi_i2f
 .text.__wrap___aeabi_f2uiz
                0x100042e4       0x10 CMakeFiles/RP2040_Test.dir/F_/Raspberry_Pi/Pico_SDK_v1.5.1/pico-sdk/src/rp2_common/pico_float/float_aeabi.S.obj
                0x100042e4                __wrap___aeabi_f2uiz
 .text.__aeabi_float_init
                0x100042f4       0xfc CMakeFiles/RP2040_Test.dir/F_/Raspberry_Pi/Pico_SDK_v1.5.1/pico-sdk/src/rp2_common/pico_float/float_init_rom.c.obj
                0x100042f4                __aeabi_float_init
 .text.float_table_shim_on_use_helper
                0x100043f0       0x34 CMakeFiles/RP2040_Test.dir/F_/Raspberry_Pi/Pico_SDK_v1.5.1/pico-sdk/src/rp2_common/pico_float/float_v1_rom_shim.S.obj
                0x100043f0                float_table_shim_on_use_helper
 .text          0x10004424       0x10 CMakeFiles/RP2040_Test.dir/F_/Raspberry_Pi/Pico_SDK_v1.5.1/pico-sdk/src/rp2_common/pico_mem_ops/mem_ops_aeabi.S.obj
                0x10004424                __aeabi_mem_init
 .text.memcpy   0x10004434        0xc CMakeFiles/RP2040_Test.dir/F_/Raspberry_Pi/Pico_SDK_v1.5.1/pico-sdk/src/rp2_common/pico_mem_ops/mem_ops_aeabi.S.obj
                0x10004434                __wrap_memcpy
                0x10004434                __wrap___aeabi_memcpy
 .text.stdio_out_chars_no_crlf
                0x10004440        0xe CMakeFiles/RP2040_Test.dir/F_/Raspberry_Pi/Pico_SDK_v1.5.1/pico-sdk/src/rp2_common/pico_stdio/stdio.c.obj
 *fill*         0x1000444e        0x2 
 .text.stdio_out_chars_crlf
                0x10004450       0x80 CMakeFiles/RP2040_Test.dir/F_/Raspberry_Pi/Pico_SDK_v1.5.1/pico-sdk/src/rp2_common/pico_stdio/stdio.c.obj
 .text.stdio_stack_buffer_flush
                0x100044d0       0x44 CMakeFiles/RP2040_Test.dir/F_/Raspberry_Pi/Pico_SDK_v1.5.1/pico-sdk/src/rp2_common/pico_stdio/stdio.c.obj
 .text.stdio_buffered_printer
                0x10004514       0x20 CMakeFiles/RP2040_Test.dir/F_/Raspberry_Pi/Pico_SDK_v1.5.1/pico-sdk/src/rp2_common/pico_stdio/stdio.c.obj
 .text.stdout_serialize_begin
                0x10004534       0x5c CMakeFiles/RP2040_Test.dir/F_/Raspberry_Pi/Pico_SDK_v1.5.1/pico-sdk/src/rp2_common/pico_stdio/stdio.c.obj
                0x10004534                stdout_serialize_begin
 .text.stdout_serialize_end
                0x10004590       0x10 CMakeFiles/RP2040_Test.dir/F_/Raspberry_Pi/Pico_SDK_v1.5.1/pico-sdk/src/rp2_common/pico_stdio/stdio.c.obj
                0x10004590                stdout_serialize_end
 .text.stdio_put_string
                0x100045a0       0x98 CMakeFiles/RP2040_Test.dir/F_/Raspberry_Pi/Pico_SDK_v1.5.1/pico-sdk/src/rp2_common/pico_stdio/stdio.c.obj
 .text.__wrap_putchar
                0x10004638       0x1c CMakeFiles/RP2040_Test.dir/F_/Raspberry_Pi/Pico_SDK_v1.5.1/pico-sdk/src/rp2_common/pico_stdio/stdio.c.obj
                0x10004638                __wrap_putchar
 .text.stdio_set_driver_enabled
                0x10004654       0x2c CMakeFiles/RP2040_Test.dir/F_/Raspberry_Pi/Pico_SDK_v1.5.1/pico-sdk/src/rp2_common/pico_stdio/stdio.c.obj
                0x10004654                stdio_set_driver_enabled
 .text.stdio_flush
                0x10004680       0x20 CMakeFiles/RP2040_Test.dir/F_/Raspberry_Pi/Pico_SDK_v1.5.1/pico-sdk/src/rp2_common/pico_stdio/stdio.c.obj
                0x10004680                stdio_flush
 .text.__wrap_puts
                0x100046a0       0x1e CMakeFiles/RP2040_Test.dir/F_/Raspberry_Pi/Pico_SDK_v1.5.1/pico-sdk/src/rp2_common/pico_stdio/stdio.c.obj
                0x100046a0                __wrap_puts
 *fill*         0x100046be        0x2 
 .text.__wrap_vprintf
                0x100046c0       0x40 CMakeFiles/RP2040_Test.dir/F_/Raspberry_Pi/Pico_SDK_v1.5.1/pico-sdk/src/rp2_common/pico_stdio/stdio.c.obj
                0x100046c0                __wrap_vprintf
 .text.__wrap_printf
                0x10004700       0x18 CMakeFiles/RP2040_Test.dir/F_/Raspberry_Pi/Pico_SDK_v1.5.1/pico-sdk/src/rp2_common/pico_stdio/stdio.c.obj
                0x10004700                __wrap_printf
 .text.stdio_init_all
                0x10004718        0xa CMakeFiles/RP2040_Test.dir/F_/Raspberry_Pi/Pico_SDK_v1.5.1/pico-sdk/src/rp2_common/pico_stdio/stdio.c.obj
                0x10004718                stdio_init_all
 *fill*         0x10004722        0x2 
 .text.stdio_uart_out_chars
                0x10004724       0x74 CMakeFiles/RP2040_Test.dir/F_/Raspberry_Pi/Pico_SDK_v1.5.1/pico-sdk/src/rp2_common/pico_stdio_uart/stdio_uart.c.obj
 .text.stdio_uart_in_chars
                0x10004798       0x80 CMakeFiles/RP2040_Test.dir/F_/Raspberry_Pi/Pico_SDK_v1.5.1/pico-sdk/src/rp2_common/pico_stdio_uart/stdio_uart.c.obj
                0x10004798                stdio_uart_in_chars
 .text.on_uart_rx
                0x10004818       0x28 CMakeFiles/RP2040_Test.dir/F_/Raspberry_Pi/Pico_SDK_v1.5.1/pico-sdk/src/rp2_common/pico_stdio_uart/stdio_uart.c.obj
 .text.stdio_uart_set_chars_available_callback
                0x10004840       0x8c CMakeFiles/RP2040_Test.dir/F_/Raspberry_Pi/Pico_SDK_v1.5.1/pico-sdk/src/rp2_common/pico_stdio_uart/stdio_uart.c.obj
 .text.stdio_uart_init_full
                0x100048cc       0x44 CMakeFiles/RP2040_Test.dir/F_/Raspberry_Pi/Pico_SDK_v1.5.1/pico-sdk/src/rp2_common/pico_stdio_uart/stdio_uart.c.obj
                0x100048cc                stdio_uart_init_full
 .text.stdio_uart_init
                0x10004910       0x28 CMakeFiles/RP2040_Test.dir/F_/Raspberry_Pi/Pico_SDK_v1.5.1/pico-sdk/src/rp2_common/pico_stdio_uart/stdio_uart.c.obj
                0x10004910                stdio_uart_init
 .text.adc_init
                0x10004938       0x34 CMakeFiles/RP2040_Test.dir/F_/Raspberry_Pi/Pico_SDK_v1.5.1/pico-sdk/src/rp2_common/hardware_adc/adc.c.obj
                0x10004938                adc_init
 .text.abort    0x1000496c       0x10 c:/program files (x86)/gnu arm embedded toolchain/10 2021.10/bin/../lib/gcc/arm-none-eabi/10.3.1/../../../../arm-none-eabi/lib/thumb/v6-m/nofp\libg.a(lib_a-abort.o)
                0x1000496c                abort
 .text.raise    0x1000497c       0x60 c:/program files (x86)/gnu arm embedded toolchain/10 2021.10/bin/../lib/gcc/arm-none-eabi/10.3.1/../../../../arm-none-eabi/lib/thumb/v6-m/nofp\libg.a(lib_a-signal.o)
                0x1000497c                raise
 .text._kill_r  0x100049dc       0x28 c:/program files (x86)/gnu arm embedded toolchain/10 2021.10/bin/../lib/gcc/arm-none-eabi/10.3.1/../../../../arm-none-eabi/lib/thumb/v6-m/nofp\libg.a(lib_a-signalr.o)
                0x100049dc                _kill_r
 .text._getpid_r
                0x10004a04        0x8 c:/program files (x86)/gnu arm embedded toolchain/10 2021.10/bin/../lib/gcc/arm-none-eabi/10.3.1/../../../../arm-none-eabi/lib/thumb/v6-m/nofp\libg.a(lib_a-signalr.o)
                0x10004a04                _getpid_r
 .text.strlen   0x10004a0c       0x5c c:/program files (x86)/gnu arm embedded toolchain/10 2021.10/bin/../lib/gcc/arm-none-eabi/10.3.1/../../../../arm-none-eabi/lib/thumb/v6-m/nofp\libg.a(lib_a-strlen-stub.o)
                0x10004a0c                strlen
 *(.fini)
 .fini          0x10004a68        0x4 c:/program files (x86)/gnu arm embedded toolchain/10 2021.10/bin/../lib/gcc/arm-none-eabi/10.3.1/thumb/v6-m/nofp/crti.o
                0x10004a68                _fini
 *fill*         0x10004a6c        0x4 
 .fini.__stub   0x10004a70       0x40 linker stubs
 *crtbegin.o(.ctors)
 *crtbegin?.o(.ctors)
 *(EXCLUDE_FILE(*crtend.o *crtend?.o) .ctors)
 *(SORT_BY_NAME(.ctors.*))
 *(.ctors)
 *crtbegin.o(.dtors)
 *crtbegin?.o(.dtors)
 *(EXCLUDE_FILE(*crtend.o *crtend?.o) .dtors)
 *(SORT_BY_NAME(.dtors.*))
 *(.dtors)
 *(.eh_frame*)
 .eh_frame      0x10004ab0        0x0 c:/program files (x86)/gnu arm embedded toolchain/10 2021.10/bin/../lib/gcc/arm-none-eabi/10.3.1/thumb/v6-m/nofp/crtbegin.o
                0x10004ab0                . = ALIGN (0x4)

.glue_7         0x10004ab0        0x0
 .glue_7        0x10004ab0        0x0 linker stubs

.glue_7t        0x10004ab0        0x0
 .glue_7t       0x10004ab0        0x0 linker stubs

.vfp11_veneer   0x10004ab0        0x0
 .vfp11_veneer  0x10004ab0        0x0 linker stubs

.v4_bx          0x10004ab0        0x0
 .v4_bx         0x10004ab0        0x0 linker stubs

.iplt           0x10004ab0        0x0
 .iplt          0x10004ab0        0x0 c:/program files (x86)/gnu arm embedded toolchain/10 2021.10/bin/../lib/gcc/arm-none-eabi/10.3.1/thumb/v6-m/nofp/crtbegin.o

.rodata         0x10004ab0     0x100c
 *(EXCLUDE_FILE(*libm.a: *libc.a:*lib_a-mem*.o *libgcc.a:) .rodata*)
 .rodata.main.str1.4
                0x10004ab0       0x17 CMakeFiles/RP2040_Test.dir/RP2040_Test.cpp.obj
 *fill*         0x10004ac7        0x1 
 .rodata.make_branch.str1.4
                0x10004ac8       0x7b CMakeFiles/RP2040_Test.dir/F_/Raspberry_Pi/Pico_SDK_v1.5.1/pico-sdk/src/rp2_common/hardware_irq/irq.c.obj
 *fill*         0x10004b43        0x1 
 .rodata.insert_branch_and_link.str1.4
                0x10004b44       0x10 CMakeFiles/RP2040_Test.dir/F_/Raspberry_Pi/Pico_SDK_v1.5.1/pico-sdk/src/rp2_common/hardware_irq/irq.c.obj
 .rodata.irq_set_exclusive_handler.str1.4
                0x10004b54       0x36 CMakeFiles/RP2040_Test.dir/F_/Raspberry_Pi/Pico_SDK_v1.5.1/pico-sdk/src/rp2_common/hardware_irq/irq.c.obj
 *fill*         0x10004b8a        0x2 
 .rodata.irq_add_shared_handler.str1.4
                0x10004b8c       0xd9 CMakeFiles/RP2040_Test.dir/F_/Raspberry_Pi/Pico_SDK_v1.5.1/pico-sdk/src/rp2_common/hardware_irq/irq.c.obj
 *fill*         0x10004c65        0x3 
 .rodata.irq_remove_handler.str1.4
                0x10004c68       0x3a CMakeFiles/RP2040_Test.dir/F_/Raspberry_Pi/Pico_SDK_v1.5.1/pico-sdk/src/rp2_common/hardware_irq/irq.c.obj
 *fill*         0x10004ca2        0x2 
 .rodata.irq_add_tail_to_free_list.str1.4
                0x10004ca4       0x3a CMakeFiles/RP2040_Test.dir/F_/Raspberry_Pi/Pico_SDK_v1.5.1/pico-sdk/src/rp2_common/hardware_irq/irq.c.obj
 *fill*         0x10004cde        0x2 
 .rodata.__func__.0
                0x10004ce0       0x1a CMakeFiles/RP2040_Test.dir/F_/Raspberry_Pi/Pico_SDK_v1.5.1/pico-sdk/src/rp2_common/hardware_irq/irq.c.obj
 *fill*         0x10004cfa        0x2 
 .rodata.__func__.1
                0x10004cfc       0x17 CMakeFiles/RP2040_Test.dir/F_/Raspberry_Pi/Pico_SDK_v1.5.1/pico-sdk/src/rp2_common/hardware_irq/irq.c.obj
 *fill*         0x10004d13        0x1 
 .rodata.__func__.2
                0x10004d14       0x13 CMakeFiles/RP2040_Test.dir/F_/Raspberry_Pi/Pico_SDK_v1.5.1/pico-sdk/src/rp2_common/hardware_irq/irq.c.obj
 *fill*         0x10004d27        0x1 
 .rodata.__func__.3
                0x10004d28        0xc CMakeFiles/RP2040_Test.dir/F_/Raspberry_Pi/Pico_SDK_v1.5.1/pico-sdk/src/rp2_common/hardware_irq/irq.c.obj
 .rodata.__func__.4
                0x10004d34        0xf CMakeFiles/RP2040_Test.dir/F_/Raspberry_Pi/Pico_SDK_v1.5.1/pico-sdk/src/rp2_common/hardware_irq/irq.c.obj
 *fill*         0x10004d43        0x1 
 .rodata.__func__.6
                0x10004d44       0x1a CMakeFiles/RP2040_Test.dir/F_/Raspberry_Pi/Pico_SDK_v1.5.1/pico-sdk/src/rp2_common/hardware_irq/irq.c.obj
 *fill*         0x10004d5e        0x2 
 .rodata.str1.4
                0x10004d60      0x109 CMakeFiles/RP2040_Test.dir/F_/Raspberry_Pi/Pico_SDK_v1.5.1/pico-sdk/src/common/pico_sync/mutex.c.obj
 *fill*         0x10004e69        0x3 
 .rodata.__func__.1
                0x10004e6c        0xb CMakeFiles/RP2040_Test.dir/F_/Raspberry_Pi/Pico_SDK_v1.5.1/pico-sdk/src/common/pico_sync/mutex.c.obj
 *fill*         0x10004e77        0x1 
 .rodata.__func__.3
                0x10004e78       0x18 CMakeFiles/RP2040_Test.dir/F_/Raspberry_Pi/Pico_SDK_v1.5.1/pico-sdk/src/common/pico_sync/mutex.c.obj
 .rodata.repeating_timer_callback.str1.4
                0x10004e90       0x59 CMakeFiles/RP2040_Test.dir/F_/Raspberry_Pi/Pico_SDK_v1.5.1/pico-sdk/src/common/pico_time/time.c.obj
 *fill*         0x10004ee9        0x3 
 .rodata.timer_pool_entry_comparator.str1.4
                0x10004eec       0x22 CMakeFiles/RP2040_Test.dir/F_/Raspberry_Pi/Pico_SDK_v1.5.1/pico-sdk/src/common/pico_time/time.c.obj
 *fill*         0x10004f0e        0x2 
 .rodata.ph_add_child_node.str1.4
                0x10004f10       0xa2 CMakeFiles/RP2040_Test.dir/F_/Raspberry_Pi/Pico_SDK_v1.5.1/pico-sdk/src/common/pico_time/time.c.obj
 *fill*         0x10004fb2        0x2 
 .rodata.add_alarm_under_lock.str1.4
                0x10004fb4       0x28 CMakeFiles/RP2040_Test.dir/F_/Raspberry_Pi/Pico_SDK_v1.5.1/pico-sdk/src/common/pico_time/time.c.obj
                                 0x2b (size before relaxing)
 .rodata.alarm_pool_alarm_callback.str1.4
                0x10004fdc       0x98 CMakeFiles/RP2040_Test.dir/F_/Raspberry_Pi/Pico_SDK_v1.5.1/pico-sdk/src/common/pico_time/time.c.obj
                                0x108 (size before relaxing)
 .rodata.alarm_pool_get_default.str1.4
                0x10005074       0x21 CMakeFiles/RP2040_Test.dir/F_/Raspberry_Pi/Pico_SDK_v1.5.1/pico-sdk/src/common/pico_time/time.c.obj
 *fill*         0x10005095        0x3 
 .rodata.alarm_pool_cancel_alarm.str1.4
                0x10005098       0x27 CMakeFiles/RP2040_Test.dir/F_/Raspberry_Pi/Pico_SDK_v1.5.1/pico-sdk/src/common/pico_time/time.c.obj
 *fill*         0x100050bf        0x1 
 .rodata.sleep_until.str1.4
                0x100050c0       0x4d CMakeFiles/RP2040_Test.dir/F_/Raspberry_Pi/Pico_SDK_v1.5.1/pico-sdk/src/common/pico_time/time.c.obj
 *fill*         0x1000510d        0x3 
 .rodata.__func__.1
                0x10005110       0x18 CMakeFiles/RP2040_Test.dir/F_/Raspberry_Pi/Pico_SDK_v1.5.1/pico-sdk/src/common/pico_time/time.c.obj
 .rodata.__func__.10
                0x10005128       0x15 CMakeFiles/RP2040_Test.dir/F_/Raspberry_Pi/Pico_SDK_v1.5.1/pico-sdk/src/common/pico_time/time.c.obj
 *fill*         0x1000513d        0x3 
 .rodata.__func__.11
                0x10005140       0x1a CMakeFiles/RP2040_Test.dir/F_/Raspberry_Pi/Pico_SDK_v1.5.1/pico-sdk/src/common/pico_time/time.c.obj
 *fill*         0x1000515a        0x2 
 .rodata.__func__.12
                0x1000515c        0xa CMakeFiles/RP2040_Test.dir/F_/Raspberry_Pi/Pico_SDK_v1.5.1/pico-sdk/src/common/pico_time/time.c.obj
 *fill*         0x10005166        0x2 
 .rodata.__func__.3
                0x10005168       0x17 CMakeFiles/RP2040_Test.dir/F_/Raspberry_Pi/Pico_SDK_v1.5.1/pico-sdk/src/common/pico_time/time.c.obj
 *fill*         0x1000517f        0x1 
 .rodata.__func__.4
                0x10005180       0x12 CMakeFiles/RP2040_Test.dir/F_/Raspberry_Pi/Pico_SDK_v1.5.1/pico-sdk/src/common/pico_time/time.c.obj
 *fill*         0x10005192        0x2 
 .rodata.__func__.5
                0x10005194        0xd CMakeFiles/RP2040_Test.dir/F_/Raspberry_Pi/Pico_SDK_v1.5.1/pico-sdk/src/common/pico_time/time.c.obj
 *fill*         0x100051a1        0x3 
 .rodata.__func__.6
                0x100051a4       0x12 CMakeFiles/RP2040_Test.dir/F_/Raspberry_Pi/Pico_SDK_v1.5.1/pico-sdk/src/common/pico_time/time.c.obj
 *fill*         0x100051b6        0x2 
 .rodata.__func__.7
                0x100051b8        0xf CMakeFiles/RP2040_Test.dir/F_/Raspberry_Pi/Pico_SDK_v1.5.1/pico-sdk/src/common/pico_time/time.c.obj
 *fill*         0x100051c7        0x1 
 .rodata.__func__.8
                0x100051c8        0xc CMakeFiles/RP2040_Test.dir/F_/Raspberry_Pi/Pico_SDK_v1.5.1/pico-sdk/src/common/pico_time/time.c.obj
 .rodata.__func__.9
                0x100051d4       0x15 CMakeFiles/RP2040_Test.dir/F_/Raspberry_Pi/Pico_SDK_v1.5.1/pico-sdk/src/common/pico_time/time.c.obj
 *fill*         0x100051e9        0x3 
 .rodata.hardware_alarm_claim.str1.4
                0x100051ec       0x22 CMakeFiles/RP2040_Test.dir/F_/Raspberry_Pi/Pico_SDK_v1.5.1/pico-sdk/src/rp2_common/hardware_timer/timer.c.obj
 .rodata.busy_wait_us.str1.4
                0x1000520e       0x6f CMakeFiles/RP2040_Test.dir/F_/Raspberry_Pi/Pico_SDK_v1.5.1/pico-sdk/src/rp2_common/hardware_timer/timer.c.obj
 *fill*         0x1000520e        0x2 
 .rodata.hardware_alarm_set_target.str1.4
                0x10005210       0x73 CMakeFiles/RP2040_Test.dir/F_/Raspberry_Pi/Pico_SDK_v1.5.1/pico-sdk/src/rp2_common/hardware_timer/timer.c.obj
 *fill*         0x10005283        0x1 
 .rodata.__func__.0
                0x10005284       0x1a CMakeFiles/RP2040_Test.dir/F_/Raspberry_Pi/Pico_SDK_v1.5.1/pico-sdk/src/rp2_common/hardware_timer/timer.c.obj
 *fill*         0x1000529e        0x2 
 .rodata.__func__.1
                0x100052a0       0x15 CMakeFiles/RP2040_Test.dir/F_/Raspberry_Pi/Pico_SDK_v1.5.1/pico-sdk/src/rp2_common/hardware_timer/timer.c.obj
 .rodata.ph_add_child_node.str1.4
                0x100052b5       0xa2 CMakeFiles/RP2040_Test.dir/F_/Raspberry_Pi/Pico_SDK_v1.5.1/pico-sdk/src/common/pico_util/pheap.c.obj
 *fill*         0x100052b5        0x3 
 .rodata.ph_remove_any_head.str1.4
                0x100052b8       0x9c CMakeFiles/RP2040_Test.dir/F_/Raspberry_Pi/Pico_SDK_v1.5.1/pico-sdk/src/common/pico_util/pheap.c.obj
                                 0xb0 (size before relaxing)
 .rodata.ph_remove_and_free_node.str1.4
                0x10005354       0x1e CMakeFiles/RP2040_Test.dir/F_/Raspberry_Pi/Pico_SDK_v1.5.1/pico-sdk/src/common/pico_util/pheap.c.obj
                                 0x26 (size before relaxing)
 *fill*         0x10005372        0x2 
 .rodata.__func__.0
                0x10005374       0x18 CMakeFiles/RP2040_Test.dir/F_/Raspberry_Pi/Pico_SDK_v1.5.1/pico-sdk/src/common/pico_util/pheap.c.obj
 .rodata.__func__.1
                0x1000538c       0x13 CMakeFiles/RP2040_Test.dir/F_/Raspberry_Pi/Pico_SDK_v1.5.1/pico-sdk/src/common/pico_util/pheap.c.obj
 *fill*         0x1000539f        0x1 
 .rodata.__func__.2
                0x100053a0       0x12 CMakeFiles/RP2040_Test.dir/F_/Raspberry_Pi/Pico_SDK_v1.5.1/pico-sdk/src/common/pico_util/pheap.c.obj
 *fill*         0x100053b2        0x2 
 .rodata.__func__.3
                0x100053b4        0xc CMakeFiles/RP2040_Test.dir/F_/Raspberry_Pi/Pico_SDK_v1.5.1/pico-sdk/src/common/pico_util/pheap.c.obj
 .rodata.clock_configure.str1.4
                0x100053c0       0x65 CMakeFiles/RP2040_Test.dir/F_/Raspberry_Pi/Pico_SDK_v1.5.1/pico-sdk/src/rp2_common/hardware_clocks/clocks.c.obj
 *fill*         0x10005425        0x3 
 .rodata.__func__.1
                0x10005428       0x10 CMakeFiles/RP2040_Test.dir/F_/Raspberry_Pi/Pico_SDK_v1.5.1/pico-sdk/src/rp2_common/hardware_clocks/clocks.c.obj
 .rodata.pll_init.str1.4
                0x10005438      0x130 CMakeFiles/RP2040_Test.dir/F_/Raspberry_Pi/Pico_SDK_v1.5.1/pico-sdk/src/rp2_common/hardware_pll/pll.c.obj
 .rodata.__func__.0
                0x10005568        0x9 CMakeFiles/RP2040_Test.dir/F_/Raspberry_Pi/Pico_SDK_v1.5.1/pico-sdk/src/rp2_common/hardware_pll/pll.c.obj
 *fill*         0x10005571        0x3 
 .rodata.__assert_func.str1.4
                0x10005574       0x3f CMakeFiles/RP2040_Test.dir/F_/Raspberry_Pi/Pico_SDK_v1.5.1/pico-sdk/src/rp2_common/pico_runtime/runtime.c.obj
                                 0x43 (size before relaxing)
 *fill*         0x100055b3        0x1 
 .rodata.runtime_init.str1.4
                0x100055b4       0x6f CMakeFiles/RP2040_Test.dir/F_/Raspberry_Pi/Pico_SDK_v1.5.1/pico-sdk/src/rp2_common/pico_runtime/runtime.c.obj
 *fill*         0x10005623        0x1 
 .rodata.panic.str1.4
                0x10005624       0x12 CMakeFiles/RP2040_Test.dir/F_/Raspberry_Pi/Pico_SDK_v1.5.1/pico-sdk/src/rp2_common/pico_runtime/runtime.c.obj
 *fill*         0x10005636        0x2 
 .rodata.__func__.2
                0x10005638        0xd CMakeFiles/RP2040_Test.dir/F_/Raspberry_Pi/Pico_SDK_v1.5.1/pico-sdk/src/rp2_common/pico_runtime/runtime.c.obj
 *fill*         0x10005645        0x3 
 .rodata._ftoa.str1.4
                0x10005648       0x15 CMakeFiles/RP2040_Test.dir/F_/Raspberry_Pi/Pico_SDK_v1.5.1/pico-sdk/src/rp2_common/pico_printf/printf.c.obj
 *fill*         0x1000565d        0x3 
 .rodata._vsnprintf
                0x10005660      0x1e0 CMakeFiles/RP2040_Test.dir/F_/Raspberry_Pi/Pico_SDK_v1.5.1/pico-sdk/src/rp2_common/pico_printf/printf.c.obj
 .rodata.pow10.0
                0x10005840       0x50 CMakeFiles/RP2040_Test.dir/F_/Raspberry_Pi/Pico_SDK_v1.5.1/pico-sdk/src/rp2_common/pico_printf/printf.c.obj
 .rodata.__aeabi_double_init.str1.4
                0x10005890       0xaa CMakeFiles/RP2040_Test.dir/F_/Raspberry_Pi/Pico_SDK_v1.5.1/pico-sdk/src/rp2_common/pico_double/double_init_rom.c.obj
 *fill*         0x1000593a        0x2 
 .rodata.__func__.0
                0x1000593c       0x14 CMakeFiles/RP2040_Test.dir/F_/Raspberry_Pi/Pico_SDK_v1.5.1/pico-sdk/src/rp2_common/pico_double/double_init_rom.c.obj
 .rodata.__aeabi_float_init.str1.4
                0x10005950       0x88 CMakeFiles/RP2040_Test.dir/F_/Raspberry_Pi/Pico_SDK_v1.5.1/pico-sdk/src/rp2_common/pico_float/float_init_rom.c.obj
                                 0x8c (size before relaxing)
 .rodata.__func__.0
                0x100059d8       0x13 CMakeFiles/RP2040_Test.dir/F_/Raspberry_Pi/Pico_SDK_v1.5.1/pico-sdk/src/rp2_common/pico_float/float_init_rom.c.obj
 *fill*         0x100059eb        0x1 
 .rodata.str1.4
                0x100059ec       0x44 CMakeFiles/RP2040_Test.dir/F_/Raspberry_Pi/Pico_SDK_v1.5.1/pico-sdk/src/rp2_common/pico_standard_link/binary_info.c.obj
 .rodata.__bi_44
                0x10005a30        0xc CMakeFiles/RP2040_Test.dir/F_/Raspberry_Pi/Pico_SDK_v1.5.1/pico-sdk/src/rp2_common/pico_standard_link/binary_info.c.obj
 .rodata.__bi_56
                0x10005a3c        0xc CMakeFiles/RP2040_Test.dir/F_/Raspberry_Pi/Pico_SDK_v1.5.1/pico-sdk/src/rp2_common/pico_standard_link/binary_info.c.obj
 .rodata.__bi_75
                0x10005a48        0xc CMakeFiles/RP2040_Test.dir/F_/Raspberry_Pi/Pico_SDK_v1.5.1/pico-sdk/src/rp2_common/pico_standard_link/binary_info.c.obj
 .rodata.__bi_81
                0x10005a54        0xc CMakeFiles/RP2040_Test.dir/F_/Raspberry_Pi/Pico_SDK_v1.5.1/pico-sdk/src/rp2_common/pico_standard_link/binary_info.c.obj
 .rodata.stdout_serialize_begin.str1.4
                0x10005a60       0x6f CMakeFiles/RP2040_Test.dir/F_/Raspberry_Pi/Pico_SDK_v1.5.1/pico-sdk/src/rp2_common/pico_stdio/stdio.c.obj
 .rodata.__func__.3
                0x10005a60       0x15 CMakeFiles/RP2040_Test.dir/F_/Raspberry_Pi/Pico_SDK_v1.5.1/pico-sdk/src/rp2_common/pico_stdio/stdio.c.obj
 *fill*         0x10005a75        0x3 
 .rodata.crlf_str.2
                0x10005a78        0x2 CMakeFiles/RP2040_Test.dir/F_/Raspberry_Pi/Pico_SDK_v1.5.1/pico-sdk/src/rp2_common/pico_stdio/stdio.c.obj
 *fill*         0x10005a7a        0x2 
 .rodata.str1.4
                0x10005a7c       0x2c CMakeFiles/RP2040_Test.dir/F_/Raspberry_Pi/Pico_SDK_v1.5.1/pico-sdk/src/rp2_common/pico_stdio_uart/stdio_uart.c.obj
 .rodata.__bi_33.4
                0x10005aa8        0xc CMakeFiles/RP2040_Test.dir/F_/Raspberry_Pi/Pico_SDK_v1.5.1/pico-sdk/src/rp2_common/pico_stdio_uart/stdio_uart.c.obj
 .rodata.__bi_34.5
                0x10005ab4        0x8 CMakeFiles/RP2040_Test.dir/F_/Raspberry_Pi/Pico_SDK_v1.5.1/pico-sdk/src/rp2_common/pico_stdio_uart/stdio_uart.c.obj
                0x10005abc                . = ALIGN (0x4)
 *(SORT_BY_ALIGNMENT(SORT_BY_NAME(.flashdata*)))
                0x10005abc                . = ALIGN (0x4)

.ARM.extab      0x10005abc       0x30
 *(.ARM.extab* .gnu.linkonce.armextab.*)
 .ARM.extab     0x10005abc       0x24 c:/program files (x86)/gnu arm embedded toolchain/10 2021.10/bin/../lib/gcc/arm-none-eabi/10.3.1/thumb/v6-m/nofp\libgcc.a(unwind-arm.o)
 .ARM.extab     0x10005ae0        0xc c:/program files (x86)/gnu arm embedded toolchain/10 2021.10/bin/../lib/gcc/arm-none-eabi/10.3.1/thumb/v6-m/nofp\libgcc.a(pr-support.o)
                0x10005aec                __exidx_start = .

.ARM.exidx      0x10005aec       0xd8
 *(.ARM.exidx* .gnu.linkonce.armexidx.*)
 .ARM.exidx.text._ZL21ADC_IRQ_FIFO_Callbackv
                0x10005aec        0x8 CMakeFiles/RP2040_Test.dir/RP2040_Test.cpp.obj
 .ARM.exidx.text._Z3adcv
                0x10005af4        0x8 CMakeFiles/RP2040_Test.dir/RP2040_Test.cpp.obj
 .ARM.exidx.text.main
                0x10005afc        0x8 CMakeFiles/RP2040_Test.dir/RP2040_Test.cpp.obj
 .ARM.exidx     0x10005b04       0x90 c:/program files (x86)/gnu arm embedded toolchain/10 2021.10/bin/../lib/gcc/arm-none-eabi/10.3.1/thumb/v6-m/nofp\libgcc.a(unwind-arm.o)
                                 0xd8 (size before relaxing)
 .ARM.exidx     0x10005b94       0x30 c:/program files (x86)/gnu arm embedded toolchain/10 2021.10/bin/../lib/gcc/arm-none-eabi/10.3.1/thumb/v6-m/nofp\libgcc.a(pr-support.o)
                                 0x38 (size before relaxing)
                0x10005bc4                __exidx_end = .
                0x10005bc4                . = ALIGN (0x4)
                0x10005bc4                __binary_info_start = .

.binary_info    0x10005bc4       0x28
 *(.binary_info.keep.*)
 .binary_info.keep.__bi_ptr22
                0x10005bc4        0x4 CMakeFiles/RP2040_Test.dir/F_/Raspberry_Pi/Pico_SDK_v1.5.1/pico-sdk/src/rp2_common/pico_standard_link/binary_info.c.obj
 .binary_info.keep.__bi_ptr30
                0x10005bc8        0x4 CMakeFiles/RP2040_Test.dir/F_/Raspberry_Pi/Pico_SDK_v1.5.1/pico-sdk/src/rp2_common/pico_standard_link/binary_info.c.obj
 .binary_info.keep.__bi_ptr38
                0x10005bcc        0x4 CMakeFiles/RP2040_Test.dir/F_/Raspberry_Pi/Pico_SDK_v1.5.1/pico-sdk/src/rp2_common/pico_standard_link/binary_info.c.obj
 .binary_info.keep.__bi_ptr44
                0x10005bd0        0x4 CMakeFiles/RP2040_Test.dir/F_/Raspberry_Pi/Pico_SDK_v1.5.1/pico-sdk/src/rp2_common/pico_standard_link/binary_info.c.obj
 .binary_info.keep.__bi_ptr50
                0x10005bd4        0x4 CMakeFiles/RP2040_Test.dir/F_/Raspberry_Pi/Pico_SDK_v1.5.1/pico-sdk/src/rp2_common/pico_standard_link/binary_info.c.obj
 .binary_info.keep.__bi_ptr56
                0x10005bd8        0x4 CMakeFiles/RP2040_Test.dir/F_/Raspberry_Pi/Pico_SDK_v1.5.1/pico-sdk/src/rp2_common/pico_standard_link/binary_info.c.obj
 .binary_info.keep.__bi_ptr75
                0x10005bdc        0x4 CMakeFiles/RP2040_Test.dir/F_/Raspberry_Pi/Pico_SDK_v1.5.1/pico-sdk/src/rp2_common/pico_standard_link/binary_info.c.obj
 .binary_info.keep.__bi_ptr81
                0x10005be0        0x4 CMakeFiles/RP2040_Test.dir/F_/Raspberry_Pi/Pico_SDK_v1.5.1/pico-sdk/src/rp2_common/pico_standard_link/binary_info.c.obj
 *(.binary_info.*)
 .binary_info.__bi_ptr33
                0x10005be4        0x4 CMakeFiles/RP2040_Test.dir/F_/Raspberry_Pi/Pico_SDK_v1.5.1/pico-sdk/src/rp2_common/pico_stdio_uart/stdio_uart.c.obj
 .binary_info.__bi_ptr34
                0x10005be8        0x4 CMakeFiles/RP2040_Test.dir/F_/Raspberry_Pi/Pico_SDK_v1.5.1/pico-sdk/src/rp2_common/pico_stdio_uart/stdio_uart.c.obj
                0x10005bec                __binary_info_end = .

.rel.dyn        0x10005bec        0x0
 .rel.iplt      0x10005bec        0x0 c:/program files (x86)/gnu arm embedded toolchain/10 2021.10/bin/../lib/gcc/arm-none-eabi/10.3.1/thumb/v6-m/nofp/crtbegin.o
                0x10005bec                . = ALIGN (0x4)

.ram_vector_table
                0x20000000       0xc0
 *(.ram_vector_table)
 .ram_vector_table
                0x20000000       0xc0 CMakeFiles/RP2040_Test.dir/F_/Raspberry_Pi/Pico_SDK_v1.5.1/pico-sdk/src/rp2_common/pico_runtime/runtime.c.obj
                0x20000000                ram_vector_table

.data           0x200000c0     0x1594 load address 0x10005bec
                0x200000c0                __data_start__ = .
 *(vtable)
 *(.time_critical*)
 .time_critical.mutex_try_enter
                0x200000c0       0x46 CMakeFiles/RP2040_Test.dir/F_/Raspberry_Pi/Pico_SDK_v1.5.1/pico-sdk/src/common/pico_sync/mutex.c.obj
                0x200000c0                mutex_try_enter
 *fill*         0x20000106        0x2 
 .time_critical.mutex_enter_block_until
                0x20000108       0x8c CMakeFiles/RP2040_Test.dir/F_/Raspberry_Pi/Pico_SDK_v1.5.1/pico-sdk/src/common/pico_sync/mutex.c.obj
                0x20000108                mutex_enter_block_until
 .time_critical.mutex_try_enter_block_until
                0x20000194       0x34 CMakeFiles/RP2040_Test.dir/F_/Raspberry_Pi/Pico_SDK_v1.5.1/pico-sdk/src/common/pico_sync/mutex.c.obj
                0x20000194                mutex_try_enter_block_until
 .time_critical.mutex_exit
                0x200001c8       0x4c CMakeFiles/RP2040_Test.dir/F_/Raspberry_Pi/Pico_SDK_v1.5.1/pico-sdk/src/common/pico_sync/mutex.c.obj
                0x200001c8                mutex_exit
 *(.text*)
 .text          0x20000214        0x4 c:/program files (x86)/gnu arm embedded toolchain/10 2021.10/bin/../lib/gcc/arm-none-eabi/10.3.1/thumb/v6-m/nofp\libgcc.a(_dvmd_tls.o)
                0x20000214                __aeabi_idiv0
                0x20000214                __aeabi_ldiv0
 .text          0x20000218      0xa30 c:/program files (x86)/gnu arm embedded toolchain/10 2021.10/bin/../lib/gcc/arm-none-eabi/10.3.1/thumb/v6-m/nofp\libgcc.a(unwind-arm.o)
                0x200004e4                _Unwind_GetCFA
                0x200004e8                __gnu_Unwind_RaiseException
                0x2000053c                __gnu_Unwind_ForcedUnwind
                0x20000550                __gnu_Unwind_Resume
                0x20000598                __gnu_Unwind_Resume_or_Rethrow
                0x200005b4                _Unwind_Complete
                0x200005b8                _Unwind_DeleteException
                0x200005c8                _Unwind_VRS_Get
                0x20000614                _Unwind_VRS_Set
                0x20000660                __gnu_Unwind_Backtrace
                0x200009bc                __aeabi_unwind_cpp_pr0
                0x200009c8                __aeabi_unwind_cpp_pr1
                0x200009d4                __aeabi_unwind_cpp_pr2
                0x200009e0                _Unwind_VRS_Pop
 .text          0x20000c48      0x144 c:/program files (x86)/gnu arm embedded toolchain/10 2021.10/bin/../lib/gcc/arm-none-eabi/10.3.1/thumb/v6-m/nofp\libgcc.a(libunwind.o)
                0x20000c48                __restore_core_regs
                0x20000c48                restore_core_regs
                0x20000c74                __gnu_Unwind_Restore_VFP
                0x20000c78                __gnu_Unwind_Save_VFP
                0x20000c7c                __gnu_Unwind_Restore_VFP_D
                0x20000c80                __gnu_Unwind_Save_VFP_D
                0x20000c84                __gnu_Unwind_Restore_VFP_D_16_to_31
                0x20000c88                __gnu_Unwind_Save_VFP_D_16_to_31
                0x20000c8c                __gnu_Unwind_Restore_WMMXD
                0x20000c90                __gnu_Unwind_Save_WMMXD
                0x20000c94                __gnu_Unwind_Restore_WMMXC
                0x20000c98                __gnu_Unwind_Save_WMMXC
                0x20000c9c                ___Unwind_RaiseException
                0x20000c9c                _Unwind_RaiseException
                0x20000ccc                _Unwind_Resume
                0x20000ccc                ___Unwind_Resume
                0x20000cfc                _Unwind_Resume_or_Rethrow
                0x20000cfc                ___Unwind_Resume_or_Rethrow
                0x20000d2c                _Unwind_ForcedUnwind
                0x20000d2c                ___Unwind_ForcedUnwind
                0x20000d5c                ___Unwind_Backtrace
                0x20000d5c                _Unwind_Backtrace
 .text          0x20000d8c      0x38c c:/program files (x86)/gnu arm embedded toolchain/10 2021.10/bin/../lib/gcc/arm-none-eabi/10.3.1/thumb/v6-m/nofp\libgcc.a(pr-support.o)
                0x20000de0                __gnu_unwind_execute
                0x200010d0                __gnu_unwind_frame
                0x200010f8                _Unwind_GetRegionStart
                0x20001104                _Unwind_GetLanguageSpecificData
 .text.__stub   0x20001118       0x40 linker stubs
                0x20001158                . = ALIGN (0x4)
 *(.rodata*)
                0x20001158                . = ALIGN (0x4)
 *(.data*)
 .data.striped_spin_lock_num
                0x20001158        0x1 CMakeFiles/RP2040_Test.dir/F_/Raspberry_Pi/Pico_SDK_v1.5.1/pico-sdk/src/rp2_common/hardware_sync/sync.c.obj
 *fill*         0x20001159        0x3 
 .data          0x2000115c       0x48 CMakeFiles/RP2040_Test.dir/F_/Raspberry_Pi/Pico_SDK_v1.5.1/pico-sdk/src/rp2_common/hardware_irq/irq_handler_chain.S.obj
                0x2000115c                irq_handler_chain_slots
                0x2000118c                irq_handler_chain_first_slot
                0x20001196                irq_handler_chain_remove_tail
 .data.default_alarm_pool
                0x200011a4       0x18 CMakeFiles/RP2040_Test.dir/F_/Raspberry_Pi/Pico_SDK_v1.5.1/pico-sdk/src/common/pico_time/time.c.obj
 .data.default_alarm_pool_heap
                0x200011bc       0x10 CMakeFiles/RP2040_Test.dir/F_/Raspberry_Pi/Pico_SDK_v1.5.1/pico-sdk/src/common/pico_time/time.c.obj
 *fill*         0x200011cc        0x4 
 .data.aeabi_bits_funcs
                0x200011d0       0x10 CMakeFiles/RP2040_Test.dir/F_/Raspberry_Pi/Pico_SDK_v1.5.1/pico-sdk/src/rp2_common/pico_bit_ops/bit_ops_aeabi.S.obj
                0x200011d0                aeabi_bits_funcs
                0x200011e0                aeabi_bits_funcs_end
 .data.aeabi_mem_funcs
                0x200011e0       0x10 CMakeFiles/RP2040_Test.dir/F_/Raspberry_Pi/Pico_SDK_v1.5.1/pico-sdk/src/rp2_common/pico_mem_ops/mem_ops_aeabi.S.obj
                0x200011e0                aeabi_mem_funcs
                0x200011f0                aeabi_mem_funcs_end
 .data.stdio_uart
                0x200011f0       0x18 CMakeFiles/RP2040_Test.dir/F_/Raspberry_Pi/Pico_SDK_v1.5.1/pico-sdk/src/rp2_common/pico_stdio_uart/stdio_uart.c.obj
                0x200011f0                stdio_uart
 .data._impure_ptr
                0x20001208        0x4 c:/program files (x86)/gnu arm embedded toolchain/10 2021.10/bin/../lib/gcc/arm-none-eabi/10.3.1/../../../../arm-none-eabi/lib/thumb/v6-m/nofp\libg.a(lib_a-impure.o)
                0x20001208                _impure_ptr
 *fill*         0x2000120c        0x4 
 .data.impure_data
                0x20001210      0x428 c:/program files (x86)/gnu arm embedded toolchain/10 2021.10/bin/../lib/gcc/arm-none-eabi/10.3.1/../../../../arm-none-eabi/lib/thumb/v6-m/nofp\libg.a(lib_a-impure.o)
                0x20001638                . = ALIGN (0x4)
 *(.after_data.*)
                0x20001638                . = ALIGN (0x4)
                0x20001638                PROVIDE (__mutex_array_start = .)
 *(SORT_BY_NAME(.mutex_array.*))
 *(.mutex_array)
 .mutex_array   0x20001638        0x8 CMakeFiles/RP2040_Test.dir/F_/Raspberry_Pi/Pico_SDK_v1.5.1/pico-sdk/src/rp2_common/pico_stdio/stdio.c.obj
                0x20001640                PROVIDE (__mutex_array_end = .)
                0x20001640                . = ALIGN (0x4)
                0x20001640                PROVIDE (__preinit_array_start = .)
 *(SORT_BY_NAME(.preinit_array.*))
 .preinit_array.00001
                0x20001640        0x4 CMakeFiles/RP2040_Test.dir/F_/Raspberry_Pi/Pico_SDK_v1.5.1/pico-sdk/src/rp2_common/pico_mem_ops/mem_ops_aeabi.S.obj
 .preinit_array.00010
                0x20001644        0x4 CMakeFiles/RP2040_Test.dir/F_/Raspberry_Pi/Pico_SDK_v1.5.1/pico-sdk/src/rp2_common/pico_bit_ops/bit_ops_aeabi.S.obj
 .preinit_array.00020
                0x20001648        0x4 CMakeFiles/RP2040_Test.dir/F_/Raspberry_Pi/Pico_SDK_v1.5.1/pico-sdk/src/rp2_common/pico_double/double_aeabi.S.obj
 .preinit_array.00020
                0x2000164c        0x4 CMakeFiles/RP2040_Test.dir/F_/Raspberry_Pi/Pico_SDK_v1.5.1/pico-sdk/src/rp2_common/pico_float/float_aeabi.S.obj
 *(.preinit_array)
                0x20001650                PROVIDE (__preinit_array_end = .)
                0x20001650                . = ALIGN (0x4)
                0x20001650                PROVIDE (__init_array_start = .)
 *(SORT_BY_NAME(.init_array.*))
 *(.init_array)
 .init_array    0x20001650        0x4 c:/program files (x86)/gnu arm embedded toolchain/10 2021.10/bin/../lib/gcc/arm-none-eabi/10.3.1/thumb/v6-m/nofp/crtbegin.o
                0x20001654                PROVIDE (__init_array_end = .)
                0x20001654                . = ALIGN (0x4)
                [!provide]                PROVIDE (__fini_array_start = .)
 *(SORT_BY_NAME(.fini_array.*))
 *(.fini_array)
                [!provide]                PROVIDE (__fini_array_end = .)
 *(.jcr)
                0x20001654                . = ALIGN (0x4)
                0x20001654                __data_end__ = .
                0x10005bec                __etext = LOADADDR (.data)

.igot.plt       0x20001654        0x0 load address 0x10007180
 .igot.plt      0x20001654        0x0 c:/program files (x86)/gnu arm embedded toolchain/10 2021.10/bin/../lib/gcc/arm-none-eabi/10.3.1/thumb/v6-m/nofp/crtbegin.o

.uninitialized_data
                0x20001654        0x0 load address 0x10007180
                0x20001654                . = ALIGN (0x4)
 *(.uninitialized_data*)

.scratch_x      0x20040000        0x0 load address 0x10007180
                0x20040000                __scratch_x_start__ = .
 *(.scratch_x.*)
                0x20040000                . = ALIGN (0x4)
                0x20040000                __scratch_x_end__ = .
                0x10007180                __scratch_x_source__ = LOADADDR (.scratch_x)

.scratch_y      0x20041000        0x0 load address 0x10007180
                0x20041000                __scratch_y_start__ = .
 *(.scratch_y.*)
                0x20041000                . = ALIGN (0x4)
                0x20041000                __scratch_y_end__ = .
                0x10007180                __scratch_y_source__ = LOADADDR (.scratch_y)

.bss            0x20001658      0x3ec
                0x20001658                . = ALIGN (0x4)
                0x20001658                __bss_start__ = .
 *(SORT_BY_ALIGNMENT(SORT_BY_NAME(.bss*)))
 .bss.default_alarm_pool_entries
                0x20001658      0x100 CMakeFiles/RP2040_Test.dir/F_/Raspberry_Pi/Pico_SDK_v1.5.1/pico-sdk/src/common/pico_time/time.c.obj
 .bss           0x20001758       0x1c c:/program files (x86)/gnu arm embedded toolchain/10 2021.10/bin/../lib/gcc/arm-none-eabi/10.3.1/thumb/v6-m/nofp/crtbegin.o
 .bss.alarm_callbacks
                0x20001774       0x10 CMakeFiles/RP2040_Test.dir/F_/Raspberry_Pi/Pico_SDK_v1.5.1/pico-sdk/src/rp2_common/hardware_timer/timer.c.obj
 .bss.chars_available_callback
                0x20001784        0x4 CMakeFiles/RP2040_Test.dir/F_/Raspberry_Pi/Pico_SDK_v1.5.1/pico-sdk/src/rp2_common/pico_stdio_uart/stdio_uart.c.obj
 .bss.chars_available_param
                0x20001788        0x4 CMakeFiles/RP2040_Test.dir/F_/Raspberry_Pi/Pico_SDK_v1.5.1/pico-sdk/src/rp2_common/pico_stdio_uart/stdio_uart.c.obj
 .bss.configured_freq
                0x2000178c       0x28 CMakeFiles/RP2040_Test.dir/F_/Raspberry_Pi/Pico_SDK_v1.5.1/pico-sdk/src/rp2_common/hardware_clocks/clocks.c.obj
 .bss.default_alarm_pool_entry_ids_high
                0x200017b4       0x10 CMakeFiles/RP2040_Test.dir/F_/Raspberry_Pi/Pico_SDK_v1.5.1/pico-sdk/src/common/pico_time/time.c.obj
 .bss.default_alarm_pool_heap_nodes
                0x200017c4       0x30 CMakeFiles/RP2040_Test.dir/F_/Raspberry_Pi/Pico_SDK_v1.5.1/pico-sdk/src/common/pico_time/time.c.obj
 .bss.drivers   0x200017f4        0x4 CMakeFiles/RP2040_Test.dir/F_/Raspberry_Pi/Pico_SDK_v1.5.1/pico-sdk/src/rp2_common/pico_stdio/stdio.c.obj
 .bss.errno     0x200017f8        0x4 c:/program files (x86)/gnu arm embedded toolchain/10 2021.10/bin/../lib/gcc/arm-none-eabi/10.3.1/../../../../arm-none-eabi/lib/thumb/v6-m/nofp\libg.a(lib_a-reent.o)
                0x200017f8                errno
 .bss.filter    0x200017fc        0x4 CMakeFiles/RP2040_Test.dir/F_/Raspberry_Pi/Pico_SDK_v1.5.1/pico-sdk/src/rp2_common/pico_stdio/stdio.c.obj
 .bss.pools     0x20001800       0x10 CMakeFiles/RP2040_Test.dir/F_/Raspberry_Pi/Pico_SDK_v1.5.1/pico-sdk/src/common/pico_time/time.c.obj
 .bss.sampleBuffer
                0x20001810        0xa CMakeFiles/RP2040_Test.dir/RP2040_Test.cpp.obj
                0x20001810                sampleBuffer
 *fill*         0x2000181a        0x2 
 .bss.sd_table  0x2000181c      0x100 CMakeFiles/RP2040_Test.dir/F_/Raspberry_Pi/Pico_SDK_v1.5.1/pico-sdk/src/rp2_common/pico_double/double_init_rom.c.obj
                0x2000181c                sd_table
 .bss.sf_clz_func
                0x2000191c        0x4 CMakeFiles/RP2040_Test.dir/F_/Raspberry_Pi/Pico_SDK_v1.5.1/pico-sdk/src/rp2_common/pico_double/double_init_rom.c.obj
                0x2000191c                sf_clz_func
 .bss.sf_table  0x20001920      0x100 CMakeFiles/RP2040_Test.dir/F_/Raspberry_Pi/Pico_SDK_v1.5.1/pico-sdk/src/rp2_common/pico_float/float_init_rom.c.obj
                0x20001920                sf_table
 .bss.sleep_notifier
                0x20001a20        0x4 CMakeFiles/RP2040_Test.dir/F_/Raspberry_Pi/Pico_SDK_v1.5.1/pico-sdk/src/common/pico_time/time.c.obj
 .bss.target_hi
                0x20001a24       0x10 CMakeFiles/RP2040_Test.dir/F_/Raspberry_Pi/Pico_SDK_v1.5.1/pico-sdk/src/rp2_common/hardware_timer/timer.c.obj
 .bss.uart_char_to_line_feed
                0x20001a34        0x4 CMakeFiles/RP2040_Test.dir/F_/Raspberry_Pi/Pico_SDK_v1.5.1/pico-sdk/src/rp2_common/hardware_uart/uart.c.obj
                0x20001a34                uart_char_to_line_feed
 .bss.uart_instance
                0x20001a38        0x4 CMakeFiles/RP2040_Test.dir/F_/Raspberry_Pi/Pico_SDK_v1.5.1/pico-sdk/src/rp2_common/pico_stdio_uart/stdio_uart.c.obj
 .bss.level     0x20001a3c        0x2 CMakeFiles/RP2040_Test.dir/RP2040_Test.cpp.obj
                0x20001a3c                level
 .bss.adc_irq_flag
                0x20001a3e        0x1 CMakeFiles/RP2040_Test.dir/RP2040_Test.cpp.obj
                0x20001a3e                adc_irq_flag
 .bss.claimed   0x20001a3f        0x1 CMakeFiles/RP2040_Test.dir/F_/Raspberry_Pi/Pico_SDK_v1.5.1/pico-sdk/src/rp2_common/hardware_timer/timer.c.obj
 .bss.irq_hander_chain_free_slot_head
                0x20001a40        0x1 CMakeFiles/RP2040_Test.dir/F_/Raspberry_Pi/Pico_SDK_v1.5.1/pico-sdk/src/rp2_common/hardware_irq/irq.c.obj
 .bss.timer_callbacks_pending
                0x20001a41        0x1 CMakeFiles/RP2040_Test.dir/F_/Raspberry_Pi/Pico_SDK_v1.5.1/pico-sdk/src/rp2_common/hardware_timer/timer.c.obj
 *(COMMON)
                0x20001a44                . = ALIGN (0x4)
 *fill*         0x20001a42        0x2 
                0x20001a44                __bss_end__ = .

.heap           0x20001a44      0x800
                0x20001a44                __end__ = .
                0x20001a44                end = __end__
 *(.heap*)
 .heap          0x20001a44      0x800 CMakeFiles/RP2040_Test.dir/F_/Raspberry_Pi/Pico_SDK_v1.5.1/pico-sdk/src/rp2_common/pico_standard_link/crt0.S.obj
                0x20002244                __HeapLimit = .

.stack1_dummy   0x20040000        0x0
 *(.stack1*)

.stack_dummy    0x20041000      0x800
 *(.stack*)
 .stack         0x20041000      0x800 CMakeFiles/RP2040_Test.dir/F_/Raspberry_Pi/Pico_SDK_v1.5.1/pico-sdk/src/rp2_common/pico_standard_link/crt0.S.obj

.flash_end      0x10007180        0x0
                0x10007180                PROVIDE (__flash_binary_end = .)
                0x20040000                __StackLimit = (ORIGIN (RAM) + LENGTH (RAM))
                0x20041000                __StackOneTop = (ORIGIN (SCRATCH_X) + LENGTH (SCRATCH_X))
                0x20042000                __StackTop = (ORIGIN (SCRATCH_Y) + LENGTH (SCRATCH_Y))
                0x20041000                __StackOneBottom = (__StackOneTop - SIZEOF (.stack1_dummy))
                0x20041800                __StackBottom = (__StackTop - SIZEOF (.stack_dummy))
                0x20042000                PROVIDE (__stack = __StackTop)
                0x00000001                ASSERT ((__StackLimit >= __HeapLimit), region RAM overflowed)
                0x00000001                ASSERT (((__binary_info_header_end - __logical_binary_start) <= 0x100), Binary info must be in first 256 bytes of the binary)
LOAD CMakeFiles/RP2040_Test.dir/RP2040_Test.cpp.obj
LOAD CMakeFiles/RP2040_Test.dir/F_/Raspberry_Pi/Pico_SDK_v1.5.1/pico-sdk/src/rp2_common/pico_stdlib/stdlib.c.obj
LOAD CMakeFiles/RP2040_Test.dir/F_/Raspberry_Pi/Pico_SDK_v1.5.1/pico-sdk/src/rp2_common/hardware_gpio/gpio.c.obj
LOAD CMakeFiles/RP2040_Test.dir/F_/Raspberry_Pi/Pico_SDK_v1.5.1/pico-sdk/src/rp2_common/pico_platform/platform.c.obj
LOAD CMakeFiles/RP2040_Test.dir/F_/Raspberry_Pi/Pico_SDK_v1.5.1/pico-sdk/src/rp2_common/hardware_claim/claim.c.obj
LOAD CMakeFiles/RP2040_Test.dir/F_/Raspberry_Pi/Pico_SDK_v1.5.1/pico-sdk/src/rp2_common/hardware_sync/sync.c.obj
LOAD CMakeFiles/RP2040_Test.dir/F_/Raspberry_Pi/Pico_SDK_v1.5.1/pico-sdk/src/rp2_common/hardware_irq/irq.c.obj
LOAD CMakeFiles/RP2040_Test.dir/F_/Raspberry_Pi/Pico_SDK_v1.5.1/pico-sdk/src/rp2_common/hardware_irq/irq_handler_chain.S.obj
LOAD CMakeFiles/RP2040_Test.dir/F_/Raspberry_Pi/Pico_SDK_v1.5.1/pico-sdk/src/common/pico_sync/sem.c.obj
LOAD CMakeFiles/RP2040_Test.dir/F_/Raspberry_Pi/Pico_SDK_v1.5.1/pico-sdk/src/common/pico_sync/lock_core.c.obj
LOAD CMakeFiles/RP2040_Test.dir/F_/Raspberry_Pi/Pico_SDK_v1.5.1/pico-sdk/src/common/pico_sync/mutex.c.obj
LOAD CMakeFiles/RP2040_Test.dir/F_/Raspberry_Pi/Pico_SDK_v1.5.1/pico-sdk/src/common/pico_sync/critical_section.c.obj
LOAD CMakeFiles/RP2040_Test.dir/F_/Raspberry_Pi/Pico_SDK_v1.5.1/pico-sdk/src/common/pico_time/time.c.obj
LOAD CMakeFiles/RP2040_Test.dir/F_/Raspberry_Pi/Pico_SDK_v1.5.1/pico-sdk/src/common/pico_time/timeout_helper.c.obj
LOAD CMakeFiles/RP2040_Test.dir/F_/Raspberry_Pi/Pico_SDK_v1.5.1/pico-sdk/src/rp2_common/hardware_timer/timer.c.obj
LOAD CMakeFiles/RP2040_Test.dir/F_/Raspberry_Pi/Pico_SDK_v1.5.1/pico-sdk/src/common/pico_util/datetime.c.obj
LOAD CMakeFiles/RP2040_Test.dir/F_/Raspberry_Pi/Pico_SDK_v1.5.1/pico-sdk/src/common/pico_util/pheap.c.obj
LOAD CMakeFiles/RP2040_Test.dir/F_/Raspberry_Pi/Pico_SDK_v1.5.1/pico-sdk/src/common/pico_util/queue.c.obj
LOAD CMakeFiles/RP2040_Test.dir/F_/Raspberry_Pi/Pico_SDK_v1.5.1/pico-sdk/src/rp2_common/hardware_uart/uart.c.obj
LOAD CMakeFiles/RP2040_Test.dir/F_/Raspberry_Pi/Pico_SDK_v1.5.1/pico-sdk/src/rp2_common/hardware_clocks/clocks.c.obj
LOAD CMakeFiles/RP2040_Test.dir/F_/Raspberry_Pi/Pico_SDK_v1.5.1/pico-sdk/src/rp2_common/hardware_pll/pll.c.obj
LOAD CMakeFiles/RP2040_Test.dir/F_/Raspberry_Pi/Pico_SDK_v1.5.1/pico-sdk/src/rp2_common/hardware_vreg/vreg.c.obj
LOAD CMakeFiles/RP2040_Test.dir/F_/Raspberry_Pi/Pico_SDK_v1.5.1/pico-sdk/src/rp2_common/hardware_watchdog/watchdog.c.obj
LOAD CMakeFiles/RP2040_Test.dir/F_/Raspberry_Pi/Pico_SDK_v1.5.1/pico-sdk/src/rp2_common/hardware_xosc/xosc.c.obj
LOAD CMakeFiles/RP2040_Test.dir/F_/Raspberry_Pi/Pico_SDK_v1.5.1/pico-sdk/src/rp2_common/hardware_divider/divider.S.obj
LOAD CMakeFiles/RP2040_Test.dir/F_/Raspberry_Pi/Pico_SDK_v1.5.1/pico-sdk/src/rp2_common/pico_runtime/runtime.c.obj
LOAD CMakeFiles/RP2040_Test.dir/F_/Raspberry_Pi/Pico_SDK_v1.5.1/pico-sdk/src/rp2_common/pico_printf/printf.c.obj
LOAD CMakeFiles/RP2040_Test.dir/F_/Raspberry_Pi/Pico_SDK_v1.5.1/pico-sdk/src/rp2_common/pico_bit_ops/bit_ops_aeabi.S.obj
LOAD CMakeFiles/RP2040_Test.dir/F_/Raspberry_Pi/Pico_SDK_v1.5.1/pico-sdk/src/rp2_common/pico_bootrom/bootrom.c.obj
LOAD CMakeFiles/RP2040_Test.dir/F_/Raspberry_Pi/Pico_SDK_v1.5.1/pico-sdk/src/rp2_common/pico_divider/divider.S.obj
LOAD CMakeFiles/RP2040_Test.dir/F_/Raspberry_Pi/Pico_SDK_v1.5.1/pico-sdk/src/rp2_common/pico_double/double_aeabi.S.obj
LOAD CMakeFiles/RP2040_Test.dir/F_/Raspberry_Pi/Pico_SDK_v1.5.1/pico-sdk/src/rp2_common/pico_double/double_init_rom.c.obj
LOAD CMakeFiles/RP2040_Test.dir/F_/Raspberry_Pi/Pico_SDK_v1.5.1/pico-sdk/src/rp2_common/pico_double/double_math.c.obj
LOAD CMakeFiles/RP2040_Test.dir/F_/Raspberry_Pi/Pico_SDK_v1.5.1/pico-sdk/src/rp2_common/pico_double/double_v1_rom_shim.S.obj
LOAD CMakeFiles/RP2040_Test.dir/F_/Raspberry_Pi/Pico_SDK_v1.5.1/pico-sdk/src/rp2_common/pico_int64_ops/pico_int64_ops_aeabi.S.obj
LOAD CMakeFiles/RP2040_Test.dir/F_/Raspberry_Pi/Pico_SDK_v1.5.1/pico-sdk/src/rp2_common/pico_float/float_aeabi.S.obj
LOAD CMakeFiles/RP2040_Test.dir/F_/Raspberry_Pi/Pico_SDK_v1.5.1/pico-sdk/src/rp2_common/pico_float/float_init_rom.c.obj
LOAD CMakeFiles/RP2040_Test.dir/F_/Raspberry_Pi/Pico_SDK_v1.5.1/pico-sdk/src/rp2_common/pico_float/float_math.c.obj
LOAD CMakeFiles/RP2040_Test.dir/F_/Raspberry_Pi/Pico_SDK_v1.5.1/pico-sdk/src/rp2_common/pico_float/float_v1_rom_shim.S.obj
LOAD CMakeFiles/RP2040_Test.dir/F_/Raspberry_Pi/Pico_SDK_v1.5.1/pico-sdk/src/rp2_common/pico_malloc/pico_malloc.c.obj
LOAD CMakeFiles/RP2040_Test.dir/F_/Raspberry_Pi/Pico_SDK_v1.5.1/pico-sdk/src/rp2_common/pico_mem_ops/mem_ops_aeabi.S.obj
LOAD CMakeFiles/RP2040_Test.dir/F_/Raspberry_Pi/Pico_SDK_v1.5.1/pico-sdk/src/rp2_common/pico_standard_link/crt0.S.obj
LOAD CMakeFiles/RP2040_Test.dir/F_/Raspberry_Pi/Pico_SDK_v1.5.1/pico-sdk/src/rp2_common/pico_standard_link/new_delete.cpp.obj
LOAD CMakeFiles/RP2040_Test.dir/F_/Raspberry_Pi/Pico_SDK_v1.5.1/pico-sdk/src/rp2_common/pico_standard_link/binary_info.c.obj
LOAD CMakeFiles/RP2040_Test.dir/F_/Raspberry_Pi/Pico_SDK_v1.5.1/pico-sdk/src/rp2_common/pico_stdio/stdio.c.obj
LOAD CMakeFiles/RP2040_Test.dir/F_/Raspberry_Pi/Pico_SDK_v1.5.1/pico-sdk/src/rp2_common/pico_stdio_uart/stdio_uart.c.obj
LOAD CMakeFiles/RP2040_Test.dir/F_/Raspberry_Pi/Pico_SDK_v1.5.1/pico-sdk/src/rp2_common/hardware_adc/adc.c.obj
LOAD C:\Users\ADMINI~1\AppData\Local\Temp\ccaefyof.o
LOAD c:/program files (x86)/gnu arm embedded toolchain/10 2021.10/bin/../lib/gcc/arm-none-eabi/10.3.1/../../../../arm-none-eabi/lib/thumb/v6-m/nofp\libstdc++.a
LOAD c:/program files (x86)/gnu arm embedded toolchain/10 2021.10/bin/../lib/gcc/arm-none-eabi/10.3.1/../../../../arm-none-eabi/lib/thumb/v6-m/nofp\libm.a
START GROUP
LOAD c:/program files (x86)/gnu arm embedded toolchain/10 2021.10/bin/../lib/gcc/arm-none-eabi/10.3.1/thumb/v6-m/nofp\libgcc.a
LOAD c:/program files (x86)/gnu arm embedded toolchain/10 2021.10/bin/../lib/gcc/arm-none-eabi/10.3.1/../../../../arm-none-eabi/lib/thumb/v6-m/nofp\libg.a
LOAD c:/program files (x86)/gnu arm embedded toolchain/10 2021.10/bin/../lib/gcc/arm-none-eabi/10.3.1/../../../../arm-none-eabi/lib/thumb/v6-m/nofp\libc.a
END GROUP
START GROUP
LOAD c:/program files (x86)/gnu arm embedded toolchain/10 2021.10/bin/../lib/gcc/arm-none-eabi/10.3.1/thumb/v6-m/nofp\libgcc.a
LOAD c:/program files (x86)/gnu arm embedded toolchain/10 2021.10/bin/../lib/gcc/arm-none-eabi/10.3.1/../../../../arm-none-eabi/lib/thumb/v6-m/nofp\libc.a
LOAD c:/program files (x86)/gnu arm embedded toolchain/10 2021.10/bin/../lib/gcc/arm-none-eabi/10.3.1/../../../../arm-none-eabi/lib/thumb/v6-m/nofp\libnosys.a
END GROUP
LOAD c:/program files (x86)/gnu arm embedded toolchain/10 2021.10/bin/../lib/gcc/arm-none-eabi/10.3.1/thumb/v6-m/nofp/crtend.o
LOAD c:/program files (x86)/gnu arm embedded toolchain/10 2021.10/bin/../lib/gcc/arm-none-eabi/10.3.1/thumb/v6-m/nofp/crtn.o
OUTPUT(RP2040_Test.elf elf32-littlearm)
LOAD linker stubs

.ARM.attributes
                0x00000000       0x28
 .ARM.attributes
                0x00000000       0x1e c:/program files (x86)/gnu arm embedded toolchain/10 2021.10/bin/../lib/gcc/arm-none-eabi/10.3.1/thumb/v6-m/nofp/crti.o
 .ARM.attributes
                0x0000001e       0x2c c:/program files (x86)/gnu arm embedded toolchain/10 2021.10/bin/../lib/gcc/arm-none-eabi/10.3.1/thumb/v6-m/nofp/crtbegin.o
 .ARM.attributes
                0x0000004a       0x2c CMakeFiles/RP2040_Test.dir/RP2040_Test.cpp.obj
 .ARM.attributes
                0x00000076       0x2c CMakeFiles/RP2040_Test.dir/F_/Raspberry_Pi/Pico_SDK_v1.5.1/pico-sdk/src/rp2_common/hardware_gpio/gpio.c.obj
 .ARM.attributes
                0x000000a2       0x2c CMakeFiles/RP2040_Test.dir/F_/Raspberry_Pi/Pico_SDK_v1.5.1/pico-sdk/src/rp2_common/pico_platform/platform.c.obj
 .ARM.attributes
                0x000000ce       0x2c CMakeFiles/RP2040_Test.dir/F_/Raspberry_Pi/Pico_SDK_v1.5.1/pico-sdk/src/rp2_common/hardware_claim/claim.c.obj
 .ARM.attributes
                0x000000fa       0x2c CMakeFiles/RP2040_Test.dir/F_/Raspberry_Pi/Pico_SDK_v1.5.1/pico-sdk/src/rp2_common/hardware_sync/sync.c.obj
 .ARM.attributes
                0x00000126       0x2c CMakeFiles/RP2040_Test.dir/F_/Raspberry_Pi/Pico_SDK_v1.5.1/pico-sdk/src/rp2_common/hardware_irq/irq.c.obj
 .ARM.attributes
                0x00000152       0x22 CMakeFiles/RP2040_Test.dir/F_/Raspberry_Pi/Pico_SDK_v1.5.1/pico-sdk/src/rp2_common/hardware_irq/irq_handler_chain.S.obj
 .ARM.attributes
                0x00000174       0x2c CMakeFiles/RP2040_Test.dir/F_/Raspberry_Pi/Pico_SDK_v1.5.1/pico-sdk/src/common/pico_sync/lock_core.c.obj
 .ARM.attributes
                0x000001a0       0x2c CMakeFiles/RP2040_Test.dir/F_/Raspberry_Pi/Pico_SDK_v1.5.1/pico-sdk/src/common/pico_sync/mutex.c.obj
 .ARM.attributes
                0x000001cc       0x2c CMakeFiles/RP2040_Test.dir/F_/Raspberry_Pi/Pico_SDK_v1.5.1/pico-sdk/src/common/pico_time/time.c.obj
 .ARM.attributes
                0x000001f8       0x2c CMakeFiles/RP2040_Test.dir/F_/Raspberry_Pi/Pico_SDK_v1.5.1/pico-sdk/src/rp2_common/hardware_timer/timer.c.obj
 .ARM.attributes
                0x00000224       0x2c CMakeFiles/RP2040_Test.dir/F_/Raspberry_Pi/Pico_SDK_v1.5.1/pico-sdk/src/common/pico_util/pheap.c.obj
 .ARM.attributes
                0x00000250       0x2c CMakeFiles/RP2040_Test.dir/F_/Raspberry_Pi/Pico_SDK_v1.5.1/pico-sdk/src/rp2_common/hardware_uart/uart.c.obj
 .ARM.attributes
                0x0000027c       0x2c CMakeFiles/RP2040_Test.dir/F_/Raspberry_Pi/Pico_SDK_v1.5.1/pico-sdk/src/rp2_common/hardware_clocks/clocks.c.obj
 .ARM.attributes
                0x000002a8       0x2c CMakeFiles/RP2040_Test.dir/F_/Raspberry_Pi/Pico_SDK_v1.5.1/pico-sdk/src/rp2_common/hardware_pll/pll.c.obj
 .ARM.attributes
                0x000002d4       0x2c CMakeFiles/RP2040_Test.dir/F_/Raspberry_Pi/Pico_SDK_v1.5.1/pico-sdk/src/rp2_common/hardware_watchdog/watchdog.c.obj
 .ARM.attributes
                0x00000300       0x2c CMakeFiles/RP2040_Test.dir/F_/Raspberry_Pi/Pico_SDK_v1.5.1/pico-sdk/src/rp2_common/hardware_xosc/xosc.c.obj
 .ARM.attributes
                0x0000032c       0x2c CMakeFiles/RP2040_Test.dir/F_/Raspberry_Pi/Pico_SDK_v1.5.1/pico-sdk/src/rp2_common/pico_runtime/runtime.c.obj
 .ARM.attributes
                0x00000358       0x2c CMakeFiles/RP2040_Test.dir/F_/Raspberry_Pi/Pico_SDK_v1.5.1/pico-sdk/src/rp2_common/pico_printf/printf.c.obj
 .ARM.attributes
                0x00000384       0x22 CMakeFiles/RP2040_Test.dir/F_/Raspberry_Pi/Pico_SDK_v1.5.1/pico-sdk/src/rp2_common/pico_bit_ops/bit_ops_aeabi.S.obj
 .ARM.attributes
                0x000003a6       0x2c CMakeFiles/RP2040_Test.dir/F_/Raspberry_Pi/Pico_SDK_v1.5.1/pico-sdk/src/rp2_common/pico_bootrom/bootrom.c.obj
 .ARM.attributes
                0x000003d2       0x22 CMakeFiles/RP2040_Test.dir/F_/Raspberry_Pi/Pico_SDK_v1.5.1/pico-sdk/src/rp2_common/pico_divider/divider.S.obj
 .ARM.attributes
                0x000003f4       0x22 CMakeFiles/RP2040_Test.dir/F_/Raspberry_Pi/Pico_SDK_v1.5.1/pico-sdk/src/rp2_common/pico_double/double_aeabi.S.obj
 .ARM.attributes
                0x00000416       0x2c CMakeFiles/RP2040_Test.dir/F_/Raspberry_Pi/Pico_SDK_v1.5.1/pico-sdk/src/rp2_common/pico_double/double_init_rom.c.obj
 .ARM.attributes
                0x00000442       0x22 CMakeFiles/RP2040_Test.dir/F_/Raspberry_Pi/Pico_SDK_v1.5.1/pico-sdk/src/rp2_common/pico_double/double_v1_rom_shim.S.obj
 .ARM.attributes
                0x00000464       0x22 CMakeFiles/RP2040_Test.dir/F_/Raspberry_Pi/Pico_SDK_v1.5.1/pico-sdk/src/rp2_common/pico_int64_ops/pico_int64_ops_aeabi.S.obj
 .ARM.attributes
                0x00000486       0x22 CMakeFiles/RP2040_Test.dir/F_/Raspberry_Pi/Pico_SDK_v1.5.1/pico-sdk/src/rp2_common/pico_float/float_aeabi.S.obj
 .ARM.attributes
                0x000004a8       0x2c CMakeFiles/RP2040_Test.dir/F_/Raspberry_Pi/Pico_SDK_v1.5.1/pico-sdk/src/rp2_common/pico_float/float_init_rom.c.obj
 .ARM.attributes
                0x000004d4       0x22 CMakeFiles/RP2040_Test.dir/F_/Raspberry_Pi/Pico_SDK_v1.5.1/pico-sdk/src/rp2_common/pico_float/float_v1_rom_shim.S.obj
 .ARM.attributes
                0x000004f6       0x22 CMakeFiles/RP2040_Test.dir/F_/Raspberry_Pi/Pico_SDK_v1.5.1/pico-sdk/src/rp2_common/pico_mem_ops/mem_ops_aeabi.S.obj
 .ARM.attributes
                0x00000518       0x22 CMakeFiles/RP2040_Test.dir/F_/Raspberry_Pi/Pico_SDK_v1.5.1/pico-sdk/src/rp2_common/pico_standard_link/crt0.S.obj
 .ARM.attributes
                0x0000053a       0x2c CMakeFiles/RP2040_Test.dir/F_/Raspberry_Pi/Pico_SDK_v1.5.1/pico-sdk/src/rp2_common/pico_standard_link/binary_info.c.obj
 .ARM.attributes
                0x00000566       0x2c CMakeFiles/RP2040_Test.dir/F_/Raspberry_Pi/Pico_SDK_v1.5.1/pico-sdk/src/rp2_common/pico_stdio/stdio.c.obj
 .ARM.attributes
                0x00000592       0x2c CMakeFiles/RP2040_Test.dir/F_/Raspberry_Pi/Pico_SDK_v1.5.1/pico-sdk/src/rp2_common/pico_stdio_uart/stdio_uart.c.obj
 .ARM.attributes
                0x000005be       0x2c CMakeFiles/RP2040_Test.dir/F_/Raspberry_Pi/Pico_SDK_v1.5.1/pico-sdk/src/rp2_common/hardware_adc/adc.c.obj
 .ARM.attributes
                0x000005ea       0x22 C:\Users\ADMINI~1\AppData\Local\Temp\ccaefyof.o
 .ARM.attributes
                0x0000060c       0x1e c:/program files (x86)/gnu arm embedded toolchain/10 2021.10/bin/../lib/gcc/arm-none-eabi/10.3.1/thumb/v6-m/nofp\libgcc.a(_dvmd_tls.o)
 .ARM.attributes
                0x0000062a       0x2c c:/program files (x86)/gnu arm embedded toolchain/10 2021.10/bin/../lib/gcc/arm-none-eabi/10.3.1/thumb/v6-m/nofp\libgcc.a(unwind-arm.o)
 .ARM.attributes
                0x00000656       0x1e c:/program files (x86)/gnu arm embedded toolchain/10 2021.10/bin/../lib/gcc/arm-none-eabi/10.3.1/thumb/v6-m/nofp\libgcc.a(libunwind.o)
 .ARM.attributes
                0x00000674       0x2c c:/program files (x86)/gnu arm embedded toolchain/10 2021.10/bin/../lib/gcc/arm-none-eabi/10.3.1/thumb/v6-m/nofp\libgcc.a(pr-support.o)
 .ARM.attributes
                0x000006a0       0x2c c:/program files (x86)/gnu arm embedded toolchain/10 2021.10/bin/../lib/gcc/arm-none-eabi/10.3.1/../../../../arm-none-eabi/lib/thumb/v6-m/nofp\libg.a(lib_a-abort.o)
 .ARM.attributes
                0x000006cc       0x2c c:/program files (x86)/gnu arm embedded toolchain/10 2021.10/bin/../lib/gcc/arm-none-eabi/10.3.1/../../../../arm-none-eabi/lib/thumb/v6-m/nofp\libg.a(lib_a-impure.o)
 .ARM.attributes
                0x000006f8       0x2c c:/program files (x86)/gnu arm embedded toolchain/10 2021.10/bin/../lib/gcc/arm-none-eabi/10.3.1/../../../../arm-none-eabi/lib/thumb/v6-m/nofp\libg.a(lib_a-signal.o)
 .ARM.attributes
                0x00000724       0x2c c:/program files (x86)/gnu arm embedded toolchain/10 2021.10/bin/../lib/gcc/arm-none-eabi/10.3.1/../../../../arm-none-eabi/lib/thumb/v6-m/nofp\libg.a(lib_a-signalr.o)
 .ARM.attributes
                0x00000750       0x2c c:/program files (x86)/gnu arm embedded toolchain/10 2021.10/bin/../lib/gcc/arm-none-eabi/10.3.1/../../../../arm-none-eabi/lib/thumb/v6-m/nofp\libg.a(lib_a-strlen-stub.o)
 .ARM.attributes
                0x0000077c       0x2c c:/program files (x86)/gnu arm embedded toolchain/10 2021.10/bin/../lib/gcc/arm-none-eabi/10.3.1/../../../../arm-none-eabi/lib/thumb/v6-m/nofp\libg.a(lib_a-reent.o)

.comment        0x00000000       0x49
 .comment       0x00000000       0x49 CMakeFiles/RP2040_Test.dir/RP2040_Test.cpp.obj
                                 0x4a (size before relaxing)
 .comment       0x00000049       0x4a CMakeFiles/RP2040_Test.dir/F_/Raspberry_Pi/Pico_SDK_v1.5.1/pico-sdk/src/rp2_common/hardware_gpio/gpio.c.obj
 .comment       0x00000049       0x4a CMakeFiles/RP2040_Test.dir/F_/Raspberry_Pi/Pico_SDK_v1.5.1/pico-sdk/src/rp2_common/pico_platform/platform.c.obj
 .comment       0x00000049       0x4a CMakeFiles/RP2040_Test.dir/F_/Raspberry_Pi/Pico_SDK_v1.5.1/pico-sdk/src/rp2_common/hardware_claim/claim.c.obj
 .comment       0x00000049       0x4a CMakeFiles/RP2040_Test.dir/F_/Raspberry_Pi/Pico_SDK_v1.5.1/pico-sdk/src/rp2_common/hardware_sync/sync.c.obj
 .comment       0x00000049       0x4a CMakeFiles/RP2040_Test.dir/F_/Raspberry_Pi/Pico_SDK_v1.5.1/pico-sdk/src/rp2_common/hardware_irq/irq.c.obj
 .comment       0x00000049       0x4a CMakeFiles/RP2040_Test.dir/F_/Raspberry_Pi/Pico_SDK_v1.5.1/pico-sdk/src/common/pico_sync/lock_core.c.obj
 .comment       0x00000049       0x4a CMakeFiles/RP2040_Test.dir/F_/Raspberry_Pi/Pico_SDK_v1.5.1/pico-sdk/src/common/pico_sync/mutex.c.obj
 .comment       0x00000049       0x4a CMakeFiles/RP2040_Test.dir/F_/Raspberry_Pi/Pico_SDK_v1.5.1/pico-sdk/src/common/pico_time/time.c.obj
 .comment       0x00000049       0x4a CMakeFiles/RP2040_Test.dir/F_/Raspberry_Pi/Pico_SDK_v1.5.1/pico-sdk/src/rp2_common/hardware_timer/timer.c.obj
 .comment       0x00000049       0x4a CMakeFiles/RP2040_Test.dir/F_/Raspberry_Pi/Pico_SDK_v1.5.1/pico-sdk/src/common/pico_util/pheap.c.obj
 .comment       0x00000049       0x4a CMakeFiles/RP2040_Test.dir/F_/Raspberry_Pi/Pico_SDK_v1.5.1/pico-sdk/src/rp2_common/hardware_uart/uart.c.obj
 .comment       0x00000049       0x4a CMakeFiles/RP2040_Test.dir/F_/Raspberry_Pi/Pico_SDK_v1.5.1/pico-sdk/src/rp2_common/hardware_clocks/clocks.c.obj
 .comment       0x00000049       0x4a CMakeFiles/RP2040_Test.dir/F_/Raspberry_Pi/Pico_SDK_v1.5.1/pico-sdk/src/rp2_common/hardware_pll/pll.c.obj
 .comment       0x00000049       0x4a CMakeFiles/RP2040_Test.dir/F_/Raspberry_Pi/Pico_SDK_v1.5.1/pico-sdk/src/rp2_common/hardware_watchdog/watchdog.c.obj
 .comment       0x00000049       0x4a CMakeFiles/RP2040_Test.dir/F_/Raspberry_Pi/Pico_SDK_v1.5.1/pico-sdk/src/rp2_common/hardware_xosc/xosc.c.obj