Archive member included to satisfy reference by file (symbol)

FreeRTOS-Kernel\libfreertos_kernel.a(tasks.c.obj)
                              CMakeFiles/FreeRTOS_Pico.dir/FreeRTOS_Pico.c.obj (xTaskCreate)
FreeRTOS-Kernel\libfreertos_kernel.a(timers.c.obj)
                              FreeRTOS-Kernel\libfreertos_kernel.a(tasks.c.obj) (xTimerCreateTimerTask)
FreeRTOS-Kernel\libfreertos_kernel.a(heap_4.c.obj)
                              FreeRTOS-Kernel\libfreertos_kernel.a(tasks.c.obj) (pvPortMalloc)
FreeRTOS-Kernel\libfreertos_kernel.a(port.c.obj)
                              FreeRTOS-Kernel\libfreertos_kernel.a(tasks.c.obj) (pxPortInitialiseStack)
FreeRTOS-Kernel\libfreertos_kernel.a(exception.c.obj)
                              FreeRTOS-Kernel\libfreertos_kernel.a(port.c.obj) (exception_set_exclusive_handler)
FreeRTOS-Kernel\libfreertos_kernel.a(event_groups.c.obj)
                              FreeRTOS-Kernel\libfreertos_kernel.a(port.c.obj) (xEventGroupCreate)
FreeRTOS-Kernel\libfreertos_kernel.a(list.c.obj)
                              FreeRTOS-Kernel\libfreertos_kernel.a(tasks.c.obj) (vListInitialise)
FreeRTOS-Kernel\libfreertos_kernel.a(queue.c.obj)
                              FreeRTOS-Kernel\libfreertos_kernel.a(timers.c.obj) (xQueueGenericCreate)
c:/progra~2/gnuarm~1/102021~1.10/bin/../lib/gcc/arm-none-eabi/10.3.1/thumb/v6-m/nofp\libgcc.a(_dvmd_tls.o)
                              CMakeFiles/FreeRTOS_Pico.dir/G_/Raspberry_Pi/Pico_SDK_v1.5.1/pico-sdk/src/rp2_common/pico_divider/divider.S.obj (__aeabi_idiv0)
c:/progra~2/gnuarm~1/102021~1.10/bin/../lib/gcc/arm-none-eabi/10.3.1/../../../../arm-none-eabi/lib/thumb/v6-m/nofp\libg.a(lib_a-calloc.o)
                              CMakeFiles/FreeRTOS_Pico.dir/G_/Raspberry_Pi/Pico_SDK_v1.5.1/pico-sdk/src/rp2_common/pico_malloc/pico_malloc.c.obj (calloc)
c:/progra~2/gnuarm~1/102021~1.10/bin/../lib/gcc/arm-none-eabi/10.3.1/../../../../arm-none-eabi/lib/thumb/v6-m/nofp\libg.a(lib_a-callocr.o)
                              c:/progra~2/gnuarm~1/102021~1.10/bin/../lib/gcc/arm-none-eabi/10.3.1/../../../../arm-none-eabi/lib/thumb/v6-m/nofp\libg.a(lib_a-calloc.o) (_calloc_r)
c:/progra~2/gnuarm~1/102021~1.10/bin/../lib/gcc/arm-none-eabi/10.3.1/../../../../arm-none-eabi/lib/thumb/v6-m/nofp\libg.a(lib_a-errno.o)
                              c:/progra~2/gnuarm~1/102021~1.10/bin/../lib/gcc/arm-none-eabi/10.3.1/../../../../arm-none-eabi/lib/thumb/v6-m/nofp\libg.a(lib_a-callocr.o) (__errno)
c:/progra~2/gnuarm~1/102021~1.10/bin/../lib/gcc/arm-none-eabi/10.3.1/../../../../arm-none-eabi/lib/thumb/v6-m/nofp\libg.a(lib_a-impure.o)
                              c:/progra~2/gnuarm~1/102021~1.10/bin/../lib/gcc/arm-none-eabi/10.3.1/../../../../arm-none-eabi/lib/thumb/v6-m/nofp\libg.a(lib_a-calloc.o) (_impure_ptr)
c:/progra~2/gnuarm~1/102021~1.10/bin/../lib/gcc/arm-none-eabi/10.3.1/../../../../arm-none-eabi/lib/thumb/v6-m/nofp\libg.a(lib_a-init.o)
                              c:/progra~2/gnuarm~1/102021~1.10/bin/../lib/gcc/arm-none-eabi/10.3.1/../../../../arm-none-eabi/lib/thumb/v6-m/nofp/crt0.o (__libc_init_array)
c:/progra~2/gnuarm~1/102021~1.10/bin/../lib/gcc/arm-none-eabi/10.3.1/../../../../arm-none-eabi/lib/thumb/v6-m/nofp\libg.a(lib_a-malloc.o)
                              CMakeFiles/FreeRTOS_Pico.dir/G_/Raspberry_Pi/Pico_SDK_v1.5.1/pico-sdk/src/rp2_common/pico_malloc/pico_malloc.c.obj (malloc)
c:/progra~2/gnuarm~1/102021~1.10/bin/../lib/gcc/arm-none-eabi/10.3.1/../../../../arm-none-eabi/lib/thumb/v6-m/nofp\libg.a(lib_a-mallocr.o)
                              c:/progra~2/gnuarm~1/102021~1.10/bin/../lib/gcc/arm-none-eabi/10.3.1/../../../../arm-none-eabi/lib/thumb/v6-m/nofp\libg.a(lib_a-callocr.o) (_malloc_r)
c:/progra~2/gnuarm~1/102021~1.10/bin/../lib/gcc/arm-none-eabi/10.3.1/../../../../arm-none-eabi/lib/thumb/v6-m/nofp\libg.a(lib_a-mlock.o)
                              c:/progra~2/gnuarm~1/102021~1.10/bin/../lib/gcc/arm-none-eabi/10.3.1/../../../../arm-none-eabi/lib/thumb/v6-m/nofp\libg.a(lib_a-mallocr.o) (__malloc_lock)
c:/progra~2/gnuarm~1/102021~1.10/bin/../lib/gcc/arm-none-eabi/10.3.1/../../../../arm-none-eabi/lib/thumb/v6-m/nofp\libg.a(lib_a-realloc.o)
                              CMakeFiles/FreeRTOS_Pico.dir/G_/Raspberry_Pi/Pico_SDK_v1.5.1/pico-sdk/src/rp2_common/pico_malloc/pico_malloc.c.obj (realloc)
c:/progra~2/gnuarm~1/102021~1.10/bin/../lib/gcc/arm-none-eabi/10.3.1/../../../../arm-none-eabi/lib/thumb/v6-m/nofp\libg.a(lib_a-reallocr.o)
                              c:/progra~2/gnuarm~1/102021~1.10/bin/../lib/gcc/arm-none-eabi/10.3.1/../../../../arm-none-eabi/lib/thumb/v6-m/nofp\libg.a(lib_a-realloc.o) (_realloc_r)
c:/progra~2/gnuarm~1/102021~1.10/bin/../lib/gcc/arm-none-eabi/10.3.1/../../../../arm-none-eabi/lib/thumb/v6-m/nofp\libg.a(lib_a-sbrkr.o)
                              c:/progra~2/gnuarm~1/102021~1.10/bin/../lib/gcc/arm-none-eabi/10.3.1/../../../../arm-none-eabi/lib/thumb/v6-m/nofp\libg.a(lib_a-mallocr.o) (_sbrk_r)
[...]
Memory Configuration

Name             Origin             Length             Attributes
FLASH            0x10000000         0x00200000         xr
RAM              0x20000000         0x00040000         xrw
SCRATCH_X        0x20040000         0x00001000         xrw
SCRATCH_Y        0x20041000         0x00001000         xrw
*default*        0x00000000         0xffffffff

Linker script and memory map

LOAD c:/progra~2/gnuarm~1/102021~1.10/bin/../lib/gcc/arm-none-eabi/10.3.1/thumb/v6-m/nofp/crti.o
LOAD c:/progra~2/gnuarm~1/102021~1.10/bin/../lib/gcc/arm-none-eabi/10.3.1/thumb/v6-m/nofp/crtbegin.o
LOAD c:/progra~2/gnuarm~1/102021~1.10/bin/../lib/gcc/arm-none-eabi/10.3.1/../../../../arm-none-eabi/lib/thumb/v6-m/nofp/crt0.o

.flash_begin    0x10000000        0x0
                0x10000000                __flash_binary_start = .

.boot2          0x10000000      0x100
                0x10000000                __boot2_start__ = .
 *(.boot2)
 .boot2         0x10000000      0x100 C:\Users\ADMINI~1\AppData\Local\Temp\cc6k5KLl.o
                0x10000100                __boot2_end__ = .
                0x00000001                ASSERT (((__boot2_end__ - __boot2_start__) == 0x100), ERROR: Pico second stage bootloader must be 256 bytes in size)

.text           0x10000100     0x6c90
                0x10000100                __logical_binary_start = .
 *(.vectors)
 .vectors       0x10000100       0xd4 CMakeFiles/FreeRTOS_Pico.dir/G_/Raspberry_Pi/Pico_SDK_v1.5.1/pico-sdk/src/rp2_common/pico_standard_link/crt0.S.obj
                0x10000100                __vectors
                0x10000100                __VECTOR_TABLE
                0x100001c0                isr_invalid
                0x100001c0                __default_isrs_start
                0x100001c2                isr_nmi
                0x100001c4                isr_hardfault
                0x100001cc                isr_irq11
                0x100001cc                isr_irq23
                0x100001cc                isr_irq18
                0x100001cc                isr_irq5
                0x100001cc                isr_irq31
                0x100001cc                isr_irq27
                0x100001cc                isr_irq19
                0x100001cc                isr_irq0
                0x100001cc                isr_irq6
                0x100001cc                isr_irq13
                0x100001cc                isr_irq12
                0x100001cc                isr_irq22
                0x100001cc                __unhandled_user_irq
                0x100001cc                isr_irq17
                0x100001cc                isr_irq14
                0x100001cc                isr_irq28
                0x100001cc                isr_irq2
                0x100001cc                isr_irq10
                0x100001cc                isr_irq8
                0x100001cc                isr_irq24
                0x100001cc                isr_irq1
                0x100001cc                isr_irq7
                0x100001cc                isr_irq21
                0x100001cc                isr_irq20
                0x100001cc                isr_irq15
                0x100001cc                isr_irq25
                0x100001cc                isr_irq30
                0x100001cc                isr_irq4
                0x100001cc                isr_irq16
                0x100001cc                isr_irq29
                0x100001cc                isr_irq26
                0x100001cc                __default_isrs_end
                0x100001cc                isr_irq3
                0x100001cc                isr_irq9
                0x100001d2                unhandled_user_irq_num_in_r0
 *(.binary_info_header)
 .binary_info_header
                0x100001d4       0x14 CMakeFiles/FreeRTOS_Pico.dir/G_/Raspberry_Pi/Pico_SDK_v1.5.1/pico-sdk/src/rp2_common/pico_standard_link/crt0.S.obj
                0x100001e8                __binary_info_header_end = .
 *(.reset)
 .reset         0x100001e8       0xa0 CMakeFiles/FreeRTOS_Pico.dir/G_/Raspberry_Pi/Pico_SDK_v1.5.1/pico-sdk/src/rp2_common/pico_standard_link/crt0.S.obj
                0x100001e8                _entry_point
 .reset         0x10000288       0x30 CMakeFiles/FreeRTOS_Pico.dir/G_/Raspberry_Pi/Pico_SDK_v1.5.1/pico-sdk/src/rp2_common/pico_standard_link/binary_info.c.obj
 *(.init)
 .init          0x100002b8        0x4 c:/progra~2/gnuarm~1/102021~1.10/bin/../lib/gcc/arm-none-eabi/10.3.1/thumb/v6-m/nofp/crti.o
                0x100002b8                _init
 *(EXCLUDE_FILE(*libm.a: *libc.a:*lib_a-mem*.o *libgcc.a:) .text*)
 .text          0x100002bc       0x48 c:/progra~2/gnuarm~1/102021~1.10/bin/../lib/gcc/arm-none-eabi/10.3.1/thumb/v6-m/nofp/crtbegin.o
 .text.app2     0x10000304       0x2c CMakeFiles/FreeRTOS_Pico.dir/FreeRTOS_Pico.c.obj
 .text.app1     0x10000330       0x2c CMakeFiles/FreeRTOS_Pico.dir/FreeRTOS_Pico.c.obj
 .text.main     0x1000035c       0x44 CMakeFiles/FreeRTOS_Pico.dir/FreeRTOS_Pico.c.obj
                0x1000035c                main
 .text.gpio_set_function
                0x100003a0       0x30 CMakeFiles/FreeRTOS_Pico.dir/G_/Raspberry_Pi/Pico_SDK_v1.5.1/pico-sdk/src/rp2_common/hardware_gpio/gpio.c.obj
                0x100003a0                gpio_set_function
 .text.gpio_init
                0x100003d0       0x16 CMakeFiles/FreeRTOS_Pico.dir/G_/Raspberry_Pi/Pico_SDK_v1.5.1/pico-sdk/src/rp2_common/hardware_gpio/gpio.c.obj
                0x100003d0                gpio_init
 *fill*         0x100003e6        0x2 
 .text.running_on_fpga
                0x100003e8       0x14 CMakeFiles/FreeRTOS_Pico.dir/G_/Raspberry_Pi/Pico_SDK_v1.5.1/pico-sdk/src/rp2_common/pico_platform/platform.c.obj
                0x100003e8                running_on_fpga
 .text.hw_claim_lock
                0x100003fc       0x18 CMakeFiles/FreeRTOS_Pico.dir/G_/Raspberry_Pi/Pico_SDK_v1.5.1/pico-sdk/src/rp2_common/hardware_claim/claim.c.obj
                0x100003fc                hw_claim_lock
 .text.hw_claim_unlock
                0x10000414       0x14 CMakeFiles/FreeRTOS_Pico.dir/G_/Raspberry_Pi/Pico_SDK_v1.5.1/pico-sdk/src/rp2_common/hardware_claim/claim.c.obj
                0x10000414                hw_claim_unlock
 .text.hw_claim_or_assert
                0x10000428       0x32 CMakeFiles/FreeRTOS_Pico.dir/G_/Raspberry_Pi/Pico_SDK_v1.5.1/pico-sdk/src/rp2_common/hardware_claim/claim.c.obj
                0x10000428                hw_claim_or_assert
 *fill*         0x1000045a        0x2 
 .text.spin_locks_reset
                0x1000045c       0x20 CMakeFiles/FreeRTOS_Pico.dir/G_/Raspberry_Pi/Pico_SDK_v1.5.1/pico-sdk/src/rp2_common/hardware_sync/sync.c.obj
                0x1000045c                spin_locks_reset
 .text.next_striped_spin_lock_num
                0x1000047c       0x1c CMakeFiles/FreeRTOS_Pico.dir/G_/Raspberry_Pi/Pico_SDK_v1.5.1/pico-sdk/src/rp2_common/hardware_sync/sync.c.obj
                0x1000047c                next_striped_spin_lock_num
 .text.set_raw_irq_handler_and_unlock
                0x10000498       0x28 CMakeFiles/FreeRTOS_Pico.dir/G_/Raspberry_Pi/Pico_SDK_v1.5.1/pico-sdk/src/rp2_common/hardware_irq/irq.c.obj
 .text.make_branch
                0x100004c0       0x48 CMakeFiles/FreeRTOS_Pico.dir/G_/Raspberry_Pi/Pico_SDK_v1.5.1/pico-sdk/src/rp2_common/hardware_irq/irq.c.obj
 .text.insert_branch_and_link
                0x10000508       0x40 CMakeFiles/FreeRTOS_Pico.dir/G_/Raspberry_Pi/Pico_SDK_v1.5.1/pico-sdk/src/rp2_common/hardware_irq/irq.c.obj
 .text.irq_is_enabled
                0x10000548       0x18 CMakeFiles/FreeRTOS_Pico.dir/G_/Raspberry_Pi/Pico_SDK_v1.5.1/pico-sdk/src/rp2_common/hardware_irq/irq.c.obj
                0x10000548                irq_is_enabled
 .text.irq_set_mask_enabled
                0x10000560       0x20 CMakeFiles/FreeRTOS_Pico.dir/G_/Raspberry_Pi/Pico_SDK_v1.5.1/pico-sdk/src/rp2_common/hardware_irq/irq.c.obj
                0x10000560                irq_set_mask_enabled
 .text.irq_set_enabled
                0x10000580        0xe CMakeFiles/FreeRTOS_Pico.dir/G_/Raspberry_Pi/Pico_SDK_v1.5.1/pico-sdk/src/rp2_common/hardware_irq/irq.c.obj
                0x10000580                irq_set_enabled
 *fill*         0x1000058e        0x2 
 .text.irq_get_vtable_handler
                0x10000590       0x10 CMakeFiles/FreeRTOS_Pico.dir/G_/Raspberry_Pi/Pico_SDK_v1.5.1/pico-sdk/src/rp2_common/hardware_irq/irq.c.obj
                0x10000590                irq_get_vtable_handler
 .text.irq_set_exclusive_handler
                0x100005a0       0x54 CMakeFiles/FreeRTOS_Pico.dir/G_/Raspberry_Pi/Pico_SDK_v1.5.1/pico-sdk/src/rp2_common/hardware_irq/irq.c.obj
                0x100005a0                irq_set_exclusive_handler
 .text.irq_remove_handler
                0x100005f4      0x1ac CMakeFiles/FreeRTOS_Pico.dir/G_/Raspberry_Pi/Pico_SDK_v1.5.1/pico-sdk/src/rp2_common/hardware_irq/irq.c.obj
                0x100005f4                irq_remove_handler
 .text.irq_set_priority
                0x100007a0       0x28 CMakeFiles/FreeRTOS_Pico.dir/G_/Raspberry_Pi/Pico_SDK_v1.5.1/pico-sdk/src/rp2_common/hardware_irq/irq.c.obj
                0x100007a0                irq_set_priority
 .text.irq_add_tail_to_free_list
                0x100007c8       0xf0 CMakeFiles/FreeRTOS_Pico.dir/G_/Raspberry_Pi/Pico_SDK_v1.5.1/pico-sdk/src/rp2_common/hardware_irq/irq.c.obj
                0x100007c8                irq_add_tail_to_free_list
 .text.irq_init_priorities
                0x100008b8       0x1c CMakeFiles/FreeRTOS_Pico.dir/G_/Raspberry_Pi/Pico_SDK_v1.5.1/pico-sdk/src/rp2_common/hardware_irq/irq.c.obj
                0x100008b8                irq_init_priorities
 .text.lock_init
                0x100008d4       0x10 CMakeFiles/FreeRTOS_Pico.dir/G_/Raspberry_Pi/Pico_SDK_v1.5.1/pico-sdk/src/common/pico_sync/lock_core.c.obj
                0x100008d4                lock_init
 .text.mutex_init
                0x100008e4       0x1a CMakeFiles/FreeRTOS_Pico.dir/G_/Raspberry_Pi/Pico_SDK_v1.5.1/pico-sdk/src/common/pico_sync/mutex.c.obj
                0x100008e4                mutex_init
 .text.recursive_mutex_init
                0x100008fe       0x1e CMakeFiles/FreeRTOS_Pico.dir/G_/Raspberry_Pi/Pico_SDK_v1.5.1/pico-sdk/src/common/pico_sync/mutex.c.obj
                0x100008fe                recursive_mutex_init
 .text.alarm_pool_post_alloc_init
                0x1000091c       0x40 CMakeFiles/FreeRTOS_Pico.dir/G_/Raspberry_Pi/Pico_SDK_v1.5.1/pico-sdk/src/common/pico_time/time.c.obj
 .text.sleep_until_callback
                0x1000095c       0x30 CMakeFiles/FreeRTOS_Pico.dir/G_/Raspberry_Pi/Pico_SDK_v1.5.1/pico-sdk/src/common/pico_time/time.c.obj
 .text.timer_pool_entry_comparator
                0x1000098c       0x7c CMakeFiles/FreeRTOS_Pico.dir/G_/Raspberry_Pi/Pico_SDK_v1.5.1/pico-sdk/src/common/pico_time/time.c.obj
                0x1000098c                timer_pool_entry_comparator
 .text.ph_add_child_node
                0x10000a08       0xa4 CMakeFiles/FreeRTOS_Pico.dir/G_/Raspberry_Pi/Pico_SDK_v1.5.1/pico-sdk/src/common/pico_time/time.c.obj
 .text.ph_merge_nodes
                0x10000aac       0x3e CMakeFiles/FreeRTOS_Pico.dir/G_/Raspberry_Pi/Pico_SDK_v1.5.1/pico-sdk/src/common/pico_time/time.c.obj
 *fill*         0x10000aea        0x2 
 .text.add_alarm_under_lock
                0x10000aec      0x174 CMakeFiles/FreeRTOS_Pico.dir/G_/Raspberry_Pi/Pico_SDK_v1.5.1/pico-sdk/src/common/pico_time/time.c.obj
 .text.alarm_pool_alarm_callback
                0x10000c60      0x33c CMakeFiles/FreeRTOS_Pico.dir/G_/Raspberry_Pi/Pico_SDK_v1.5.1/pico-sdk/src/common/pico_time/time.c.obj
 .text.alarm_pool_init_default
                0x10000f9c       0x40 CMakeFiles/FreeRTOS_Pico.dir/G_/Raspberry_Pi/Pico_SDK_v1.5.1/pico-sdk/src/common/pico_time/time.c.obj
                0x10000f9c                alarm_pool_init_default
 .text.alarm_pool_get_default
                0x10000fdc       0x2c CMakeFiles/FreeRTOS_Pico.dir/G_/Raspberry_Pi/Pico_SDK_v1.5.1/pico-sdk/src/common/pico_time/time.c.obj
                0x10000fdc                alarm_pool_get_default
 .text.alarm_pool_add_alarm_at
                0x10001008      0x168 CMakeFiles/FreeRTOS_Pico.dir/G_/Raspberry_Pi/Pico_SDK_v1.5.1/pico-sdk/src/common/pico_time/time.c.obj
                0x10001008                alarm_pool_add_alarm_at
 .text.alarm_pool_cancel_alarm
                0x10001170       0xf8 CMakeFiles/FreeRTOS_Pico.dir/G_/Raspberry_Pi/Pico_SDK_v1.5.1/pico-sdk/src/common/pico_time/time.c.obj
                0x10001170                alarm_pool_cancel_alarm
 .text.best_effort_wfe_or_timeout
                0x10001268       0xac CMakeFiles/FreeRTOS_Pico.dir/G_/Raspberry_Pi/Pico_SDK_v1.5.1/pico-sdk/src/common/pico_time/time.c.obj
                0x10001268                best_effort_wfe_or_timeout
 .text.hardware_alarm_irq_handler
                0x10001314       0x90 CMakeFiles/FreeRTOS_Pico.dir/G_/Raspberry_Pi/Pico_SDK_v1.5.1/pico-sdk/src/rp2_common/hardware_timer/timer.c.obj
 .text.hardware_alarm_claim
                0x100013a4       0x18 CMakeFiles/FreeRTOS_Pico.dir/G_/Raspberry_Pi/Pico_SDK_v1.5.1/pico-sdk/src/rp2_common/hardware_timer/timer.c.obj
                0x100013a4                hardware_alarm_claim
 .text.time_us_64
                0x100013bc       0x18 CMakeFiles/FreeRTOS_Pico.dir/G_/Raspberry_Pi/Pico_SDK_v1.5.1/pico-sdk/src/rp2_common/hardware_timer/timer.c.obj
                0x100013bc                time_us_64
 .text.busy_wait_until
                0x100013d4       0x28 CMakeFiles/FreeRTOS_Pico.dir/G_/Raspberry_Pi/Pico_SDK_v1.5.1/pico-sdk/src/rp2_common/hardware_timer/timer.c.obj
                0x100013d4                busy_wait_until
 .text.busy_wait_us
                0x100013fc       0x48 CMakeFiles/FreeRTOS_Pico.dir/G_/Raspberry_Pi/Pico_SDK_v1.5.1/pico-sdk/src/rp2_common/hardware_timer/timer.c.obj
                0x100013fc                busy_wait_us
 .text.hardware_alarm_set_callback
                0x10001444       0x90 CMakeFiles/FreeRTOS_Pico.dir/G_/Raspberry_Pi/Pico_SDK_v1.5.1/pico-sdk/src/rp2_common/hardware_timer/timer.c.obj
                0x10001444                hardware_alarm_set_callback
 .text.hardware_alarm_set_target
                0x100014d4       0xe8 CMakeFiles/FreeRTOS_Pico.dir/G_/Raspberry_Pi/Pico_SDK_v1.5.1/pico-sdk/src/rp2_common/hardware_timer/timer.c.obj
                0x100014d4                hardware_alarm_set_target
 .text.hardware_alarm_cancel
                0x100015bc       0x40 CMakeFiles/FreeRTOS_Pico.dir/G_/Raspberry_Pi/Pico_SDK_v1.5.1/pico-sdk/src/rp2_common/hardware_timer/timer.c.obj
                0x100015bc                hardware_alarm_cancel
 .text.ph_add_child_node
                0x100015fc       0xa4 CMakeFiles/FreeRTOS_Pico.dir/G_/Raspberry_Pi/Pico_SDK_v1.5.1/pico-sdk/src/common/pico_util/pheap.c.obj
 .text.ph_merge_nodes
                0x100016a0       0x3e CMakeFiles/FreeRTOS_Pico.dir/G_/Raspberry_Pi/Pico_SDK_v1.5.1/pico-sdk/src/common/pico_util/pheap.c.obj
 *fill*         0x100016de        0x2 
 .text.ph_clear
                0x100016e0       0x70 CMakeFiles/FreeRTOS_Pico.dir/G_/Raspberry_Pi/Pico_SDK_v1.5.1/pico-sdk/src/common/pico_util/pheap.c.obj
                0x100016e0                ph_clear
 .text.ph_post_alloc_init
                0x10001750        0xe CMakeFiles/FreeRTOS_Pico.dir/G_/Raspberry_Pi/Pico_SDK_v1.5.1/pico-sdk/src/common/pico_util/pheap.c.obj
                0x10001750                ph_post_alloc_init
 *fill*         0x1000175e        0x2 
 .text.ph_merge_two_pass
                0x10001760       0xa8 CMakeFiles/FreeRTOS_Pico.dir/G_/Raspberry_Pi/Pico_SDK_v1.5.1/pico-sdk/src/common/pico_util/pheap.c.obj
                0x10001760                ph_merge_two_pass
 .text.ph_remove_any_head
                0x10001808      0x128 CMakeFiles/FreeRTOS_Pico.dir/G_/Raspberry_Pi/Pico_SDK_v1.5.1/pico-sdk/src/common/pico_util/pheap.c.obj
 .text.ph_remove_head
                0x10001930       0x14 CMakeFiles/FreeRTOS_Pico.dir/G_/Raspberry_Pi/Pico_SDK_v1.5.1/pico-sdk/src/common/pico_util/pheap.c.obj
                0x10001930                ph_remove_head
 .text.ph_remove_and_free_node
                0x10001944       0xf8 CMakeFiles/FreeRTOS_Pico.dir/G_/Raspberry_Pi/Pico_SDK_v1.5.1/pico-sdk/src/common/pico_util/pheap.c.obj
                0x10001944                ph_remove_and_free_node
 .text.uart_disable_before_lcr_write
                0x10001a3c       0x48 CMakeFiles/FreeRTOS_Pico.dir/G_/Raspberry_Pi/Pico_SDK_v1.5.1/pico-sdk/src/rp2_common/hardware_uart/uart.c.obj
 .text.uart_write_lcr_bits_masked
                0x10001a84       0x22 CMakeFiles/FreeRTOS_Pico.dir/G_/Raspberry_Pi/Pico_SDK_v1.5.1/pico-sdk/src/rp2_common/hardware_uart/uart.c.obj
 *fill*         0x10001aa6        0x2 
 .text.uart_set_baudrate
                0x10001aa8       0x5c CMakeFiles/FreeRTOS_Pico.dir/G_/Raspberry_Pi/Pico_SDK_v1.5.1/pico-sdk/src/rp2_common/hardware_uart/uart.c.obj
                0x10001aa8                uart_set_baudrate
 .text.uart_set_format
                0x10001b04       0x2c CMakeFiles/FreeRTOS_Pico.dir/G_/Raspberry_Pi/Pico_SDK_v1.5.1/pico-sdk/src/rp2_common/hardware_uart/uart.c.obj
                0x10001b04                uart_set_format
 .text.uart_set_translate_crlf
                0x10001b30       0x28 CMakeFiles/FreeRTOS_Pico.dir/G_/Raspberry_Pi/Pico_SDK_v1.5.1/pico-sdk/src/rp2_common/hardware_uart/uart.c.obj
                0x10001b30                uart_set_translate_crlf
 .text.uart_init
                0x10001b58       0x80 CMakeFiles/FreeRTOS_Pico.dir/G_/Raspberry_Pi/Pico_SDK_v1.5.1/pico-sdk/src/rp2_common/hardware_uart/uart.c.obj
                0x10001b58                uart_init
 .text.clock_configure
                0x10001bd8      0x108 CMakeFiles/FreeRTOS_Pico.dir/G_/Raspberry_Pi/Pico_SDK_v1.5.1/pico-sdk/src/rp2_common/hardware_clocks/clocks.c.obj
                0x10001bd8                clock_configure
 .text.clocks_init
                0x10001ce0      0x100 CMakeFiles/FreeRTOS_Pico.dir/G_/Raspberry_Pi/Pico_SDK_v1.5.1/pico-sdk/src/rp2_common/hardware_clocks/clocks.c.obj
                0x10001ce0                clocks_init
 .text.clock_get_hz
                0x10001de0        0xc CMakeFiles/FreeRTOS_Pico.dir/G_/Raspberry_Pi/Pico_SDK_v1.5.1/pico-sdk/src/rp2_common/hardware_clocks/clocks.c.obj
                0x10001de0                clock_get_hz
 .text.pll_init
                0x10001dec      0x120 CMakeFiles/FreeRTOS_Pico.dir/G_/Raspberry_Pi/Pico_SDK_v1.5.1/pico-sdk/src/rp2_common/hardware_pll/pll.c.obj
                0x10001dec                pll_init
 .text.watchdog_start_tick
                0x10001f0c       0x10 CMakeFiles/FreeRTOS_Pico.dir/G_/Raspberry_Pi/Pico_SDK_v1.5.1/pico-sdk/src/rp2_common/hardware_watchdog/watchdog.c.obj
                0x10001f0c                watchdog_start_tick
 .text.xosc_init
                0x10001f1c       0x28 CMakeFiles/FreeRTOS_Pico.dir/G_/Raspberry_Pi/Pico_SDK_v1.5.1/pico-sdk/src/rp2_common/hardware_xosc/xosc.c.obj
                0x10001f1c                xosc_init
 .text._exit    0x10001f44        0x4 CMakeFiles/FreeRTOS_Pico.dir/G_/Raspberry_Pi/Pico_SDK_v1.5.1/pico-sdk/src/rp2_common/pico_runtime/runtime.c.obj
                0x10001f44                _exit
 .text.exit     0x10001f48        0x6 CMakeFiles/FreeRTOS_Pico.dir/G_/Raspberry_Pi/Pico_SDK_v1.5.1/pico-sdk/src/rp2_common/pico_runtime/runtime.c.obj
                0x10001f48                exit
 *fill*         0x10001f4e        0x2 
 .text.__assert_func
                0x10001f50       0x3c CMakeFiles/FreeRTOS_Pico.dir/G_/Raspberry_Pi/Pico_SDK_v1.5.1/pico-sdk/src/rp2_common/pico_runtime/runtime.c.obj
                0x10001f50                __assert_func
 .text.runtime_init
                0x10001f8c       0xf8 CMakeFiles/FreeRTOS_Pico.dir/G_/Raspberry_Pi/Pico_SDK_v1.5.1/pico-sdk/src/rp2_common/pico_runtime/runtime.c.obj
                0x10001f8c                runtime_init
 .text.panic    0x10002084       0x30 CMakeFiles/FreeRTOS_Pico.dir/G_/Raspberry_Pi/Pico_SDK_v1.5.1/pico-sdk/src/rp2_common/pico_runtime/runtime.c.obj
                0x10002084                panic
 .text.panic_unsupported
                0x100020b4        0xc CMakeFiles/FreeRTOS_Pico.dir/G_/Raspberry_Pi/Pico_SDK_v1.5.1/pico-sdk/src/rp2_common/pico_runtime/runtime.c.obj
                0x100020b4                panic_unsupported
 .text._out_null
                0x100020c0        0x2 CMakeFiles/FreeRTOS_Pico.dir/G_/Raspberry_Pi/Pico_SDK_v1.5.1/pico-sdk/src/rp2_common/pico_printf/printf.c.obj
 .text._out_fct
                0x100020c2        0xe CMakeFiles/FreeRTOS_Pico.dir/G_/Raspberry_Pi/Pico_SDK_v1.5.1/pico-sdk/src/rp2_common/pico_printf/printf.c.obj
 .text._atoi    0x100020d0       0x24 CMakeFiles/FreeRTOS_Pico.dir/G_/Raspberry_Pi/Pico_SDK_v1.5.1/pico-sdk/src/rp2_common/pico_printf/printf.c.obj
 .text._out_rev
                0x100020f4       0xae CMakeFiles/FreeRTOS_Pico.dir/G_/Raspberry_Pi/Pico_SDK_v1.5.1/pico-sdk/src/rp2_common/pico_printf/printf.c.obj
 .text._ntoa_format
                0x100021a2      0x112 CMakeFiles/FreeRTOS_Pico.dir/G_/Raspberry_Pi/Pico_SDK_v1.5.1/pico-sdk/src/rp2_common/pico_printf/printf.c.obj
 .text._ntoa_long
                0x100022b4       0xbc CMakeFiles/FreeRTOS_Pico.dir/G_/Raspberry_Pi/Pico_SDK_v1.5.1/pico-sdk/src/rp2_common/pico_printf/printf.c.obj
 .text._ntoa_long_long
                0x10002370       0xe2 CMakeFiles/FreeRTOS_Pico.dir/G_/Raspberry_Pi/Pico_SDK_v1.5.1/pico-sdk/src/rp2_common/pico_printf/printf.c.obj
 *fill*         0x10002452        0x2 
 .text._etoa    0x10002454      0x414 CMakeFiles/FreeRTOS_Pico.dir/G_/Raspberry_Pi/Pico_SDK_v1.5.1/pico-sdk/src/rp2_common/pico_printf/printf.c.obj
 .text._ftoa    0x10002868      0x354 CMakeFiles/FreeRTOS_Pico.dir/G_/Raspberry_Pi/Pico_SDK_v1.5.1/pico-sdk/src/rp2_common/pico_printf/printf.c.obj
 .text._vsnprintf
                0x10002bbc      0x624 CMakeFiles/FreeRTOS_Pico.dir/G_/Raspberry_Pi/Pico_SDK_v1.5.1/pico-sdk/src/rp2_common/pico_printf/printf.c.obj
 .text.vfctprintf
                0x100031e0       0x20 CMakeFiles/FreeRTOS_Pico.dir/G_/Raspberry_Pi/Pico_SDK_v1.5.1/pico-sdk/src/rp2_common/pico_printf/printf.c.obj
                0x100031e0                vfctprintf
 .text          0x10003200       0x10 CMakeFiles/FreeRTOS_Pico.dir/G_/Raspberry_Pi/Pico_SDK_v1.5.1/pico-sdk/src/rp2_common/pico_bit_ops/bit_ops_aeabi.S.obj
 .text.rom_func_lookup
                0x10003210       0x10 CMakeFiles/FreeRTOS_Pico.dir/G_/Raspberry_Pi/Pico_SDK_v1.5.1/pico-sdk/src/rp2_common/pico_bootrom/bootrom.c.obj
                0x10003210                rom_func_lookup
 .text.rom_data_lookup
                0x10003220       0x10 CMakeFiles/FreeRTOS_Pico.dir/G_/Raspberry_Pi/Pico_SDK_v1.5.1/pico-sdk/src/rp2_common/pico_bootrom/bootrom.c.obj
                0x10003220                rom_data_lookup
 .text.rom_funcs_lookup
                0x10003230       0x36 CMakeFiles/FreeRTOS_Pico.dir/G_/Raspberry_Pi/Pico_SDK_v1.5.1/pico-sdk/src/rp2_common/pico_bootrom/bootrom.c.obj
                0x10003230                rom_funcs_lookup
 *fill*         0x10003266        0x2 
 .text.__wrap___aeabi_idiv
                0x10003268       0x50 CMakeFiles/FreeRTOS_Pico.dir/G_/Raspberry_Pi/Pico_SDK_v1.5.1/pico-sdk/src/rp2_common/pico_divider/divider.S.obj
                0x10003268                __wrap___aeabi_idivmod
                0x10003268                divmod_s32s32
                0x10003268                div_s32s32
                0x10003268                __wrap___aeabi_idiv
                0x10003270                divmod_s32s32_unsafe
                0x1000329c                divmod_s32s32_savestate
 .text.__wrap___aeabi_uidiv
                0x100032b8       0x4c CMakeFiles/FreeRTOS_Pico.dir/G_/Raspberry_Pi/Pico_SDK_v1.5.1/pico-sdk/src/rp2_common/pico_divider/divider.S.obj
                0x100032b8                __wrap___aeabi_uidiv
                0x100032b8                __wrap___aeabi_uidivmod
                0x100032b8                div_u32u32
                0x100032b8                divmod_u32u32
                0x100032c0                divmod_u32u32_unsafe
                0x100032e8                divmod_u32u32_savestate
 .text.__wrap___aeabi_ldiv
                0x10003304      0x424 CMakeFiles/FreeRTOS_Pico.dir/G_/Raspberry_Pi/Pico_SDK_v1.5.1/pico-sdk/src/rp2_common/pico_divider/divider.S.obj
                0x10003304                div_s64s64
                0x10003304                divmod_s64s64
                0x10003304                __wrap___aeabi_ldivmod
                0x10003334                divmod_u64u64
                0x10003334                div_u64u64
                0x10003334                __wrap___aeabi_uldivmod
                0x10003344                divmod_u64u64_savestate
                0x10003364                divmod_s64s64_unsafe
                0x100033ec                divmod_u64u64_unsafe
 .text.__wrap___aeabi_darithmetic
                0x10003728       0x60 CMakeFiles/FreeRTOS_Pico.dir/G_/Raspberry_Pi/Pico_SDK_v1.5.1/pico-sdk/src/rp2_common/pico_double/double_aeabi.S.obj
                0x10003728                __wrap___aeabi_drsub
                0x1000372e                __wrap___aeabi_dsub
                0x10003738                __wrap___aeabi_dadd
                0x10003742                __wrap___aeabi_ddiv
                0x10003776                __wrap___aeabi_dmul
 .text.__wrap___aeabi_cdcmple
                0x10003788       0x6c CMakeFiles/FreeRTOS_Pico.dir/G_/Raspberry_Pi/Pico_SDK_v1.5.1/pico-sdk/src/rp2_common/pico_double/double_aeabi.S.obj
                0x10003788                __wrap___aeabi_cdrcmple
                0x10003798                __wrap___aeabi_cdcmpeq
                0x10003798                __wrap___aeabi_cdcmple
 .text.__wrap___aeabi_dcmplt
                0x100037f4        0xc CMakeFiles/FreeRTOS_Pico.dir/G_/Raspberry_Pi/Pico_SDK_v1.5.1/pico-sdk/src/rp2_common/pico_double/double_aeabi.S.obj
                0x100037f4                __wrap___aeabi_dcmplt
 .text.__wrap___aeabi_dcmple
                0x10003800       0x10 CMakeFiles/FreeRTOS_Pico.dir/G_/Raspberry_Pi/Pico_SDK_v1.5.1/pico-sdk/src/rp2_common/pico_double/double_aeabi.S.obj
                0x10003800                __wrap___aeabi_dcmple
 .text.__wrap___aeabi_dcmpge
                0x10003810       0x10 CMakeFiles/FreeRTOS_Pico.dir/G_/Raspberry_Pi/Pico_SDK_v1.5.1/pico-sdk/src/rp2_common/pico_double/double_aeabi.S.obj
                0x10003810                __wrap___aeabi_dcmpge
 .text.__wrap___aeabi_dcmpgt
                0x10003820        0xa CMakeFiles/FreeRTOS_Pico.dir/G_/Raspberry_Pi/Pico_SDK_v1.5.1/pico-sdk/src/rp2_common/pico_double/double_aeabi.S.obj
                0x10003820                __wrap___aeabi_dcmpgt
 .text.__wrap___aeabi_dcmpun
                0x1000382a       0x1c CMakeFiles/FreeRTOS_Pico.dir/G_/Raspberry_Pi/Pico_SDK_v1.5.1/pico-sdk/src/rp2_common/pico_double/double_aeabi.S.obj
                0x1000382a                __wrap___aeabi_dcmpun
 *fill*         0x10003846        0x2 
 .text.__wrap___aeabi_i2d
                0x10003848       0x38 CMakeFiles/FreeRTOS_Pico.dir/G_/Raspberry_Pi/Pico_SDK_v1.5.1/pico-sdk/src/rp2_common/pico_double/double_aeabi.S.obj
                0x10003848                __wrap___aeabi_ui2d
                0x10003850                __wrap___aeabi_i2d
 .text.__wrap___aeabi_d2iz
                0x10003880       0x48 CMakeFiles/FreeRTOS_Pico.dir/G_/Raspberry_Pi/Pico_SDK_v1.5.1/pico-sdk/src/rp2_common/pico_double/double_aeabi.S.obj
                0x10003880                double2int_z
                0x10003880                __wrap___aeabi_d2iz
 .text.__wrap___aeabi_d2uiz
                0x100038c8       0x10 CMakeFiles/FreeRTOS_Pico.dir/G_/Raspberry_Pi/Pico_SDK_v1.5.1/pico-sdk/src/rp2_common/pico_double/double_aeabi.S.obj
                0x100038c8                __wrap___aeabi_d2uiz
                0x100038c8                double2uint
 .text.missing_double_func_shim
                0x100038d8        0xc CMakeFiles/FreeRTOS_Pico.dir/G_/Raspberry_Pi/Pico_SDK_v1.5.1/pico-sdk/src/rp2_common/pico_double/double_init_rom.c.obj
 .text.__aeabi_double_init
                0x100038e4       0xcc CMakeFiles/FreeRTOS_Pico.dir/G_/Raspberry_Pi/Pico_SDK_v1.5.1/pico-sdk/src/rp2_common/pico_double/double_init_rom.c.obj
                0x100038e4                __aeabi_double_init
 .text.double_table_shim_on_use_helper
                0x100039b0       0x34 CMakeFiles/FreeRTOS_Pico.dir/G_/Raspberry_Pi/Pico_SDK_v1.5.1/pico-sdk/src/rp2_common/pico_double/double_v1_rom_shim.S.obj
                0x100039b0                double_table_shim_on_use_helper
 .text.missing_float_func_shim
                0x100039e4        0xc CMakeFiles/FreeRTOS_Pico.dir/G_/Raspberry_Pi/Pico_SDK_v1.5.1/pico-sdk/src/rp2_common/pico_float/float_init_rom.c.obj
 .text.__aeabi_float_init
                0x100039f0       0x88 CMakeFiles/FreeRTOS_Pico.dir/G_/Raspberry_Pi/Pico_SDK_v1.5.1/pico-sdk/src/rp2_common/pico_float/float_init_rom.c.obj
                0x100039f0                __aeabi_float_init
 .text          0x10003a78       0x10 CMakeFiles/FreeRTOS_Pico.dir/G_/Raspberry_Pi/Pico_SDK_v1.5.1/pico-sdk/src/rp2_common/pico_mem_ops/mem_ops_aeabi.S.obj
                0x10003a78                __aeabi_mem_init
 .text.memset   0x10003a88        0xc CMakeFiles/FreeRTOS_Pico.dir/G_/Raspberry_Pi/Pico_SDK_v1.5.1/pico-sdk/src/rp2_common/pico_mem_ops/mem_ops_aeabi.S.obj
                0x10003a88                __wrap_memset
 .text.memcpy   0x10003a94        0xc CMakeFiles/FreeRTOS_Pico.dir/G_/Raspberry_Pi/Pico_SDK_v1.5.1/pico-sdk/src/rp2_common/pico_mem_ops/mem_ops_aeabi.S.obj
                0x10003a94                __wrap_memcpy
                0x10003a94                __wrap___aeabi_memcpy
 .text.stdio_out_chars_no_crlf
                0x10003aa0        0xe CMakeFiles/FreeRTOS_Pico.dir/G_/Raspberry_Pi/Pico_SDK_v1.5.1/pico-sdk/src/rp2_common/pico_stdio/stdio.c.obj
 *fill*         0x10003aae        0x2 
 .text.stdio_out_chars_crlf
                0x10003ab0       0x80 CMakeFiles/FreeRTOS_Pico.dir/G_/Raspberry_Pi/Pico_SDK_v1.5.1/pico-sdk/src/rp2_common/pico_stdio/stdio.c.obj
 .text.stdio_stack_buffer_flush
                0x10003b30       0x44 CMakeFiles/FreeRTOS_Pico.dir/G_/Raspberry_Pi/Pico_SDK_v1.5.1/pico-sdk/src/rp2_common/pico_stdio/stdio.c.obj
 .text.stdio_buffered_printer
                0x10003b74       0x20 CMakeFiles/FreeRTOS_Pico.dir/G_/Raspberry_Pi/Pico_SDK_v1.5.1/pico-sdk/src/rp2_common/pico_stdio/stdio.c.obj
 .text.stdout_serialize_begin
                0x10003b94       0x5c CMakeFiles/FreeRTOS_Pico.dir/G_/Raspberry_Pi/Pico_SDK_v1.5.1/pico-sdk/src/rp2_common/pico_stdio/stdio.c.obj
                0x10003b94                stdout_serialize_begin
 .text.stdout_serialize_end
                0x10003bf0       0x10 CMakeFiles/FreeRTOS_Pico.dir/G_/Raspberry_Pi/Pico_SDK_v1.5.1/pico-sdk/src/rp2_common/pico_stdio/stdio.c.obj
                0x10003bf0                stdout_serialize_end
 .text.stdio_put_string
                0x10003c00       0x98 CMakeFiles/FreeRTOS_Pico.dir/G_/Raspberry_Pi/Pico_SDK_v1.5.1/pico-sdk/src/rp2_common/pico_stdio/stdio.c.obj
 .text.stdio_set_driver_enabled
                0x10003c98       0x2c CMakeFiles/FreeRTOS_Pico.dir/G_/Raspberry_Pi/Pico_SDK_v1.5.1/pico-sdk/src/rp2_common/pico_stdio/stdio.c.obj
                0x10003c98                stdio_set_driver_enabled
 .text.stdio_flush
                0x10003cc4       0x20 CMakeFiles/FreeRTOS_Pico.dir/G_/Raspberry_Pi/Pico_SDK_v1.5.1/pico-sdk/src/rp2_common/pico_stdio/stdio.c.obj
                0x10003cc4                stdio_flush
 .text.__wrap_puts
                0x10003ce4       0x1e CMakeFiles/FreeRTOS_Pico.dir/G_/Raspberry_Pi/Pico_SDK_v1.5.1/pico-sdk/src/rp2_common/pico_stdio/stdio.c.obj
                0x10003ce4                __wrap_puts
 *fill*         0x10003d02        0x2 
 .text.__wrap_vprintf
                0x10003d04       0x40 CMakeFiles/FreeRTOS_Pico.dir/G_/Raspberry_Pi/Pico_SDK_v1.5.1/pico-sdk/src/rp2_common/pico_stdio/stdio.c.obj
                0x10003d04                __wrap_vprintf
 .text.__wrap_printf
                0x10003d44       0x18 CMakeFiles/FreeRTOS_Pico.dir/G_/Raspberry_Pi/Pico_SDK_v1.5.1/pico-sdk/src/rp2_common/pico_stdio/stdio.c.obj
                0x10003d44                __wrap_printf
 .text.stdio_init_all
                0x10003d5c        0xa CMakeFiles/FreeRTOS_Pico.dir/G_/Raspberry_Pi/Pico_SDK_v1.5.1/pico-sdk/src/rp2_common/pico_stdio/stdio.c.obj
                0x10003d5c                stdio_init_all
 *fill*         0x10003d66        0x2 
 .text.stdio_uart_out_chars
                0x10003d68       0x74 CMakeFiles/FreeRTOS_Pico.dir/G_/Raspberry_Pi/Pico_SDK_v1.5.1/pico-sdk/src/rp2_common/pico_stdio_uart/stdio_uart.c.obj
 .text.stdio_uart_in_chars
                0x10003ddc       0x80 CMakeFiles/FreeRTOS_Pico.dir/G_/Raspberry_Pi/Pico_SDK_v1.5.1/pico-sdk/src/rp2_common/pico_stdio_uart/stdio_uart.c.obj
                0x10003ddc                stdio_uart_in_chars
 .text.on_uart_rx
                0x10003e5c       0x28 CMakeFiles/FreeRTOS_Pico.dir/G_/Raspberry_Pi/Pico_SDK_v1.5.1/pico-sdk/src/rp2_common/pico_stdio_uart/stdio_uart.c.obj
 .text.stdio_uart_set_chars_available_callback
                0x10003e84       0x8c CMakeFiles/FreeRTOS_Pico.dir/G_/Raspberry_Pi/Pico_SDK_v1.5.1/pico-sdk/src/rp2_common/pico_stdio_uart/stdio_uart.c.obj
 .text.stdio_uart_init_full
                0x10003f10       0x44 CMakeFiles/FreeRTOS_Pico.dir/G_/Raspberry_Pi/Pico_SDK_v1.5.1/pico-sdk/src/rp2_common/pico_stdio_uart/stdio_uart.c.obj
                0x10003f10                stdio_uart_init_full
 .text.stdio_uart_init
                0x10003f54       0x28 CMakeFiles/FreeRTOS_Pico.dir/G_/Raspberry_Pi/Pico_SDK_v1.5.1/pico-sdk/src/rp2_common/pico_stdio_uart/stdio_uart.c.obj
                0x10003f54                stdio_uart_init
 .text          0x10003f7c     0x13c8 FreeRTOS-Kernel\libfreertos_kernel.a(tasks.c.obj)
                0x100042b8                xTaskCreate
                0x10004330                vTaskDelete
                0x100043c4                uxTaskPriorityGet
                0x100043e4                uxTaskPriorityGetFromISR
                0x10004404                vTaskPrioritySet
                0x100044d4                vTaskResume
                0x10004558                xTaskResumeFromISR
                0x100045f4                vTaskStartScheduler
                0x10004634                vTaskEndScheduler
                0x1000466c                vTaskSuspendAll
                0x1000467c                xTaskGetTickCount
                0x10004688                xTaskGetTickCountFromISR
                0x10004694                uxTaskGetNumberOfTasks
                0x100046a0                pcTaskGetName
                0x100046b4                xTaskIncrementTick
                0x100047dc                xTaskResumeAll
                0x100048fc                xTaskDelayUntil
                0x1000495c                vTaskDelay
                0x1000497c                xTaskCatchUpTicks
                0x100049a0                vTaskSwitchContext
                0x10004a1c                vTaskSuspend
                0x10004ac0                vTaskPlaceOnEventList
                0x10004adc                vTaskPlaceOnUnorderedEventList
                0x10004b1c                vTaskPlaceOnEventListRestricted
                0x10004b5c                xTaskRemoveFromEventList
                0x10004c30                vTaskRemoveFromUnorderedEventList
                0x10004ce0                vTaskSetTimeOutState
                0x10004cfc                vTaskInternalSetTimeOutState
                0x10004d0c                xTaskCheckForTimeOut
                0x10004d64                vTaskMissedYield
                0x10004d70                vTaskSetThreadLocalStoragePointer
                0x10004d8c                pvTaskGetThreadLocalStoragePointer
                0x10004dac                xTaskGetCurrentTaskHandle
                0x10004db8                xTaskGetCurrentTaskHandleForCore
                0x10004dcc                xTaskGetSchedulerState
                0x10004dec                uxTaskResetEventItemValue
                0x10004e04                ulTaskGenericNotifyTake
                0x10004eb0                xTaskGenericNotifyWait
                0x10004f74                xTaskGenericNotify
                0x1000507c                xTaskGenericNotifyFromISR
                0x100051c0                vTaskGenericNotifyGiveFromISR
                0x1000529c                xTaskGenericNotifyStateClear
                0x100052d4                ulTaskGenericNotifyValueClear
                0x10005304                vTaskResetState
 .text          0x10005344      0x520 FreeRTOS-Kernel\libfreertos_kernel.a(timers.c.obj)
                0x10005666                xTimerCreateTimerTask
                0x100056a4                xTimerCreate
                0x100056d8                xTimerGenericCommandFromTask
                0x10005724                xTimerGenericCommandFromISR
                0x10005758                xTimerGetTimerDaemonTaskHandle
                0x10005764                xTimerGetPeriod
                0x10005768                vTimerSetReloadMode
                0x10005792                xTimerGetReloadMode
                0x100057b0                uxTimerGetReloadMode
                0x100057b8                xTimerGetExpiryTime
                0x100057bc                pcTimerGetName
                0x100057c0                xTimerIsTimerActive
                0x100057de                pvTimerGetTimerID
                0x100057f0                vTimerSetTimerID
                0x10005802                xTimerPendFunctionCallFromISR
                0x1000582c                xTimerPendFunctionCall
                0x10005854                vTimerResetState
 .text          0x10005864      0x298 FreeRTOS-Kernel\libfreertos_kernel.a(heap_4.c.obj)
                0x100058fc                pvPortMalloc
                0x100059c4                vPortFree
                0x10005a08                xPortGetFreeHeapSize
                0x10005a14                xPortGetMinimumEverFreeHeapSize
                0x10005a20                vPortInitialiseBlocks
                0x10005a22                pvPortCalloc
                0x10005a7e                vPortGetHeapStats
                0x10005ae8                vPortHeapResetState
 *fill*         0x10005afc        0x4 
 .text          0x10005b00      0x550 FreeRTOS-Kernel\libfreertos_kernel.a(port.c.obj)
                0x10005b00                isr_svcall
                0x10005b34                isr_pendsv
                0x10005c64                pxPortInitialiseStack
                0x10005c84                vPortEndScheduler
                0x10005c8a                vPortYield
                0x10005ca0                vPortEnterCritical
                0x10005cb8                vPortEnableInterrupts
                0x10005cdc                vPortExitCritical
                0x10005cf8                ulSetInterruptMaskFromISR
                0x10005d00                vClearInterruptMaskFromISR
                0x10005d06                isr_systick
                0x10005d2c                vYieldCore
                0x10005d2e                vPortSetupTimerInterrupt
                0x10005d60                xPortStartScheduler
                0x10005e08                ulPortLockGetCurrentOwnerId
                0x10005e34                vPortLockInternalSpinUnlockWithWait
                0x10005e94                vPortLockInternalSpinUnlockWithNotify
                0x10005f60                xPortLockInternalSpinUnlockWithBestEffortWaitOrTimeout
                0x1000603c                xPortSyncInternalYieldUntilBefore
 .text          0x10006050       0xc8 FreeRTOS-Kernel\libfreertos_kernel.a(exception.c.obj)
                0x10006088                exception_get_vtable_handler
                0x10006098                exception_set_exclusive_handler
                0x100060dc                exception_restore_handler
 .text          0x10006118      0x238 FreeRTOS-Kernel\libfreertos_kernel.a(event_groups.c.obj)
                0x10006136                xEventGroupCreate
                0x1000614e                xEventGroupWaitBits
                0x10006202                xEventGroupClearBits
                0x1000621c                xEventGroupGetBitsFromISR
                0x1000622e                xEventGroupSetBits
                0x1000628c                xEventGroupSync
                0x1000631a                vEventGroupDelete
                0x10006340                vEventGroupSetBitsCallback
                0x10006348                vEventGroupClearBitsCallback
 .text          0x10006350       0x84 FreeRTOS-Kernel\libfreertos_kernel.a(list.c.obj)
                0x10006350                vListInitialise
                0x10006366                vListInitialiseItem
                0x1000636c                vListInsertEnd
                0x10006382                vListInsert
                0x100063b0                uxListRemove
 .text          0x100063d4      0x918 FreeRTOS-Kernel\libfreertos_kernel.a(queue.c.obj)
                0x10006504                xQueueGenericReset
                0x100065d8                xQueueGenericCreate
                0x10006656                xQueueGenericSend
                0x10006748                xQueueGenericSendFromISR
                0x100067ce                xQueueGiveFromISR
                0x1000683e                xQueueReceive
                0x1000692c                xQueueSemaphoreTake
                0x10006a10                xQueuePeek
                0x10006afe                xQueueReceiveFromISR
                0x10006b7c                xQueuePeekFromISR
                0x10006baa                uxQueueMessagesWaiting
                0x10006bbc                uxQueueSpacesAvailable
                0x10006bd2                uxQueueMessagesWaitingFromISR
                0x10006bd6                uxQueueGetQueueItemSize
                0x10006bda                uxQueueGetQueueLength
                0x10006bde                xQueueIsQueueEmptyFromISR
                0x10006bec                xQueueIsQueueFullFromISR
                0x10006bfc                vQueueAddToRegistry
                0x10006c40                pcQueueGetName
                0x10006c64                vQueueUnregisterQueue
                0x10006c8c                vQueueDelete
                0x10006c9c                vQueueWaitForMessageRestricted
 .text.strlen   0x10006cec       0x5c c:/progra~2/gnuarm~1/102021~1.10/bin/../lib/gcc/arm-none-eabi/10.3.1/../../../../arm-none-eabi/lib/thumb/v6-m/nofp\libg.a(lib_a-strlen-stub.o)
                0x10006cec                strlen
 *(.fini)
 .fini          0x10006d48        0x4 c:/progra~2/gnuarm~1/102021~1.10/bin/../lib/gcc/arm-none-eabi/10.3.1/thumb/v6-m/nofp/crti.o
                0x10006d48                _fini
 *fill*         0x10006d4c        0x4 
 .fini.__stub   0x10006d50       0x40 linker stubs
 *crtbegin.o(.ctors)
 *crtbegin?.o(.ctors)
 *(EXCLUDE_FILE(*crtend.o *crtend?.o) .ctors)
 *(SORT_BY_NAME(.ctors.*))
 *(.ctors)
 *crtbegin.o(.dtors)
 *crtbegin?.o(.dtors)
 *(EXCLUDE_FILE(*crtend.o *crtend?.o) .dtors)
 *(SORT_BY_NAME(.dtors.*))
 *(.dtors)
 *(.eh_frame*)
 .eh_frame      0x10006d90        0x0 c:/progra~2/gnuarm~1/102021~1.10/bin/../lib/gcc/arm-none-eabi/10.3.1/thumb/v6-m/nofp/crtbegin.o
                0x10006d90                . = ALIGN (0x4)

.glue_7         0x10006d90        0x0
 .glue_7        0x10006d90        0x0 linker stubs

.glue_7t        0x10006d90        0x0
 .glue_7t       0x10006d90        0x0 linker stubs

.vfp11_veneer   0x10006d90        0x0
 .vfp11_veneer  0x10006d90        0x0 linker stubs

.v4_bx          0x10006d90        0x0
 .v4_bx         0x10006d90        0x0 linker stubs

.iplt           0x10006d90        0x0
 .iplt          0x10006d90        0x0 c:/progra~2/gnuarm~1/102021~1.10/bin/../lib/gcc/arm-none-eabi/10.3.1/thumb/v6-m/nofp/crtbegin.o

.rodata         0x10006d90     0x113c
 *(EXCLUDE_FILE(*libm.a: *libc.a:*lib_a-mem*.o *libgcc.a:) .rodata*)
 .rodata.main.str1.4
                0x10006d90        0x5 CMakeFiles/FreeRTOS_Pico.dir/FreeRTOS_Pico.c.obj
 *fill*         0x10006d95        0x3 
 .rodata.make_branch.str1.4
                0x10006d98       0x7b CMakeFiles/FreeRTOS_Pico.dir/G_/Raspberry_Pi/Pico_SDK_v1.5.1/pico-sdk/src/rp2_common/hardware_irq/irq.c.obj
 *fill*         0x10006e13        0x1 
 .rodata.insert_branch_and_link.str1.4
                0x10006e14       0x10 CMakeFiles/FreeRTOS_Pico.dir/G_/Raspberry_Pi/Pico_SDK_v1.5.1/pico-sdk/src/rp2_common/hardware_irq/irq.c.obj
 .rodata.irq_set_exclusive_handler.str1.4
                0x10006e24       0x36 CMakeFiles/FreeRTOS_Pico.dir/G_/Raspberry_Pi/Pico_SDK_v1.5.1/pico-sdk/src/rp2_common/hardware_irq/irq.c.obj
 *fill*         0x10006e5a        0x2 
 .rodata.irq_add_shared_handler.str1.4
                0x10006e5c       0xd9 CMakeFiles/FreeRTOS_Pico.dir/G_/Raspberry_Pi/Pico_SDK_v1.5.1/pico-sdk/src/rp2_common/hardware_irq/irq.c.obj
 *fill*         0x10006f35        0x3 
 .rodata.irq_remove_handler.str1.4
                0x10006f38       0x3a CMakeFiles/FreeRTOS_Pico.dir/G_/Raspberry_Pi/Pico_SDK_v1.5.1/pico-sdk/src/rp2_common/hardware_irq/irq.c.obj
 *fill*         0x10006f72        0x2 
 .rodata.irq_add_tail_to_free_list.str1.4
                0x10006f74       0x3a CMakeFiles/FreeRTOS_Pico.dir/G_/Raspberry_Pi/Pico_SDK_v1.5.1/pico-sdk/src/rp2_common/hardware_irq/irq.c.obj
 *fill*         0x10006fae        0x2 
 .rodata.__func__.0
                0x10006fb0       0x1a CMakeFiles/FreeRTOS_Pico.dir/G_/Raspberry_Pi/Pico_SDK_v1.5.1/pico-sdk/src/rp2_common/hardware_irq/irq.c.obj
 *fill*         0x10006fca        0x2 
 .rodata.__func__.1
                0x10006fcc       0x17 CMakeFiles/FreeRTOS_Pico.dir/G_/Raspberry_Pi/Pico_SDK_v1.5.1/pico-sdk/src/rp2_common/hardware_irq/irq.c.obj
 *fill*         0x10006fe3        0x1 
 .rodata.__func__.2
                0x10006fe4       0x13 CMakeFiles/FreeRTOS_Pico.dir/G_/Raspberry_Pi/Pico_SDK_v1.5.1/pico-sdk/src/rp2_common/hardware_irq/irq.c.obj
 *fill*         0x10006ff7        0x1 
 .rodata.__func__.3
                0x10006ff8        0xc CMakeFiles/FreeRTOS_Pico.dir/G_/Raspberry_Pi/Pico_SDK_v1.5.1/pico-sdk/src/rp2_common/hardware_irq/irq.c.obj
 .rodata.__func__.4
                0x10007004        0xf CMakeFiles/FreeRTOS_Pico.dir/G_/Raspberry_Pi/Pico_SDK_v1.5.1/pico-sdk/src/rp2_common/hardware_irq/irq.c.obj
 *fill*         0x10007013        0x1 
 .rodata.__func__.6
                0x10007014       0x1a CMakeFiles/FreeRTOS_Pico.dir/G_/Raspberry_Pi/Pico_SDK_v1.5.1/pico-sdk/src/rp2_common/hardware_irq/irq.c.obj
 *fill*         0x1000702e        0x2 
 .rodata.str1.4
                0x10007030      0x101 CMakeFiles/FreeRTOS_Pico.dir/G_/Raspberry_Pi/Pico_SDK_v1.5.1/pico-sdk/src/common/pico_sync/mutex.c.obj
 *fill*         0x10007131        0x3 
 .rodata.__func__.1
                0x10007134        0xb CMakeFiles/FreeRTOS_Pico.dir/G_/Raspberry_Pi/Pico_SDK_v1.5.1/pico-sdk/src/common/pico_sync/mutex.c.obj
 *fill*         0x1000713f        0x1 
 .rodata.__func__.3
                0x10007140       0x18 CMakeFiles/FreeRTOS_Pico.dir/G_/Raspberry_Pi/Pico_SDK_v1.5.1/pico-sdk/src/common/pico_sync/mutex.c.obj
 .rodata.repeating_timer_callback.str1.4
                0x10007158       0x59 CMakeFiles/FreeRTOS_Pico.dir/G_/Raspberry_Pi/Pico_SDK_v1.5.1/pico-sdk/src/common/pico_time/time.c.obj
 *fill*         0x100071b1        0x3 
 .rodata.timer_pool_entry_comparator.str1.4
                0x100071b4       0x22 CMakeFiles/FreeRTOS_Pico.dir/G_/Raspberry_Pi/Pico_SDK_v1.5.1/pico-sdk/src/common/pico_time/time.c.obj
 *fill*         0x100071d6        0x2 
 .rodata.ph_add_child_node.str1.4
                0x100071d8       0x9a CMakeFiles/FreeRTOS_Pico.dir/G_/Raspberry_Pi/Pico_SDK_v1.5.1/pico-sdk/src/common/pico_time/time.c.obj
 *fill*         0x10007272        0x2 
 .rodata.add_alarm_under_lock.str1.4
                0x10007274       0x28 CMakeFiles/FreeRTOS_Pico.dir/G_/Raspberry_Pi/Pico_SDK_v1.5.1/pico-sdk/src/common/pico_time/time.c.obj
                                 0x2b (size before relaxing)
 .rodata.alarm_pool_alarm_callback.str1.4
                0x1000729c       0x98 CMakeFiles/FreeRTOS_Pico.dir/G_/Raspberry_Pi/Pico_SDK_v1.5.1/pico-sdk/src/common/pico_time/time.c.obj
                                0x100 (size before relaxing)
 .rodata.alarm_pool_get_default.str1.4
                0x10007334       0x21 CMakeFiles/FreeRTOS_Pico.dir/G_/Raspberry_Pi/Pico_SDK_v1.5.1/pico-sdk/src/common/pico_time/time.c.obj
 *fill*         0x10007355        0x3 
 .rodata.alarm_pool_cancel_alarm.str1.4
                0x10007358       0x27 CMakeFiles/FreeRTOS_Pico.dir/G_/Raspberry_Pi/Pico_SDK_v1.5.1/pico-sdk/src/common/pico_time/time.c.obj
 *fill*         0x1000737f        0x1 
 .rodata.__func__.1
                0x10007380       0x18 CMakeFiles/FreeRTOS_Pico.dir/G_/Raspberry_Pi/Pico_SDK_v1.5.1/pico-sdk/src/common/pico_time/time.c.obj
 .rodata.__func__.10
                0x10007398       0x15 CMakeFiles/FreeRTOS_Pico.dir/G_/Raspberry_Pi/Pico_SDK_v1.5.1/pico-sdk/src/common/pico_time/time.c.obj
 *fill*         0x100073ad        0x3 
 .rodata.__func__.11
                0x100073b0       0x1a CMakeFiles/FreeRTOS_Pico.dir/G_/Raspberry_Pi/Pico_SDK_v1.5.1/pico-sdk/src/common/pico_time/time.c.obj
 *fill*         0x100073ca        0x2 
 .rodata.__func__.12
                0x100073cc        0xa CMakeFiles/FreeRTOS_Pico.dir/G_/Raspberry_Pi/Pico_SDK_v1.5.1/pico-sdk/src/common/pico_time/time.c.obj
 *fill*         0x100073d6        0x2 
 .rodata.__func__.3
                0x100073d8       0x17 CMakeFiles/FreeRTOS_Pico.dir/G_/Raspberry_Pi/Pico_SDK_v1.5.1/pico-sdk/src/common/pico_time/time.c.obj
 *fill*         0x100073ef        0x1 
 .rodata.__func__.4
                0x100073f0       0x12 CMakeFiles/FreeRTOS_Pico.dir/G_/Raspberry_Pi/Pico_SDK_v1.5.1/pico-sdk/src/common/pico_time/time.c.obj
 *fill*         0x10007402        0x2 
 .rodata.__func__.5
                0x10007404        0xd CMakeFiles/FreeRTOS_Pico.dir/G_/Raspberry_Pi/Pico_SDK_v1.5.1/pico-sdk/src/common/pico_time/time.c.obj
 *fill*         0x10007411        0x3 
 .rodata.__func__.6
                0x10007414       0x12 CMakeFiles/FreeRTOS_Pico.dir/G_/Raspberry_Pi/Pico_SDK_v1.5.1/pico-sdk/src/common/pico_time/time.c.obj
 *fill*         0x10007426        0x2 
 .rodata.__func__.7
                0x10007428        0xf CMakeFiles/FreeRTOS_Pico.dir/G_/Raspberry_Pi/Pico_SDK_v1.5.1/pico-sdk/src/common/pico_time/time.c.obj
 *fill*         0x10007437        0x1 
 .rodata.__func__.8
                0x10007438        0xc CMakeFiles/FreeRTOS_Pico.dir/G_/Raspberry_Pi/Pico_SDK_v1.5.1/pico-sdk/src/common/pico_time/time.c.obj
 .rodata.__func__.9
                0x10007444       0x15 CMakeFiles/FreeRTOS_Pico.dir/G_/Raspberry_Pi/Pico_SDK_v1.5.1/pico-sdk/src/common/pico_time/time.c.obj
 *fill*         0x10007459        0x3 
 .rodata.hardware_alarm_claim.str1.4
                0x1000745c       0x22 CMakeFiles/FreeRTOS_Pico.dir/G_/Raspberry_Pi/Pico_SDK_v1.5.1/pico-sdk/src/rp2_common/hardware_timer/timer.c.obj
 .rodata.busy_wait_us.str1.4
                0x1000747e       0x65 CMakeFiles/FreeRTOS_Pico.dir/G_/Raspberry_Pi/Pico_SDK_v1.5.1/pico-sdk/src/rp2_common/hardware_timer/timer.c.obj
 *fill*         0x1000747e        0x2 
 .rodata.hardware_alarm_set_target.str1.4
                0x10007480       0x73 CMakeFiles/FreeRTOS_Pico.dir/G_/Raspberry_Pi/Pico_SDK_v1.5.1/pico-sdk/src/rp2_common/hardware_timer/timer.c.obj
 *fill*         0x100074f3        0x1 
 .rodata.__func__.0
                0x100074f4       0x1a CMakeFiles/FreeRTOS_Pico.dir/G_/Raspberry_Pi/Pico_SDK_v1.5.1/pico-sdk/src/rp2_common/hardware_timer/timer.c.obj
 *fill*         0x1000750e        0x2 
 .rodata.__func__.1
                0x10007510       0x15 CMakeFiles/FreeRTOS_Pico.dir/G_/Raspberry_Pi/Pico_SDK_v1.5.1/pico-sdk/src/rp2_common/hardware_timer/timer.c.obj
 .rodata.ph_add_child_node.str1.4
                0x10007525       0x9a CMakeFiles/FreeRTOS_Pico.dir/G_/Raspberry_Pi/Pico_SDK_v1.5.1/pico-sdk/src/common/pico_util/pheap.c.obj
 *fill*         0x10007525        0x3 
 .rodata.ph_remove_any_head.str1.4
                0x10007528       0x9c CMakeFiles/FreeRTOS_Pico.dir/G_/Raspberry_Pi/Pico_SDK_v1.5.1/pico-sdk/src/common/pico_util/pheap.c.obj
                                 0xb0 (size before relaxing)
 .rodata.ph_remove_and_free_node.str1.4
                0x100075c4       0x1e CMakeFiles/FreeRTOS_Pico.dir/G_/Raspberry_Pi/Pico_SDK_v1.5.1/pico-sdk/src/common/pico_util/pheap.c.obj
                                 0x26 (size before relaxing)
 *fill*         0x100075e2        0x2 
 .rodata.__func__.0
                0x100075e4       0x18 CMakeFiles/FreeRTOS_Pico.dir/G_/Raspberry_Pi/Pico_SDK_v1.5.1/pico-sdk/src/common/pico_util/pheap.c.obj
 .rodata.__func__.1
                0x100075fc       0x13 CMakeFiles/FreeRTOS_Pico.dir/G_/Raspberry_Pi/Pico_SDK_v1.5.1/pico-sdk/src/common/pico_util/pheap.c.obj
 *fill*         0x1000760f        0x1 
 .rodata.__func__.2
                0x10007610       0x12 CMakeFiles/FreeRTOS_Pico.dir/G_/Raspberry_Pi/Pico_SDK_v1.5.1/pico-sdk/src/common/pico_util/pheap.c.obj
 *fill*         0x10007622        0x2 
 .rodata.__func__.3
                0x10007624        0xc CMakeFiles/FreeRTOS_Pico.dir/G_/Raspberry_Pi/Pico_SDK_v1.5.1/pico-sdk/src/common/pico_util/pheap.c.obj
 .rodata.clock_configure.str1.4
                0x10007630       0x65 CMakeFiles/FreeRTOS_Pico.dir/G_/Raspberry_Pi/Pico_SDK_v1.5.1/pico-sdk/src/rp2_common/hardware_clocks/clocks.c.obj
 *fill*         0x10007695        0x3 
 .rodata.__func__.1
                0x10007698       0x10 CMakeFiles/FreeRTOS_Pico.dir/G_/Raspberry_Pi/Pico_SDK_v1.5.1/pico-sdk/src/rp2_common/hardware_clocks/clocks.c.obj
 .rodata.pll_init.str1.4
                0x100076a8      0x130 CMakeFiles/FreeRTOS_Pico.dir/G_/Raspberry_Pi/Pico_SDK_v1.5.1/pico-sdk/src/rp2_common/hardware_pll/pll.c.obj
 .rodata.__func__.0
                0x100077d8        0x9 CMakeFiles/FreeRTOS_Pico.dir/G_/Raspberry_Pi/Pico_SDK_v1.5.1/pico-sdk/src/rp2_common/hardware_pll/pll.c.obj
 *fill*         0x100077e1        0x3 
 .rodata.__assert_func.str1.4
                0x100077e4       0x3f CMakeFiles/FreeRTOS_Pico.dir/G_/Raspberry_Pi/Pico_SDK_v1.5.1/pico-sdk/src/rp2_common/pico_runtime/runtime.c.obj
                                 0x43 (size before relaxing)
 *fill*         0x10007823        0x1 
 .rodata.runtime_init.str1.4
                0x10007824       0x6f CMakeFiles/FreeRTOS_Pico.dir/G_/Raspberry_Pi/Pico_SDK_v1.5.1/pico-sdk/src/rp2_common/pico_runtime/runtime.c.obj
 *fill*         0x10007893        0x1 
 .rodata.panic.str1.4
                0x10007894       0x12 CMakeFiles/FreeRTOS_Pico.dir/G_/Raspberry_Pi/Pico_SDK_v1.5.1/pico-sdk/src/rp2_common/pico_runtime/runtime.c.obj
 *fill*         0x100078a6        0x2 
 .rodata.panic_unsupported.str1.4
                0x100078a8        0xe CMakeFiles/FreeRTOS_Pico.dir/G_/Raspberry_Pi/Pico_SDK_v1.5.1/pico-sdk/src/rp2_common/pico_runtime/runtime.c.obj
 *fill*         0x100078b6        0x2 
 .rodata.__func__.2
                0x100078b8        0xd CMakeFiles/FreeRTOS_Pico.dir/G_/Raspberry_Pi/Pico_SDK_v1.5.1/pico-sdk/src/rp2_common/pico_runtime/runtime.c.obj
 *fill*         0x100078c5        0x3 
 .rodata._ftoa.str1.4
                0x100078c8       0x15 CMakeFiles/FreeRTOS_Pico.dir/G_/Raspberry_Pi/Pico_SDK_v1.5.1/pico-sdk/src/rp2_common/pico_printf/printf.c.obj
 *fill*         0x100078dd        0x3 
 .rodata._vsnprintf
                0x100078e0      0x1e0 CMakeFiles/FreeRTOS_Pico.dir/G_/Raspberry_Pi/Pico_SDK_v1.5.1/pico-sdk/src/rp2_common/pico_printf/printf.c.obj
 .rodata.pow10.0
                0x10007ac0       0x50 CMakeFiles/FreeRTOS_Pico.dir/G_/Raspberry_Pi/Pico_SDK_v1.5.1/pico-sdk/src/rp2_common/pico_printf/printf.c.obj
 .rodata.missing_double_func_shim.str1.4
                0x10007b10       0x18 CMakeFiles/FreeRTOS_Pico.dir/G_/Raspberry_Pi/Pico_SDK_v1.5.1/pico-sdk/src/rp2_common/pico_double/double_init_rom.c.obj
 .rodata.__aeabi_double_init.str1.4
                0x10007b28       0xaa CMakeFiles/FreeRTOS_Pico.dir/G_/Raspberry_Pi/Pico_SDK_v1.5.1/pico-sdk/src/rp2_common/pico_double/double_init_rom.c.obj
 *fill*         0x10007bd2        0x2 
 .rodata.__func__.0
                0x10007bd4       0x14 CMakeFiles/FreeRTOS_Pico.dir/G_/Raspberry_Pi/Pico_SDK_v1.5.1/pico-sdk/src/rp2_common/pico_double/double_init_rom.c.obj
 .rodata.missing_float_func_shim.str1.4
                0x10007be8        0x1 CMakeFiles/FreeRTOS_Pico.dir/G_/Raspberry_Pi/Pico_SDK_v1.5.1/pico-sdk/src/rp2_common/pico_float/float_init_rom.c.obj
 .rodata.__aeabi_float_init.str1.4
                0x10007be8       0x88 CMakeFiles/FreeRTOS_Pico.dir/G_/Raspberry_Pi/Pico_SDK_v1.5.1/pico-sdk/src/rp2_common/pico_float/float_init_rom.c.obj
 .rodata.__func__.0
                0x10007c70       0x13 CMakeFiles/FreeRTOS_Pico.dir/G_/Raspberry_Pi/Pico_SDK_v1.5.1/pico-sdk/src/rp2_common/pico_float/float_init_rom.c.obj
 *fill*         0x10007c83        0x1 
 .rodata.str1.4
                0x10007c84       0x58 CMakeFiles/FreeRTOS_Pico.dir/G_/Raspberry_Pi/Pico_SDK_v1.5.1/pico-sdk/src/rp2_common/pico_standard_link/binary_info.c.obj
 .rodata.__bi_44
                0x10007cdc        0xc CMakeFiles/FreeRTOS_Pico.dir/G_/Raspberry_Pi/Pico_SDK_v1.5.1/pico-sdk/src/rp2_common/pico_standard_link/binary_info.c.obj
 .rodata.__bi_56
                0x10007ce8        0xc CMakeFiles/FreeRTOS_Pico.dir/G_/Raspberry_Pi/Pico_SDK_v1.5.1/pico-sdk/src/rp2_common/pico_standard_link/binary_info.c.obj
 .rodata.__bi_75
                0x10007cf4        0xc CMakeFiles/FreeRTOS_Pico.dir/G_/Raspberry_Pi/Pico_SDK_v1.5.1/pico-sdk/src/rp2_common/pico_standard_link/binary_info.c.obj
 .rodata.__bi_81
                0x10007d00        0xc CMakeFiles/FreeRTOS_Pico.dir/G_/Raspberry_Pi/Pico_SDK_v1.5.1/pico-sdk/src/rp2_common/pico_standard_link/binary_info.c.obj
 .rodata.stdout_serialize_begin.str1.4
                0x10007d0c       0x65 CMakeFiles/FreeRTOS_Pico.dir/G_/Raspberry_Pi/Pico_SDK_v1.5.1/pico-sdk/src/rp2_common/pico_stdio/stdio.c.obj
 .rodata.__func__.3
                0x10007d0c       0x15 CMakeFiles/FreeRTOS_Pico.dir/G_/Raspberry_Pi/Pico_SDK_v1.5.1/pico-sdk/src/rp2_common/pico_stdio/stdio.c.obj
 *fill*         0x10007d21        0x3 
 .rodata.crlf_str.2
                0x10007d24        0x2 CMakeFiles/FreeRTOS_Pico.dir/G_/Raspberry_Pi/Pico_SDK_v1.5.1/pico-sdk/src/rp2_common/pico_stdio/stdio.c.obj
 *fill*         0x10007d26        0x2 
 .rodata.str1.4
                0x10007d28       0x2c CMakeFiles/FreeRTOS_Pico.dir/G_/Raspberry_Pi/Pico_SDK_v1.5.1/pico-sdk/src/rp2_common/pico_stdio_uart/stdio_uart.c.obj
 .rodata.__bi_33.4
                0x10007d54        0xc CMakeFiles/FreeRTOS_Pico.dir/G_/Raspberry_Pi/Pico_SDK_v1.5.1/pico-sdk/src/rp2_common/pico_stdio_uart/stdio_uart.c.obj
 .rodata.__bi_34.5
                0x10007d60        0x8 CMakeFiles/FreeRTOS_Pico.dir/G_/Raspberry_Pi/Pico_SDK_v1.5.1/pico-sdk/src/rp2_common/pico_stdio_uart/stdio_uart.c.obj
 .rodata.str1.4
                0x10007d68        0x5 FreeRTOS-Kernel\libfreertos_kernel.a(tasks.c.obj)
 *fill*         0x10007d6d        0x3 
 .rodata        0x10007d70       0x28 FreeRTOS-Kernel\libfreertos_kernel.a(timers.c.obj)
 .rodata.str1.4
                0x10007d98       0x10 FreeRTOS-Kernel\libfreertos_kernel.a(timers.c.obj)
 .rodata.str1.4
                0x10007da8       0x65 FreeRTOS-Kernel\libfreertos_kernel.a(port.c.obj)
 .rodata        0x10007da8       0x15 FreeRTOS-Kernel\libfreertos_kernel.a(port.c.obj)
 *fill*         0x10007dbd        0x3 
 .rodata.str1.4
                0x10007dc0       0xd0 FreeRTOS-Kernel\libfreertos_kernel.a(exception.c.obj)
 .rodata        0x10007e90       0x3a FreeRTOS-Kernel\libfreertos_kernel.a(exception.c.obj)
                0x10007ecc                . = ALIGN (0x4)
 *fill*         0x10007eca        0x2 
 *(SORT_BY_ALIGNMENT(SORT_BY_NAME(.flashdata*)))
                0x10007ecc                . = ALIGN (0x4)

.ARM.extab
 *(.ARM.extab* .gnu.linkonce.armextab.*)
                0x10007ecc                __exidx_start = .

.ARM.exidx
 *(.ARM.exidx* .gnu.linkonce.armexidx.*)
                0x10007ecc                __exidx_end = .
                0x10007ecc                . = ALIGN (0x4)
                0x10007ecc                __binary_info_start = .

.binary_info    0x10007ecc       0x28
 *(.binary_info.keep.*)
 .binary_info.keep.__bi_ptr22
                0x10007ecc        0x4 CMakeFiles/FreeRTOS_Pico.dir/G_/Raspberry_Pi/Pico_SDK_v1.5.1/pico-sdk/src/rp2_common/pico_standard_link/binary_info.c.obj
 .binary_info.keep.__bi_ptr30
                0x10007ed0        0x4 CMakeFiles/FreeRTOS_Pico.dir/G_/Raspberry_Pi/Pico_SDK_v1.5.1/pico-sdk/src/rp2_common/pico_standard_link/binary_info.c.obj
 .binary_info.keep.__bi_ptr38
                0x10007ed4        0x4 CMakeFiles/FreeRTOS_Pico.dir/G_/Raspberry_Pi/Pico_SDK_v1.5.1/pico-sdk/src/rp2_common/pico_standard_link/binary_info.c.obj
 .binary_info.keep.__bi_ptr44
                0x10007ed8        0x4 CMakeFiles/FreeRTOS_Pico.dir/G_/Raspberry_Pi/Pico_SDK_v1.5.1/pico-sdk/src/rp2_common/pico_standard_link/binary_info.c.obj
 .binary_info.keep.__bi_ptr50
                0x10007edc        0x4 CMakeFiles/FreeRTOS_Pico.dir/G_/Raspberry_Pi/Pico_SDK_v1.5.1/pico-sdk/src/rp2_common/pico_standard_link/binary_info.c.obj
 .binary_info.keep.__bi_ptr56
                0x10007ee0        0x4 CMakeFiles/FreeRTOS_Pico.dir/G_/Raspberry_Pi/Pico_SDK_v1.5.1/pico-sdk/src/rp2_common/pico_standard_link/binary_info.c.obj
 .binary_info.keep.__bi_ptr75
                0x10007ee4        0x4 CMakeFiles/FreeRTOS_Pico.dir/G_/Raspberry_Pi/Pico_SDK_v1.5.1/pico-sdk/src/rp2_common/pico_standard_link/binary_info.c.obj
 .binary_info.keep.__bi_ptr81
                0x10007ee8        0x4 CMakeFiles/FreeRTOS_Pico.dir/G_/Raspberry_Pi/Pico_SDK_v1.5.1/pico-sdk/src/rp2_common/pico_standard_link/binary_info.c.obj
 *(.binary_info.*)
 .binary_info.__bi_ptr33
                0x10007eec        0x4 CMakeFiles/FreeRTOS_Pico.dir/G_/Raspberry_Pi/Pico_SDK_v1.5.1/pico-sdk/src/rp2_common/pico_stdio_uart/stdio_uart.c.obj
 .binary_info.__bi_ptr34
                0x10007ef0        0x4 CMakeFiles/FreeRTOS_Pico.dir/G_/Raspberry_Pi/Pico_SDK_v1.5.1/pico-sdk/src/rp2_common/pico_stdio_uart/stdio_uart.c.obj
                0x10007ef4                __binary_info_end = .

.rel.dyn        0x10007ef4        0x0
 .rel.iplt      0x10007ef4        0x0 c:/progra~2/gnuarm~1/102021~1.10/bin/../lib/gcc/arm-none-eabi/10.3.1/thumb/v6-m/nofp/crtbegin.o
                0x10007ef4                . = ALIGN (0x4)

.ram_vector_table
                0x20000000       0xc0
 *(.ram_vector_table)
 .ram_vector_table
                0x20000000       0xc0 CMakeFiles/FreeRTOS_Pico.dir/G_/Raspberry_Pi/Pico_SDK_v1.5.1/pico-sdk/src/rp2_common/pico_runtime/runtime.c.obj
                0x20000000                ram_vector_table

.data           0x200000c0      0x250 load address 0x10007ef4
                0x200000c0                __data_start__ = .
 *(vtable)
 *(.time_critical*)
 .time_critical.mutex_try_enter
                0x200000c0       0x46 CMakeFiles/FreeRTOS_Pico.dir/G_/Raspberry_Pi/Pico_SDK_v1.5.1/pico-sdk/src/common/pico_sync/mutex.c.obj
                0x200000c0                mutex_try_enter
 *fill*         0x20000106        0x2 
 .time_critical.mutex_enter_block_until
                0x20000108       0x8c CMakeFiles/FreeRTOS_Pico.dir/G_/Raspberry_Pi/Pico_SDK_v1.5.1/pico-sdk/src/common/pico_sync/mutex.c.obj
                0x20000108                mutex_enter_block_until
 .time_critical.mutex_try_enter_block_until
                0x20000194       0x34 CMakeFiles/FreeRTOS_Pico.dir/G_/Raspberry_Pi/Pico_SDK_v1.5.1/pico-sdk/src/common/pico_sync/mutex.c.obj
                0x20000194                mutex_try_enter_block_until
 .time_critical.mutex_exit
                0x200001c8       0x4c CMakeFiles/FreeRTOS_Pico.dir/G_/Raspberry_Pi/Pico_SDK_v1.5.1/pico-sdk/src/common/pico_sync/mutex.c.obj
                0x200001c8                mutex_exit
 *(.text*)
 .text          0x20000214        0x4 c:/progra~2/gnuarm~1/102021~1.10/bin/../lib/gcc/arm-none-eabi/10.3.1/thumb/v6-m/nofp\libgcc.a(_dvmd_tls.o)
                0x20000214                __aeabi_idiv0
                0x20000214                __aeabi_ldiv0
 .text.__stub   0x20000218       0x20 linker stubs
                0x20000238                . = ALIGN (0x4)
 *(.rodata*)
                0x20000238                . = ALIGN (0x4)
 *(.data*)
 .data.striped_spin_lock_num
                0x20000238        0x1 CMakeFiles/FreeRTOS_Pico.dir/G_/Raspberry_Pi/Pico_SDK_v1.5.1/pico-sdk/src/rp2_common/hardware_sync/sync.c.obj
 *fill*         0x20000239        0x3 
 .data          0x2000023c       0x48 CMakeFiles/FreeRTOS_Pico.dir/G_/Raspberry_Pi/Pico_SDK_v1.5.1/pico-sdk/src/rp2_common/hardware_irq/irq_handler_chain.S.obj
                0x2000023c                irq_handler_chain_slots
                0x2000026c                irq_handler_chain_first_slot
                0x20000276                irq_handler_chain_remove_tail
 .data.default_alarm_pool
                0x20000284       0x18 CMakeFiles/FreeRTOS_Pico.dir/G_/Raspberry_Pi/Pico_SDK_v1.5.1/pico-sdk/src/common/pico_time/time.c.obj
 .data.default_alarm_pool_heap
                0x2000029c       0x10 CMakeFiles/FreeRTOS_Pico.dir/G_/Raspberry_Pi/Pico_SDK_v1.5.1/pico-sdk/src/common/pico_time/time.c.obj
 *fill*         0x200002ac        0x4 
 .data.aeabi_bits_funcs
                0x200002b0       0x10 CMakeFiles/FreeRTOS_Pico.dir/G_/Raspberry_Pi/Pico_SDK_v1.5.1/pico-sdk/src/rp2_common/pico_bit_ops/bit_ops_aeabi.S.obj
                0x200002b0                aeabi_bits_funcs
                0x200002c0                aeabi_bits_funcs_end
 .data.aeabi_mem_funcs
                0x200002c0       0x10 CMakeFiles/FreeRTOS_Pico.dir/G_/Raspberry_Pi/Pico_SDK_v1.5.1/pico-sdk/src/rp2_common/pico_mem_ops/mem_ops_aeabi.S.obj
                0x200002c0                aeabi_mem_funcs
                0x200002d0                aeabi_mem_funcs_end
 .data.stdio_uart
                0x200002d0       0x18 CMakeFiles/FreeRTOS_Pico.dir/G_/Raspberry_Pi/Pico_SDK_v1.5.1/pico-sdk/src/rp2_common/pico_stdio_uart/stdio_uart.c.obj
                0x200002d0                stdio_uart
 .data          0x200002e8        0x4 FreeRTOS-Kernel\libfreertos_kernel.a(tasks.c.obj)
 .data          0x200002ec        0x1 FreeRTOS-Kernel\libfreertos_kernel.a(port.c.obj)
                0x200002f0                . = ALIGN (0x4)
 *fill*         0x200002ed        0x3 
 *(.after_data.*)
                0x200002f0                . = ALIGN (0x4)
                0x200002f0                PROVIDE (__mutex_array_start = .)
 *(SORT_BY_NAME(.mutex_array.*))
 *(.mutex_array)
 .mutex_array   0x200002f0        0x8 CMakeFiles/FreeRTOS_Pico.dir/G_/Raspberry_Pi/Pico_SDK_v1.5.1/pico-sdk/src/rp2_common/pico_stdio/stdio.c.obj
                0x200002f8                PROVIDE (__mutex_array_end = .)
                0x200002f8                . = ALIGN (0x4)
                0x200002f8                PROVIDE (__preinit_array_start = .)
 *(SORT_BY_NAME(.preinit_array.*))
 .preinit_array.00001
                0x200002f8        0x4 CMakeFiles/FreeRTOS_Pico.dir/G_/Raspberry_Pi/Pico_SDK_v1.5.1/pico-sdk/src/rp2_common/pico_mem_ops/mem_ops_aeabi.S.obj
 .preinit_array.00010
                0x200002fc        0x4 CMakeFiles/FreeRTOS_Pico.dir/G_/Raspberry_Pi/Pico_SDK_v1.5.1/pico-sdk/src/rp2_common/pico_bit_ops/bit_ops_aeabi.S.obj
 .preinit_array.00020
                0x20000300        0x4 CMakeFiles/FreeRTOS_Pico.dir/G_/Raspberry_Pi/Pico_SDK_v1.5.1/pico-sdk/src/rp2_common/pico_double/double_aeabi.S.obj
 .preinit_array.00020
                0x20000304        0x4 CMakeFiles/FreeRTOS_Pico.dir/G_/Raspberry_Pi/Pico_SDK_v1.5.1/pico-sdk/src/rp2_common/pico_float/float_aeabi.S.obj
 *(.preinit_array)
                0x20000308                PROVIDE (__preinit_array_end = .)
                0x20000308                . = ALIGN (0x4)
                0x20000308                PROVIDE (__init_array_start = .)
 *(SORT_BY_NAME(.init_array.*))
 *(.init_array)
 .init_array    0x20000308        0x4 c:/progra~2/gnuarm~1/102021~1.10/bin/../lib/gcc/arm-none-eabi/10.3.1/thumb/v6-m/nofp/crtbegin.o
 .init_array    0x2000030c        0x4 FreeRTOS-Kernel\libfreertos_kernel.a(port.c.obj)
                0x20000310                PROVIDE (__init_array_end = .)
                0x20000310                . = ALIGN (0x4)
                [!provide]                PROVIDE (__fini_array_start = .)
 *(SORT_BY_NAME(.fini_array.*))
 *(.fini_array)
                [!provide]                PROVIDE (__fini_array_end = .)
 *(.jcr)
                0x20000310                . = ALIGN (0x4)
                0x20000310                __data_end__ = .
                0x10007ef4                __etext = LOADADDR (.data)

.igot.plt       0x20000310        0x0 load address 0x10008144
 .igot.plt      0x20000310        0x0 c:/progra~2/gnuarm~1/102021~1.10/bin/../lib/gcc/arm-none-eabi/10.3.1/thumb/v6-m/nofp/crtbegin.o

.uninitialized_data
                0x20000310        0x0 load address 0x10008144
                0x20000310                . = ALIGN (0x4)
 *(.uninitialized_data*)

.scratch_x      0x20040000        0x0 load address 0x10008144
                0x20040000                __scratch_x_start__ = .
 *(.scratch_x.*)
                0x20040000                . = ALIGN (0x4)
                0x20040000                __scratch_x_end__ = .
                0x10008144                __scratch_x_source__ = LOADADDR (.scratch_x)

.scratch_y      0x20041000        0x0 load address 0x10008144
                0x20041000                __scratch_y_start__ = .
 *(.scratch_y.*)
                0x20041000                . = ALIGN (0x4)
                0x20041000                __scratch_y_end__ = .
                0x10008144                __scratch_y_source__ = LOADADDR (.scratch_y)

.bss            0x20000310     0xc8d8
                0x20000310                . = ALIGN (0x4)
                0x20000310                __bss_start__ = .
 *(SORT_BY_ALIGNMENT(SORT_BY_NAME(.bss*)))
 .bss.default_alarm_pool_entries
                0x20000310      0x100 CMakeFiles/FreeRTOS_Pico.dir/G_/Raspberry_Pi/Pico_SDK_v1.5.1/pico-sdk/src/common/pico_time/time.c.obj
 .bss           0x20000410       0x1c c:/progra~2/gnuarm~1/102021~1.10/bin/../lib/gcc/arm-none-eabi/10.3.1/thumb/v6-m/nofp/crtbegin.o
 .bss           0x2000042c       0xf0 FreeRTOS-Kernel\libfreertos_kernel.a(tasks.c.obj)
                0x200004f0                pxCurrentTCB
 .bss           0x2000051c       0x3c FreeRTOS-Kernel\libfreertos_kernel.a(timers.c.obj)
 .bss           0x20000558     0xc36c FreeRTOS-Kernel\libfreertos_kernel.a(heap_4.c.obj)
 .bss           0x2000c8c4       0x18 FreeRTOS-Kernel\libfreertos_kernel.a(port.c.obj)
 .bss           0x2000c8dc       0x50 FreeRTOS-Kernel\libfreertos_kernel.a(queue.c.obj)
                0x2000c8dc                xQueueRegistry
 .bss.alarm_callbacks
                0x2000c92c       0x10 CMakeFiles/FreeRTOS_Pico.dir/G_/Raspberry_Pi/Pico_SDK_v1.5.1/pico-sdk/src/rp2_common/hardware_timer/timer.c.obj
 .bss.chars_available_callback
                0x2000c93c        0x4 CMakeFiles/FreeRTOS_Pico.dir/G_/Raspberry_Pi/Pico_SDK_v1.5.1/pico-sdk/src/rp2_common/pico_stdio_uart/stdio_uart.c.obj
 .bss.chars_available_param
                0x2000c940        0x4 CMakeFiles/FreeRTOS_Pico.dir/G_/Raspberry_Pi/Pico_SDK_v1.5.1/pico-sdk/src/rp2_common/pico_stdio_uart/stdio_uart.c.obj
 .bss.configured_freq
                0x2000c944       0x28 CMakeFiles/FreeRTOS_Pico.dir/G_/Raspberry_Pi/Pico_SDK_v1.5.1/pico-sdk/src/rp2_common/hardware_clocks/clocks.c.obj
 .bss.default_alarm_pool_entry_ids_high
                0x2000c96c       0x10 CMakeFiles/FreeRTOS_Pico.dir/G_/Raspberry_Pi/Pico_SDK_v1.5.1/pico-sdk/src/common/pico_time/time.c.obj
 .bss.default_alarm_pool_heap_nodes
                0x2000c97c       0x30 CMakeFiles/FreeRTOS_Pico.dir/G_/Raspberry_Pi/Pico_SDK_v1.5.1/pico-sdk/src/common/pico_time/time.c.obj
 .bss.drivers   0x2000c9ac        0x4 CMakeFiles/FreeRTOS_Pico.dir/G_/Raspberry_Pi/Pico_SDK_v1.5.1/pico-sdk/src/rp2_common/pico_stdio/stdio.c.obj
 .bss.filter    0x2000c9b0        0x4 CMakeFiles/FreeRTOS_Pico.dir/G_/Raspberry_Pi/Pico_SDK_v1.5.1/pico-sdk/src/rp2_common/pico_stdio/stdio.c.obj
 .bss.pools     0x2000c9b4       0x10 CMakeFiles/FreeRTOS_Pico.dir/G_/Raspberry_Pi/Pico_SDK_v1.5.1/pico-sdk/src/common/pico_time/time.c.obj
 .bss.sd_table  0x2000c9c4      0x100 CMakeFiles/FreeRTOS_Pico.dir/G_/Raspberry_Pi/Pico_SDK_v1.5.1/pico-sdk/src/rp2_common/pico_double/double_init_rom.c.obj
                0x2000c9c4                sd_table
 .bss.sf_clz_func
                0x2000cac4        0x4 CMakeFiles/FreeRTOS_Pico.dir/G_/Raspberry_Pi/Pico_SDK_v1.5.1/pico-sdk/src/rp2_common/pico_double/double_init_rom.c.obj
                0x2000cac4                sf_clz_func
 .bss.sf_table  0x2000cac8      0x100 CMakeFiles/FreeRTOS_Pico.dir/G_/Raspberry_Pi/Pico_SDK_v1.5.1/pico-sdk/src/rp2_common/pico_float/float_init_rom.c.obj
                0x2000cac8                sf_table
 .bss.sleep_notifier
                0x2000cbc8        0x4 CMakeFiles/FreeRTOS_Pico.dir/G_/Raspberry_Pi/Pico_SDK_v1.5.1/pico-sdk/src/common/pico_time/time.c.obj
 .bss.target_hi
                0x2000cbcc       0x10 CMakeFiles/FreeRTOS_Pico.dir/G_/Raspberry_Pi/Pico_SDK_v1.5.1/pico-sdk/src/rp2_common/hardware_timer/timer.c.obj
 .bss.uart_char_to_line_feed
                0x2000cbdc        0x4 CMakeFiles/FreeRTOS_Pico.dir/G_/Raspberry_Pi/Pico_SDK_v1.5.1/pico-sdk/src/rp2_common/hardware_uart/uart.c.obj
                0x2000cbdc                uart_char_to_line_feed
 .bss.uart_instance
                0x2000cbe0        0x4 CMakeFiles/FreeRTOS_Pico.dir/G_/Raspberry_Pi/Pico_SDK_v1.5.1/pico-sdk/src/rp2_common/pico_stdio_uart/stdio_uart.c.obj
 .bss.claimed   0x2000cbe4        0x1 CMakeFiles/FreeRTOS_Pico.dir/G_/Raspberry_Pi/Pico_SDK_v1.5.1/pico-sdk/src/rp2_common/hardware_timer/timer.c.obj
 .bss.irq_hander_chain_free_slot_head
                0x2000cbe5        0x1 CMakeFiles/FreeRTOS_Pico.dir/G_/Raspberry_Pi/Pico_SDK_v1.5.1/pico-sdk/src/rp2_common/hardware_irq/irq.c.obj
 .bss.timer_callbacks_pending
                0x2000cbe6        0x1 CMakeFiles/FreeRTOS_Pico.dir/G_/Raspberry_Pi/Pico_SDK_v1.5.1/pico-sdk/src/rp2_common/hardware_timer/timer.c.obj
 *(COMMON)
                0x2000cbe8                . = ALIGN (0x4)
 *fill*         0x2000cbe7        0x1 
                0x2000cbe8                __bss_end__ = .

.heap           0x2000cbe8      0x800
                0x2000cbe8                __end__ = .
                0x2000cbe8                end = __end__
 *(.heap*)
 .heap          0x2000cbe8      0x800 CMakeFiles/FreeRTOS_Pico.dir/G_/Raspberry_Pi/Pico_SDK_v1.5.1/pico-sdk/src/rp2_common/pico_standard_link/crt0.S.obj
                0x2000d3e8                __HeapLimit = .

.stack1_dummy   0x20040000        0x0
 *(.stack1*)

.stack_dummy    0x20041000      0x800
 *(.stack*)
 .stack         0x20041000      0x800 CMakeFiles/FreeRTOS_Pico.dir/G_/Raspberry_Pi/Pico_SDK_v1.5.1/pico-sdk/src/rp2_common/pico_standard_link/crt0.S.obj

.flash_end      0x10008144        0x0
                0x10008144                PROVIDE (__flash_binary_end = .)
                0x20040000                __StackLimit = (ORIGIN (RAM) + LENGTH (RAM))
                0x20041000                __StackOneTop = (ORIGIN (SCRATCH_X) + LENGTH (SCRATCH_X))
                0x20042000                __StackTop = (ORIGIN (SCRATCH_Y) + LENGTH (SCRATCH_Y))
                0x20041000                __StackOneBottom = (__StackOneTop - SIZEOF (.stack1_dummy))
                0x20041800                __StackBottom = (__StackTop - SIZEOF (.stack_dummy))
                0x20042000                PROVIDE (__stack = __StackTop)
                0x00000001                ASSERT ((__StackLimit >= __HeapLimit), region RAM overflowed)
                0x00000001                ASSERT (((__binary_info_header_end - __logical_binary_start) <= 0x100), Binary info must be in first 256 bytes of the binary)
LOAD CMakeFiles/FreeRTOS_Pico.dir/FreeRTOS_Pico.c.obj
LOAD CMakeFiles/FreeRTOS_Pico.dir/G_/Raspberry_Pi/Pico_SDK_v1.5.1/pico-sdk/src/rp2_common/pico_stdlib/stdlib.c.obj
LOAD CMakeFiles/FreeRTOS_Pico.dir/G_/Raspberry_Pi/Pico_SDK_v1.5.1/pico-sdk/src/rp2_common/hardware_gpio/gpio.c.obj
LOAD CMakeFiles/FreeRTOS_Pico.dir/G_/Raspberry_Pi/Pico_SDK_v1.5.1/pico-sdk/src/rp2_common/pico_platform/platform.c.obj
LOAD CMakeFiles/FreeRTOS_Pico.dir/G_/Raspberry_Pi/Pico_SDK_v1.5.1/pico-sdk/src/rp2_common/hardware_claim/claim.c.obj
LOAD CMakeFiles/FreeRTOS_Pico.dir/G_/Raspberry_Pi/Pico_SDK_v1.5.1/pico-sdk/src/rp2_common/hardware_sync/sync.c.obj
LOAD CMakeFiles/FreeRTOS_Pico.dir/G_/Raspberry_Pi/Pico_SDK_v1.5.1/pico-sdk/src/rp2_common/hardware_irq/irq.c.obj
LOAD CMakeFiles/FreeRTOS_Pico.dir/G_/Raspberry_Pi/Pico_SDK_v1.5.1/pico-sdk/src/rp2_common/hardware_irq/irq_handler_chain.S.obj
LOAD CMakeFiles/FreeRTOS_Pico.dir/G_/Raspberry_Pi/Pico_SDK_v1.5.1/pico-sdk/src/common/pico_sync/sem.c.obj
LOAD CMakeFiles/FreeRTOS_Pico.dir/G_/Raspberry_Pi/Pico_SDK_v1.5.1/pico-sdk/src/common/pico_sync/lock_core.c.obj
LOAD CMakeFiles/FreeRTOS_Pico.dir/G_/Raspberry_Pi/Pico_SDK_v1.5.1/pico-sdk/src/common/pico_sync/mutex.c.obj
LOAD CMakeFiles/FreeRTOS_Pico.dir/G_/Raspberry_Pi/Pico_SDK_v1.5.1/pico-sdk/src/common/pico_sync/critical_section.c.obj
LOAD CMakeFiles/FreeRTOS_Pico.dir/G_/Raspberry_Pi/Pico_SDK_v1.5.1/pico-sdk/src/common/pico_time/time.c.obj
LOAD CMakeFiles/FreeRTOS_Pico.dir/G_/Raspberry_Pi/Pico_SDK_v1.5.1/pico-sdk/src/common/pico_time/timeout_helper.c.obj
LOAD CMakeFiles/FreeRTOS_Pico.dir/G_/Raspberry_Pi/Pico_SDK_v1.5.1/pico-sdk/src/rp2_common/hardware_timer/timer.c.obj
LOAD CMakeFiles/FreeRTOS_Pico.dir/G_/Raspberry_Pi/Pico_SDK_v1.5.1/pico-sdk/src/common/pico_util/datetime.c.obj
LOAD CMakeFiles/FreeRTOS_Pico.dir/G_/Raspberry_Pi/Pico_SDK_v1.5.1/pico-sdk/src/common/pico_util/pheap.c.obj
LOAD CMakeFiles/FreeRTOS_Pico.dir/G_/Raspberry_Pi/Pico_SDK_v1.5.1/pico-sdk/src/common/pico_util/queue.c.obj
LOAD CMakeFiles/FreeRTOS_Pico.dir/G_/Raspberry_Pi/Pico_SDK_v1.5.1/pico-sdk/src/rp2_common/hardware_uart/uart.c.obj
LOAD CMakeFiles/FreeRTOS_Pico.dir/G_/Raspberry_Pi/Pico_SDK_v1.5.1/pico-sdk/src/rp2_common/hardware_clocks/clocks.c.obj
LOAD CMakeFiles/FreeRTOS_Pico.dir/G_/Raspberry_Pi/Pico_SDK_v1.5.1/pico-sdk/src/rp2_common/hardware_pll/pll.c.obj
LOAD CMakeFiles/FreeRTOS_Pico.dir/G_/Raspberry_Pi/Pico_SDK_v1.5.1/pico-sdk/src/rp2_common/hardware_vreg/vreg.c.obj
LOAD CMakeFiles/FreeRTOS_Pico.dir/G_/Raspberry_Pi/Pico_SDK_v1.5.1/pico-sdk/src/rp2_common/hardware_watchdog/watchdog.c.obj
LOAD CMakeFiles/FreeRTOS_Pico.dir/G_/Raspberry_Pi/Pico_SDK_v1.5.1/pico-sdk/src/rp2_common/hardware_xosc/xosc.c.obj
LOAD CMakeFiles/FreeRTOS_Pico.dir/G_/Raspberry_Pi/Pico_SDK_v1.5.1/pico-sdk/src/rp2_common/hardware_divider/divider.S.obj
LOAD CMakeFiles/FreeRTOS_Pico.dir/G_/Raspberry_Pi/Pico_SDK_v1.5.1/pico-sdk/src/rp2_common/pico_runtime/runtime.c.obj
LOAD CMakeFiles/FreeRTOS_Pico.dir/G_/Raspberry_Pi/Pico_SDK_v1.5.1/pico-sdk/src/rp2_common/pico_printf/printf.c.obj
LOAD CMakeFiles/FreeRTOS_Pico.dir/G_/Raspberry_Pi/Pico_SDK_v1.5.1/pico-sdk/src/rp2_common/pico_bit_ops/bit_ops_aeabi.S.obj
LOAD CMakeFiles/FreeRTOS_Pico.dir/G_/Raspberry_Pi/Pico_SDK_v1.5.1/pico-sdk/src/rp2_common/pico_bootrom/bootrom.c.obj
LOAD CMakeFiles/FreeRTOS_Pico.dir/G_/Raspberry_Pi/Pico_SDK_v1.5.1/pico-sdk/src/rp2_common/pico_divider/divider.S.obj
LOAD CMakeFiles/FreeRTOS_Pico.dir/G_/Raspberry_Pi/Pico_SDK_v1.5.1/pico-sdk/src/rp2_common/pico_double/double_aeabi.S.obj
LOAD CMakeFiles/FreeRTOS_Pico.dir/G_/Raspberry_Pi/Pico_SDK_v1.5.1/pico-sdk/src/rp2_common/pico_double/double_init_rom.c.obj
LOAD CMakeFiles/FreeRTOS_Pico.dir/G_/Raspberry_Pi/Pico_SDK_v1.5.1/pico-sdk/src/rp2_common/pico_double/double_math.c.obj
LOAD CMakeFiles/FreeRTOS_Pico.dir/G_/Raspberry_Pi/Pico_SDK_v1.5.1/pico-sdk/src/rp2_common/pico_double/double_v1_rom_shim.S.obj
LOAD CMakeFiles/FreeRTOS_Pico.dir/G_/Raspberry_Pi/Pico_SDK_v1.5.1/pico-sdk/src/rp2_common/pico_int64_ops/pico_int64_ops_aeabi.S.obj
LOAD CMakeFiles/FreeRTOS_Pico.dir/G_/Raspberry_Pi/Pico_SDK_v1.5.1/pico-sdk/src/rp2_common/pico_float/float_aeabi.S.obj
LOAD CMakeFiles/FreeRTOS_Pico.dir/G_/Raspberry_Pi/Pico_SDK_v1.5.1/pico-sdk/src/rp2_common/pico_float/float_init_rom.c.obj
LOAD CMakeFiles/FreeRTOS_Pico.dir/G_/Raspberry_Pi/Pico_SDK_v1.5.1/pico-sdk/src/rp2_common/pico_float/float_math.c.obj
LOAD CMakeFiles/FreeRTOS_Pico.dir/G_/Raspberry_Pi/Pico_SDK_v1.5.1/pico-sdk/src/rp2_common/pico_float/float_v1_rom_shim.S.obj
LOAD CMakeFiles/FreeRTOS_Pico.dir/G_/Raspberry_Pi/Pico_SDK_v1.5.1/pico-sdk/src/rp2_common/pico_malloc/pico_malloc.c.obj
LOAD CMakeFiles/FreeRTOS_Pico.dir/G_/Raspberry_Pi/Pico_SDK_v1.5.1/pico-sdk/src/rp2_common/pico_mem_ops/mem_ops_aeabi.S.obj
LOAD CMakeFiles/FreeRTOS_Pico.dir/G_/Raspberry_Pi/Pico_SDK_v1.5.1/pico-sdk/src/rp2_common/pico_standard_link/crt0.S.obj
LOAD CMakeFiles/FreeRTOS_Pico.dir/G_/Raspberry_Pi/Pico_SDK_v1.5.1/pico-sdk/src/rp2_common/pico_standard_link/new_delete.cpp.obj
LOAD CMakeFiles/FreeRTOS_Pico.dir/G_/Raspberry_Pi/Pico_SDK_v1.5.1/pico-sdk/src/rp2_common/pico_standard_link/binary_info.c.obj
LOAD CMakeFiles/FreeRTOS_Pico.dir/G_/Raspberry_Pi/Pico_SDK_v1.5.1/pico-sdk/src/rp2_common/pico_stdio/stdio.c.obj
LOAD CMakeFiles/FreeRTOS_Pico.dir/G_/Raspberry_Pi/Pico_SDK_v1.5.1/pico-sdk/src/rp2_common/pico_stdio_uart/stdio_uart.c.obj
LOAD FreeRTOS-Kernel\libfreertos_kernel.a
LOAD C:\Users\ADMINI~1\AppData\Local\Temp\cc6k5KLl.o
LOAD c:/progra~2/gnuarm~1/102021~1.10/bin/../lib/gcc/arm-none-eabi/10.3.1/../../../../arm-none-eabi/lib/thumb/v6-m/nofp\libstdc++.a
LOAD c:/progra~2/gnuarm~1/102021~1.10/bin/../lib/gcc/arm-none-eabi/10.3.1/../../../../arm-none-eabi/lib/thumb/v6-m/nofp\libm.a
START GROUP
LOAD c:/progra~2/gnuarm~1/102021~1.10/bin/../lib/gcc/arm-none-eabi/10.3.1/thumb/v6-m/nofp\libgcc.a
LOAD c:/progra~2/gnuarm~1/102021~1.10/bin/../lib/gcc/arm-none-eabi/10.3.1/../../../../arm-none-eabi/lib/thumb/v6-m/nofp\libg.a
LOAD c:/progra~2/gnuarm~1/102021~1.10/bin/../lib/gcc/arm-none-eabi/10.3.1/../../../../arm-none-eabi/lib/thumb/v6-m/nofp\libc.a
END GROUP
START GROUP
LOAD c:/progra~2/gnuarm~1/102021~1.10/bin/../lib/gcc/arm-none-eabi/10.3.1/thumb/v6-m/nofp\libgcc.a
LOAD c:/progra~2/gnuarm~1/102021~1.10/bin/../lib/gcc/arm-none-eabi/10.3.1/../../../../arm-none-eabi/lib/thumb/v6-m/nofp\libc.a
LOAD c:/progra~2/gnuarm~1/102021~1.10/bin/../lib/gcc/arm-none-eabi/10.3.1/../../../../arm-none-eabi/lib/thumb/v6-m/nofp\libnosys.a
END GROUP
LOAD c:/progra~2/gnuarm~1/102021~1.10/bin/../lib/gcc/arm-none-eabi/10.3.1/thumb/v6-m/nofp/crtend.o
LOAD c:/progra~2/gnuarm~1/102021~1.10/bin/../lib/gcc/arm-none-eabi/10.3.1/thumb/v6-m/nofp/crtn.o
OUTPUT(FreeRTOS_Pico.elf elf32-littlearm)
LOAD linker stubs

.ARM.attributes
                0x00000000       0x28
 .ARM.attributes
                0x00000000       0x1e c:/progra~2/gnuarm~1/102021~1.10/bin/../lib/gcc/arm-none-eabi/10.3.1/thumb/v6-m/nofp/crti.o
 .ARM.attributes
                0x0000001e       0x2c c:/progra~2/gnuarm~1/102021~1.10/bin/../lib/gcc/arm-none-eabi/10.3.1/thumb/v6-m/nofp/crtbegin.o
 .ARM.attributes
                0x0000004a       0x2c CMakeFiles/FreeRTOS_Pico.dir/FreeRTOS_Pico.c.obj
 .ARM.attributes
                0x00000076       0x2c CMakeFiles/FreeRTOS_Pico.dir/G_/Raspberry_Pi/Pico_SDK_v1.5.1/pico-sdk/src/rp2_common/hardware_gpio/gpio.c.obj
 .ARM.attributes
                0x000000a2       0x2c CMakeFiles/FreeRTOS_Pico.dir/G_/Raspberry_Pi/Pico_SDK_v1.5.1/pico-sdk/src/rp2_common/pico_platform/platform.c.obj
 .ARM.attributes
                0x000000ce       0x2c CMakeFiles/FreeRTOS_Pico.dir/G_/Raspberry_Pi/Pico_SDK_v1.5.1/pico-sdk/src/rp2_common/hardware_claim/claim.c.obj
 .ARM.attributes
                0x000000fa       0x2c CMakeFiles/FreeRTOS_Pico.dir/G_/Raspberry_Pi/Pico_SDK_v1.5.1/pico-sdk/src/rp2_common/hardware_sync/sync.c.obj
 .ARM.attributes
                0x00000126       0x2c CMakeFiles/FreeRTOS_Pico.dir/G_/Raspberry_Pi/Pico_SDK_v1.5.1/pico-sdk/src/rp2_common/hardware_irq/irq.c.obj
 .ARM.attributes
                0x00000152       0x22 CMakeFiles/FreeRTOS_Pico.dir/G_/Raspberry_Pi/Pico_SDK_v1.5.1/pico-sdk/src/rp2_common/hardware_irq/irq_handler_chain.S.obj
 .ARM.attributes
                0x00000174       0x2c CMakeFiles/FreeRTOS_Pico.dir/G_/Raspberry_Pi/Pico_SDK_v1.5.1/pico-sdk/src/common/pico_sync/lock_core.c.obj
 .ARM.attributes
                0x000001a0       0x2c CMakeFiles/FreeRTOS_Pico.dir/G_/Raspberry_Pi/Pico_SDK_v1.5.1/pico-sdk/src/common/pico_sync/mutex.c.obj
 .ARM.attributes
                0x000001cc       0x2c CMakeFiles/FreeRTOS_Pico.dir/G_/Raspberry_Pi/Pico_SDK_v1.5.1/pico-sdk/src/common/pico_time/time.c.obj
 .ARM.attributes
                0x000001f8       0x2c CMakeFiles/FreeRTOS_Pico.dir/G_/Raspberry_Pi/Pico_SDK_v1.5.1/pico-sdk/src/rp2_common/hardware_timer/timer.c.obj
 .ARM.attributes
                0x00000224       0x2c CMakeFiles/FreeRTOS_Pico.dir/G_/Raspberry_Pi/Pico_SDK_v1.5.1/pico-sdk/src/common/pico_util/pheap.c.obj
 .ARM.attributes
                0x00000250       0x2c CMakeFiles/FreeRTOS_Pico.dir/G_/Raspberry_Pi/Pico_SDK_v1.5.1/pico-sdk/src/rp2_common/hardware_uart/uart.c.obj
 .ARM.attributes
                0x0000027c       0x2c CMakeFiles/FreeRTOS_Pico.dir/G_/Raspberry_Pi/Pico_SDK_v1.5.1/pico-sdk/src/rp2_common/hardware_clocks/clocks.c.obj
 .ARM.attributes
                0x000002a8       0x2c CMakeFiles/FreeRTOS_Pico.dir/G_/Raspberry_Pi/Pico_SDK_v1.5.1/pico-sdk/src/rp2_common/hardware_pll/pll.c.obj
 .ARM.attributes
                0x000002d4       0x2c CMakeFiles/FreeRTOS_Pico.dir/G_/Raspberry_Pi/Pico_SDK_v1.5.1/pico-sdk/src/rp2_common/hardware_watchdog/watchdog.c.obj
 .ARM.attributes
                0x00000300       0x2c CMakeFiles/FreeRTOS_Pico.dir/G_/Raspberry_Pi/Pico_SDK_v1.5.1/pico-sdk/src/rp2_common/hardware_xosc/xosc.c.obj
 .ARM.attributes
                0x0000032c       0x2c CMakeFiles/FreeRTOS_Pico.dir/G_/Raspberry_Pi/Pico_SDK_v1.5.1/pico-sdk/src/rp2_common/pico_runtime/runtime.c.obj
 .ARM.attributes
                0x00000358       0x2c CMakeFiles/FreeRTOS_Pico.dir/G_/Raspberry_Pi/Pico_SDK_v1.5.1/pico-sdk/src/rp2_common/pico_printf/printf.c.obj
 .ARM.attributes
                0x00000384       0x22 CMakeFiles/FreeRTOS_Pico.dir/G_/Raspberry_Pi/Pico_SDK_v1.5.1/pico-sdk/src/rp2_common/pico_bit_ops/bit_ops_aeabi.S.obj
 .ARM.attributes
                0x000003a6       0x2c CMakeFiles/FreeRTOS_Pico.dir/G_/Raspberry_Pi/Pico_SDK_v1.5.1/pico-sdk/src/rp2_common/pico_bootrom/bootrom.c.obj
 .ARM.attributes
                0x000003d2       0x22 CMakeFiles/FreeRTOS_Pico.dir/G_/Raspberry_Pi/Pico_SDK_v1.5.1/pico-sdk/src/rp2_common/pico_divider/divider.S.obj
 .ARM.attributes
                0x000003f4       0x22 CMakeFiles/FreeRTOS_Pico.dir/G_/Raspberry_Pi/Pico_SDK_v1.5.1/pico-sdk/src/rp2_common/pico_double/double_aeabi.S.obj
 .ARM.attributes
                0x00000416       0x2c CMakeFiles/FreeRTOS_Pico.dir/G_/Raspberry_Pi/Pico_SDK_v1.5.1/pico-sdk/src/rp2_common/pico_double/double_init_rom.c.obj
 .ARM.attributes
                0x00000442       0x22 CMakeFiles/FreeRTOS_Pico.dir/G_/Raspberry_Pi/Pico_SDK_v1.5.1/pico-sdk/src/rp2_common/pico_double/double_v1_rom_shim.S.obj
 .ARM.attributes
                0x00000464       0x22 CMakeFiles/FreeRTOS_Pico.dir/G_/Raspberry_Pi/Pico_SDK_v1.5.1/pico-sdk/src/rp2_common/pico_float/float_aeabi.S.obj
 .ARM.attributes
                0x00000486       0x2c CMakeFiles/FreeRTOS_Pico.dir/G_/Raspberry_Pi/Pico_SDK_v1.5.1/pico-sdk/src/rp2_common/pico_float/float_init_rom.c.obj
 .ARM.attributes
                0x000004b2       0x22 CMakeFiles/FreeRTOS_Pico.dir/G_/Raspberry_Pi/Pico_SDK_v1.5.1/pico-sdk/src/rp2_common/pico_mem_ops/mem_ops_aeabi.S.obj
 .ARM.attributes
                0x000004d4       0x22 CMakeFiles/FreeRTOS_Pico.dir/G_/Raspberry_Pi/Pico_SDK_v1.5.1/pico-sdk/src/rp2_common/pico_standard_link/crt0.S.obj
 .ARM.attributes
                0x000004f6       0x2c CMakeFiles/FreeRTOS_Pico.dir/G_/Raspberry_Pi/Pico_SDK_v1.5.1/pico-sdk/src/rp2_common/pico_standard_link/binary_info.c.obj
 .ARM.attributes
                0x00000522       0x2c CMakeFiles/FreeRTOS_Pico.dir/G_/Raspberry_Pi/Pico_SDK_v1.5.1/pico-sdk/src/rp2_common/pico_stdio/stdio.c.obj
 .ARM.attributes
                0x0000054e       0x2c CMakeFiles/FreeRTOS_Pico.dir/G_/Raspberry_Pi/Pico_SDK_v1.5.1/pico-sdk/src/rp2_common/pico_stdio_uart/stdio_uart.c.obj
 .ARM.attributes
                0x0000057a       0x2c FreeRTOS-Kernel\libfreertos_kernel.a(tasks.c.obj)
 .ARM.attributes
                0x000005a6       0x2c FreeRTOS-Kernel\libfreertos_kernel.a(timers.c.obj)
 .ARM.attributes
                0x000005d2       0x2c FreeRTOS-Kernel\libfreertos_kernel.a(heap_4.c.obj)
 .ARM.attributes
                0x000005fe       0x2c FreeRTOS-Kernel\libfreertos_kernel.a(port.c.obj)
 .ARM.attributes
                0x0000062a       0x2c FreeRTOS-Kernel\libfreertos_kernel.a(exception.c.obj)
 .ARM.attributes
                0x00000656       0x2c FreeRTOS-Kernel\libfreertos_kernel.a(event_groups.c.obj)
 .ARM.attributes
                0x00000682       0x2c FreeRTOS-Kernel\libfreertos_kernel.a(list.c.obj)
 .ARM.attributes
                0x000006ae       0x2c FreeRTOS-Kernel\libfreertos_kernel.a(queue.c.obj)
 .ARM.attributes
                0x000006da       0x22 C:\Users\ADMINI~1\AppData\Local\Temp\cc6k5KLl.o
 .ARM.attributes
                0x000006fc       0x1e c:/progra~2/gnuarm~1/102021~1.10/bin/../lib/gcc/arm-none-eabi/10.3.1/thumb/v6-m/nofp\libgcc.a(_dvmd_tls.o)
 .ARM.attributes
                0x0000071a       0x2c c:/progra~2/gnuarm~1/102021~1.10/bin/../lib/gcc/arm-none-eabi/10.3.1/../../../../arm-none-eabi/lib/thumb/v6-m/nofp\libg.a(lib_a-strlen-stub.o)

.comment        0x00000000       0x49
 .comment       0x00000000       0x49 CMakeFiles/FreeRTOS_Pico.dir/FreeRTOS_Pico.c.obj
                                 0x4a (size before relaxing)
 .comment       0x00000049       0x4a CMakeFiles/FreeRTOS_Pico.dir/G_/Raspberry_Pi/Pico_SDK_v1.5.1/pico-sdk/src/rp2_common/hardware_gpio/gpio.c.obj
 .comment       0x00000049       0x4a CMakeFiles/FreeRTOS_Pico.dir/G_/Raspberry_Pi/Pico_SDK_v1.5.1/pico-sdk/src/rp2_common/pico_platform/platform.c.obj
 .comment       0x00000049       0x4a CMakeFiles/FreeRTOS_Pico.dir/G_/Raspberry_Pi/Pico_SDK_v1.5.1/pico-sdk/src/rp2_common/hardware_claim/claim.c.obj
 .comment       0x00000049       0x4a CMakeFiles/FreeRTOS_Pico.dir/G_/Raspberry_Pi/Pico_SDK_v1.5.1/pico-sdk/src/rp2_common/hardware_sync/sync.c.obj
 .comment       0x00000049       0x4a CMakeFiles/FreeRTOS_Pico.dir/G_/Raspberry_Pi/Pico_SDK_v1.5.1/pico-sdk/src/rp2_common/hardware_irq/irq.c.obj
 .comment       0x00000049       0x4a CMakeFiles/FreeRTOS_Pico.dir/G_/Raspberry_Pi/Pico_SDK_v1.5.1/pico-sdk/src/common/pico_sync/lock_core.c.obj
 .comment       0x00000049       0x4a CMakeFiles/FreeRTOS_Pico.dir/G_/Raspberry_Pi/Pico_SDK_v1.5.1/pico-sdk/src/common/pico_sync/mutex.c.obj
 .comment       0x00000049       0x4a CMakeFiles/FreeRTOS_Pico.dir/G_/Raspberry_Pi/Pico_SDK_v1.5.1/pico-sdk/src/common/pico_time/time.c.obj
 .comment       0x00000049       0x4a CMakeFiles/FreeRTOS_Pico.dir/G_/Raspberry_Pi/Pico_SDK_v1.5.1/pico-sdk/src/rp2_common/hardware_timer/timer.c.obj
 .comment       0x00000049       0x4a CMakeFiles/FreeRTOS_Pico.dir/G_/Raspberry_Pi/Pico_SDK_v1.5.1/pico-sdk/src/common/pico_util/pheap.c.obj
 .comment       0x00000049       0x4a CMakeFiles/FreeRTOS_Pico.dir/G_/Raspberry_Pi/Pico_SDK_v1.5.1/pico-sdk/src/rp2_common/hardware_uart/uart.c.obj
 .comment       0x00000049       0x4a CMakeFiles/FreeRTOS_Pico.dir/G_/Raspberry_Pi/Pico_SDK_v1.5.1/pico-sdk/src/rp2_common/hardware_clocks/clocks.c.obj
 .comment       0x00000049       0x4a CMakeFiles/FreeRTOS_Pico.dir/G_/Raspberry_Pi/Pico_SDK_v1.5.1/pico-sdk/src/rp2_common/hardware_pll/pll.c.obj
 .comment       0x00000049       0x4a CMakeFiles/FreeRTOS_Pico.dir/G_/Raspberry_Pi/Pico_SDK_v1.5.1/pico-sdk/src/rp2_common/hardware_watchdog/watchdog.c.obj
 .comment       0x00000049       0x4a CMakeFiles/FreeRTOS_Pico.dir/G_/Raspberry_Pi/Pico_SDK_v1.5.1/pico-sdk/src/rp2_common/hardware_xosc/xosc.c.obj
 .comment       0x00000049       0x4a CMakeFiles/FreeRTOS_Pico.dir/G_/Raspberry_Pi/Pico_SDK_v1.5.1/pico-sdk/src/rp2_common/pico_runtime/runtime.c.obj
 .comment       0x00000049       0x4a CMakeFiles/FreeRTOS_Pico.dir/G_/Raspberry_Pi/Pico_SDK_v1.5.1/pico-sdk/src/rp2_common/pico_printf/printf.c.obj
 .comment       0x00000049       0x4a CMakeFiles/FreeRTOS_Pico.dir/G_/Raspberry_Pi/Pico_SDK_v1.5.1/pico-sdk/src/rp2_common/pico_bootrom/bootrom.c.obj
 .comment       0x00000049       0x4a CMakeFiles/FreeRTOS_Pico.dir/G_/Raspberry_Pi/Pico_SDK_v1.5.1/pico-sdk/src/rp2_common/pico_double/double_init_rom.c.obj
 .comment       0x00000049       0x4a CMakeFiles/FreeRTOS_Pico.dir/G_/Raspberry_Pi/Pico_SDK_v1.5.1/pico-sdk/src/rp2_common/pico_float/float_init_rom.c.obj
 .comment       0x00000049       0x4a CMakeFiles/FreeRTOS_Pico.dir/G_/Raspberry_Pi/Pico_SDK_v1.5.1/pico-sdk/src/rp2_common/pico_standard_link/binary_info.c.obj
 .comment       0x00000049       0x4a CMakeFiles/FreeRTOS_Pico.dir/G_/Raspberry_Pi/Pico_SDK_v1.5.1/pico-sdk/src/rp2_common/pico_stdio/stdio.c.obj
 .comment       0x00000049       0x4a CMakeFiles/FreeRTOS_Pico.dir/G_/Raspberry_Pi/Pico_SDK_v1.5.1/pico-sdk/src/rp2_common/pico_stdio_uart/stdio_uart.c.obj
 .comment       0x00000049       0x4a FreeRTOS-Kernel\libfreertos_kernel.a(tasks.c.obj)
 .comment       0x00000049       0x4a FreeRTOS-Kernel\libfreertos_kernel.a(timers.c.obj)
 .comment       0x00000049       0x4a FreeRTOS-Kernel\libfreertos_kernel.a(heap_4.c.obj)
 .comment       0x00000049       0x4a FreeRTOS-Kernel\libfreertos_kernel.a(port.c.obj)
 .comment       0x00000049       0x4a FreeRTOS-Kernel\libfreertos_kernel.a(exception.c.obj)
 .comment       0x00000049       0x4a FreeRTOS-Kernel\libfreertos_kernel.a(event_groups.c.obj)
 .comment       0x00000049       0x4a FreeRTOS-Kernel\libfreertos_kernel.a(list.c.obj)
 .comment       0x00000049       0x4a FreeRTOS-Kernel\libfreertos_kernel.a(queue.c.obj)

.debug_info     0x00000000    0x1e545
 .debug_info    0x00000000      0x83a CMakeFiles/FreeRTOS_Pico.dir/FreeRTOS_Pico.c.obj
 .debug_info    0x0000083a     0x187e CMakeFiles/FreeRTOS_Pico.dir/G_/Raspberry_Pi/Pico_SDK_v1.5.1/pico-sdk/src/rp2_common/hardware_gpio/gpio.c.obj
 .debug_info    0x000020b8      0x1e3 CMakeFiles/FreeRTOS_Pico.dir/G_/Raspberry_Pi/Pico_SDK_v1.5.1/pico-sdk/src/rp2_common/pico_platform/platform.c.obj